Archive member included to satisfy reference by file (symbol)

app/libapp.a(main.c.obj)      (--whole-archive)
zephyr/libzephyr.a(heap.c.obj)
                              (--whole-archive)
zephyr/libzephyr.a(cbprintf_packaged.c.obj)
                              (--whole-archive)
zephyr/libzephyr.a(printk.c.obj)
                              (--whole-archive)
zephyr/libzephyr.a(sem.c.obj)
                              (--whole-archive)
zephyr/libzephyr.a(thread_entry.c.obj)
                              (--whole-archive)
zephyr/libzephyr.a(cbprintf_complete.c.obj)
                              (--whole-archive)
zephyr/libzephyr.a(assert.c.obj)
                              (--whole-archive)
zephyr/libzephyr.a(dec.c.obj)
                              (--whole-archive)
zephyr/libzephyr.a(hex.c.obj)
                              (--whole-archive)
zephyr/libzephyr.a(rb.c.obj)  (--whole-archive)
zephyr/libzephyr.a(timeutil.c.obj)
                              (--whole-archive)
zephyr/libzephyr.a(bitarray.c.obj)
                              (--whole-archive)
zephyr/libzephyr.a(onoff.c.obj)
                              (--whole-archive)
zephyr/libzephyr.a(notify.c.obj)
                              (--whole-archive)
zephyr/libzephyr.a(last_section_id.c.obj)
                              (--whole-archive)
zephyr/libzephyr.a(configs.c.obj)
                              (--whole-archive)
zephyr/libzephyr.a(mem_attr.c.obj)
                              (--whole-archive)
zephyr/libzephyr.a(tracing_none.c.obj)
                              (--whole-archive)
zephyr/libzephyr.a(banner.c.obj)
                              (--whole-archive)
zephyr/libzephyr.a(flash_map_partition_manager.c.obj)
                              (--whole-archive)
zephyr/arch/common/libarch__common.a(sw_isr_common.c.obj)
                              (--whole-archive)
zephyr/arch/arch/arm/core/libarch__arm__core.a(fatal.c.obj)
                              (--whole-archive)
zephyr/arch/arch/arm/core/libarch__arm__core.a(nmi.c.obj)
                              (--whole-archive)
zephyr/arch/arch/arm/core/libarch__arm__core.a(nmi_on_reset.S.obj)
                              (--whole-archive)
zephyr/arch/arch/arm/core/libarch__arm__core.a(tls.c.obj)
                              (--whole-archive)
zephyr/arch/arch/arm/core/cortex_m/libarch__arm__core__cortex_m.a(exc_exit.c.obj)
                              (--whole-archive)
zephyr/arch/arch/arm/core/cortex_m/libarch__arm__core__cortex_m.a(fault.c.obj)
                              (--whole-archive)
zephyr/arch/arch/arm/core/cortex_m/libarch__arm__core__cortex_m.a(fault_s.S.obj)
                              (--whole-archive)
zephyr/arch/arch/arm/core/cortex_m/libarch__arm__core__cortex_m.a(fpu.c.obj)
                              (--whole-archive)
zephyr/arch/arch/arm/core/cortex_m/libarch__arm__core__cortex_m.a(reset.S.obj)
                              (--whole-archive)
zephyr/arch/arch/arm/core/cortex_m/libarch__arm__core__cortex_m.a(scb.c.obj)
                              (--whole-archive)
zephyr/arch/arch/arm/core/cortex_m/libarch__arm__core__cortex_m.a(thread_abort.c.obj)
                              (--whole-archive)
zephyr/arch/arch/arm/core/cortex_m/libarch__arm__core__cortex_m.a(vector_table.S.obj)
                              (--whole-archive)
zephyr/arch/arch/arm/core/cortex_m/libarch__arm__core__cortex_m.a(swap_helper.S.obj)
                              (--whole-archive)
zephyr/arch/arch/arm/core/cortex_m/libarch__arm__core__cortex_m.a(irq_manage.c.obj)
                              (--whole-archive)
zephyr/arch/arch/arm/core/cortex_m/libarch__arm__core__cortex_m.a(prep_c.c.obj)
                              (--whole-archive)
zephyr/arch/arch/arm/core/cortex_m/libarch__arm__core__cortex_m.a(thread.c.obj)
                              (--whole-archive)
zephyr/arch/arch/arm/core/cortex_m/libarch__arm__core__cortex_m.a(cpu_idle.c.obj)
                              (--whole-archive)
zephyr/arch/arch/arm/core/cortex_m/libarch__arm__core__cortex_m.a(irq_init.c.obj)
                              (--whole-archive)
zephyr/arch/arch/arm/core/cortex_m/libarch__arm__core__cortex_m.a(isr_wrapper.c.obj)
                              (--whole-archive)
zephyr/arch/arch/arm/core/cortex_m/libarch__arm__core__cortex_m.a(__aeabi_read_tp.S.obj)
                              (--whole-archive)
zephyr/arch/arch/arm/core/cortex_m/cmse/libarch__arm__core__cortex_m__cmse.a(arm_core_cmse.c.obj)
                              (--whole-archive)
zephyr/arch/arch/arm/core/mpu/libarch__arm__core__mpu.a(arm_core_mpu.c.obj)
                              (--whole-archive)
zephyr/arch/arch/arm/core/mpu/libarch__arm__core__mpu.a(arm_mpu.c.obj)
                              (--whole-archive)
zephyr/arch/arch/arm/core/mpu/libarch__arm__core__mpu.a(arm_mpu_regions.c.obj)
                              (--whole-archive)
zephyr/lib/libc/picolibc/liblib__libc__picolibc.a(assert.c.obj)
[...]
Memory Configuration

Name             Origin             Length             Attributes
FLASH            0x0000000000048000 0x000000000011d000 xr
RAM              0x0000000020013000 0x000000000001c000 xw
IDT_LIST         0x00000000ffff7fff 0x0000000000008000 xw
*default*        0x0000000000000000 0xffffffffffffffff

Linker script and memory map

                0x000000000004bfb8                vfprintf = __l_vfprintf
                0x0000000000000000                vfscanf = __l_vfscanf
LOAD zephyr/CMakeFiles/zephyr_final.dir/misc/empty_file.c.obj
LOAD zephyr/CMakeFiles/zephyr_final.dir/isr_tables.c.obj
LOAD zephyr/CMakeFiles/offsets.dir/./arch/arm/core/offsets/offsets.c.obj
LOAD tfm/api_ns/interface/lib/s_veneers.o
LOAD app/libapp.a
LOAD zephyr/libzephyr.a
LOAD zephyr/arch/common/libarch__common.a
LOAD zephyr/arch/arch/arm/core/libarch__arm__core.a
LOAD zephyr/arch/arch/arm/core/cortex_m/libarch__arm__core__cortex_m.a
LOAD zephyr/arch/arch/arm/core/cortex_m/cmse/libarch__arm__core__cortex_m__cmse.a
LOAD zephyr/arch/arch/arm/core/mpu/libarch__arm__core__mpu.a
LOAD zephyr/lib/libc/picolibc/liblib__libc__picolibc.a
LOAD zephyr/lib/libc/common/liblib__libc__common.a
LOAD zephyr/soc/soc/nrf54l15/libsoc__nordic.a
LOAD zephyr/drivers/clock_control/libdrivers__clock_control.a
LOAD zephyr/drivers/console/libdrivers__console.a
LOAD zephyr/drivers/gpio/libdrivers__gpio.a
LOAD zephyr/drivers/pinctrl/libdrivers__pinctrl.a
LOAD zephyr/drivers/serial/libdrivers__serial.a
LOAD zephyr/drivers/timer/libdrivers__timer.a
LOAD modules/nrf/subsys/nrf_security/src/zephyr/libmbedtls_zephyr.a
LOAD modules/nrf/modules/trusted-firmware-m/lib..__nrf__modules__trusted-firmware-m.a
LOAD modules/nrf/modules/trusted-firmware-m/libtfm_api_nrf.a
LOAD modules/trusted-firmware-m/libtfm_api.a
LOAD modules/hal_nordic/modules/hal_nordic/nrfx/libmodules__hal_nordic__nrfx.a
LOAD zephyr/kernel/libkernel.a
LOAD zephyr/arch/common/libisr_tables.a
LOAD modules/nrf/subsys/nrf_security/src/libmbedcrypto.a
LOAD modules/nrf/subsys/nrf_security/src/libmbedcrypto_base.a
LOAD modules/nrf/subsys/nrf_security/src/libnrf_security_utils.a
LOAD zephyr/kernel/libkernel.a
LOAD C:/ncs/v3.0.2/nrfxlib/crypto/nrf_oberon/lib/cortex-m33/soft-float/liboberon_mbedtls_3.0.16.a
LOAD C:/ncs/v3.0.2/nrfxlib/crypto/nrf_oberon/lib/cortex-m33/soft-float/liboberon_3.0.16.a
LOAD c:\ncs\toolchains\0b393f9e1b\opt\zephyr-sdk\arm-zephyr-eabi\bin\../lib/gcc/../../picolibc/arm-zephyr-eabi/lib/thumb/v8-m.main/nofp\libc.a
LOAD c:/ncs/toolchains/0b393f9e1b/opt/zephyr-sdk/arm-zephyr-eabi/bin/../lib/gcc/arm-zephyr-eabi/12.2.0/thumb/v8-m.main/nofp\libgcc.a
                0x0000000000000020                _region_min_align = 0x20

.rel.plt        0x0000000000048000        0x0
 *(SORT_BY_ALIGNMENT(.rel.plt))
                [!provide]                        PROVIDE (__rel_iplt_start = .)
 *(SORT_BY_ALIGNMENT(.rel.iplt))
 .rel.iplt      0x0000000000048000        0x0 zephyr/CMakeFiles/zephyr_final.dir/isr_tables.c.obj
                [!provide]                        PROVIDE (__rel_iplt_end = .)

.rela.plt       0x0000000000000000        0x0
 *(SORT_BY_ALIGNMENT(.rela.plt))
                [!provide]                        PROVIDE (__rela_iplt_start = .)
 *(SORT_BY_ALIGNMENT(.rela.iplt))
                [!provide]                        PROVIDE (__rela_iplt_end = .)

.rel.dyn
 *(SORT_BY_ALIGNMENT(.rel.*))

.rela.dyn
 *(SORT_BY_ALIGNMENT(.rela.*))

/DISCARD/
 *(SORT_BY_ALIGNMENT(.plt))

/DISCARD/
 *(SORT_BY_ALIGNMENT(.iplt))
                0x0000000000048000                __rom_region_start = 0x48000

rom_start       0x0000000000048000      0x47c
                0x0000000000048000                __rom_start_address = .
 FILL mask 0x00
                0x0000000000048000                . = (. + (0x0 - (. - __rom_start_address)))
                0x0000000000048000                . = ALIGN (0x4)
                0x0000000000048000                . = ALIGN (0x80)
                0x0000000000048000                . = ALIGN (0x800)
                0x0000000000048000                _vector_start = .
 *(SORT_BY_ALIGNMENT(.exc_vector_table))
 *(SORT_BY_ALIGNMENT(.exc_vector_table.*))
 .exc_vector_table._vector_table_section
                0x0000000000048000       0x40 zephyr/arch/arch/arm/core/cortex_m/libarch__arm__core__cortex_m.a(vector_table.S.obj)
                0x0000000000048000                _vector_table
 *(SORT_BY_ALIGNMENT(.vectors))
                0x000000000004847c                _vector_end = .
                0x0000000000048040                . = ALIGN (0x4)
 *(SORT_BY_ALIGNMENT(.gnu.linkonce.irq_vector_table*))
 .gnu.linkonce.irq_vector_table
                0x0000000000048040      0x43c zephyr/CMakeFiles/zephyr_final.dir/isr_tables.c.obj
                0x0000000000048040                _irq_vector_table
                0x000000000004847c                _vector_end = .

text            0x000000000004847c     0x4cd8
                0x000000000004847c                __text_region_start = .
 *(SORT_BY_ALIGNMENT(.text))
 .text          0x000000000004847c       0x30 c:/ncs/toolchains/0b393f9e1b/opt/zephyr-sdk/arm-zephyr-eabi/bin/../lib/gcc/arm-zephyr-eabi/12.2.0/thumb/v8-m.main/nofp\libgcc.a(_aeabi_uldivmod.o)
                0x000000000004847c                __aeabi_uldivmod
 .text          0x00000000000484ac        0x4 c:/ncs/toolchains/0b393f9e1b/opt/zephyr-sdk/arm-zephyr-eabi/bin/../lib/gcc/arm-zephyr-eabi/12.2.0/thumb/v8-m.main/nofp\libgcc.a(_dvmd_tls.o)
                0x00000000000484ac                __aeabi_idiv0
                0x00000000000484ac                __aeabi_ldiv0
 .text          0x00000000000484b0      0x29c c:/ncs/toolchains/0b393f9e1b/opt/zephyr-sdk/arm-zephyr-eabi/bin/../lib/gcc/arm-zephyr-eabi/12.2.0/thumb/v8-m.main/nofp\libgcc.a(_udivmoddi4.o)
                0x00000000000484b0                __udivmoddi4
 *(SORT_BY_ALIGNMENT(.text.*))
 .text.main     0x000000000004874c       0xc4 app/libapp.a(main.c.obj)
                0x000000000004874c                main
 .text.char_out
                0x0000000000048810        0xc zephyr/libzephyr.a(printk.c.obj)
 .text.__printk_hook_install
                0x000000000004881c        0xc zephyr/libzephyr.a(printk.c.obj)
                0x000000000004881c                __printk_hook_install
 .text.vprintk  0x0000000000048828       0x30 zephyr/libzephyr.a(printk.c.obj)
                0x0000000000048828                vprintk
 .text.z_thread_entry
                0x0000000000048858       0x34 zephyr/libzephyr.a(thread_entry.c.obj)
                0x0000000000048858                z_thread_entry
 .text.process_event
                0x000000000004888c      0x21c zephyr/libzephyr.a(onoff.c.obj)
 .text.mem_attr_get_regions
                0x0000000000048aa8        0xc zephyr/libzephyr.a(mem_attr.c.obj)
                0x0000000000048aa8                mem_attr_get_regions
 .text.boot_banner
                0x0000000000048ab4       0x1c zephyr/libzephyr.a(banner.c.obj)
                0x0000000000048ab4                boot_banner
 .text.z_SysNmiOnReset
                0x0000000000048ad0        0x8 zephyr/arch/arch/arm/core/libarch__arm__core.a(nmi_on_reset.S.obj)
                0x0000000000048ad0                z_SysNmiOnReset
 .text.arch_tls_stack_setup
                0x0000000000048ad8       0x40 zephyr/arch/arch/arm/core/libarch__arm__core.a(tls.c.obj)
                0x0000000000048ad8                arch_tls_stack_setup
 .text._HandlerModeExit
                0x0000000000048b18       0x28 zephyr/arch/arch/arm/core/cortex_m/libarch__arm__core__cortex_m.a(exc_exit.c.obj)
                0x0000000000048b18                z_arm_int_exit
                0x0000000000048b18                z_arm_exc_exit
 .text.usage_fault.constprop.0
                0x0000000000048b40       0x5c zephyr/arch/arch/arm/core/cortex_m/libarch__arm__core__cortex_m.a(fault.c.obj)
 .text.bus_fault.constprop.0
                0x0000000000048b9c       0x6c zephyr/arch/arch/arm/core/cortex_m/libarch__arm__core__cortex_m.a(fault.c.obj)
 .text.mem_manage_fault.constprop.0
                0x0000000000048c08       0x78 zephyr/arch/arch/arm/core/cortex_m/libarch__arm__core__cortex_m.a(fault.c.obj)
 .text.z_arm_fault
                0x0000000000048c80      0x130 zephyr/arch/arch/arm/core/cortex_m/libarch__arm__core__cortex_m.a(fault.c.obj)
                0x0000000000048c80                z_arm_fault
 .text.z_arm_fault_init
                0x0000000000048db0       0x20 zephyr/arch/arch/arm/core/cortex_m/libarch__arm__core__cortex_m.a(fault.c.obj)
                0x0000000000048db0                z_arm_fault_init
 .text.__fault  0x0000000000048dd0       0x14 zephyr/arch/arch/arm/core/cortex_m/libarch__arm__core__cortex_m.a(fault_s.S.obj)
                0x0000000000048dd0                z_arm_usage_fault
                0x0000000000048dd0                z_arm_mpu_fault
                0x0000000000048dd0                z_arm_exc_spurious
                0x0000000000048dd0                z_arm_debug_monitor
                0x0000000000048dd0                z_arm_hard_fault
                0x0000000000048dd0                z_arm_bus_fault
 .text._reset_section
                0x0000000000048de4       0x60 zephyr/arch/arch/arm/core/cortex_m/libarch__arm__core__cortex_m.a(reset.S.obj)
                0x0000000000048de4                __start
                0x0000000000048de4                z_arm_reset
 .text.z_arm_clear_arm_mpu_config
                0x0000000000048e44       0x24 zephyr/arch/arch/arm/core/cortex_m/libarch__arm__core__cortex_m.a(scb.c.obj)
                0x0000000000048e44                z_arm_clear_arm_mpu_config
 .text.z_arm_init_arch_hw_at_boot
                0x0000000000048e68       0x4c zephyr/arch/arch/arm/core/cortex_m/libarch__arm__core__cortex_m.a(scb.c.obj)
                0x0000000000048e68                z_arm_init_arch_hw_at_boot
 .text.z_impl_k_thread_abort
                0x0000000000048eb4       0x2c zephyr/arch/arch/arm/core/cortex_m/libarch__arm__core__cortex_m.a(thread_abort.c.obj)
                0x0000000000048eb4                z_impl_k_thread_abort
 .text.z_arm_pendsv
                0x0000000000048ee0       0x74 zephyr/arch/arch/arm/core/cortex_m/libarch__arm__core__cortex_m.a(swap_helper.S.obj)
                0x0000000000048ee0                z_arm_pendsv
 .text.z_arm_svc
                0x0000000000048f54       0x24 zephyr/arch/arch/arm/core/cortex_m/libarch__arm__core__cortex_m.a(swap_helper.S.obj)
                0x0000000000048f54                z_arm_svc
 .text.arch_irq_enable
                0x0000000000048f78       0x1c zephyr/arch/arch/arm/core/cortex_m/libarch__arm__core__cortex_m.a(irq_manage.c.obj)
                0x0000000000048f78                arch_irq_enable
 .text.arch_irq_is_enabled
                0x0000000000048f94       0x1c zephyr/arch/arch/arm/core/cortex_m/libarch__arm__core__cortex_m.a(irq_manage.c.obj)
                0x0000000000048f94                arch_irq_is_enabled
 .text.z_arm_irq_priority_set
                0x0000000000048fb0       0x2c zephyr/arch/arch/arm/core/cortex_m/libarch__arm__core__cortex_m.a(irq_manage.c.obj)
                0x0000000000048fb0                z_arm_irq_priority_set
 .text.z_prep_c
                0x0000000000048fdc       0x38 zephyr/arch/arch/arm/core/cortex_m/libarch__arm__core__cortex_m.a(prep_c.c.obj)
                0x0000000000048fdc                z_prep_c
 .text.arch_new_thread
                0x0000000000049014       0x40 zephyr/arch/arch/arm/core/cortex_m/libarch__arm__core__cortex_m.a(thread.c.obj)
                0x0000000000049014                arch_new_thread
 .text.arch_switch_to_main_thread
                0x0000000000049054       0x40 zephyr/arch/arch/arm/core/cortex_m/libarch__arm__core__cortex_m.a(thread.c.obj)
                0x0000000000049054                arch_switch_to_main_thread
 .text.z_arm_cpu_idle_init
                0x0000000000049094        0xc zephyr/arch/arch/arm/core/cortex_m/libarch__arm__core__cortex_m.a(cpu_idle.c.obj)
                0x0000000000049094                z_arm_cpu_idle_init
 .text.z_arm_interrupt_init
                0x00000000000490a0       0x20 zephyr/arch/arch/arm/core/cortex_m/libarch__arm__core__cortex_m.a(irq_init.c.obj)
                0x00000000000490a0                z_arm_interrupt_init
 .text._isr_wrapper
                0x00000000000490c0       0x24 zephyr/arch/arch/arm/core/cortex_m/libarch__arm__core__cortex_m.a(isr_wrapper.c.obj)
                0x00000000000490c0                _isr_wrapper
 .text.z_arm_configure_static_mpu_regions
                0x00000000000490e4       0x38 zephyr/arch/arch/arm/core/mpu/libarch__arm__core__mpu.a(arm_core_mpu.c.obj)
                0x00000000000490e4                z_arm_configure_static_mpu_regions
 .text.region_init
                0x000000000004911c       0x34 zephyr/arch/arch/arm/core/mpu/libarch__arm__core__mpu.a(arm_mpu.c.obj)
 .text.region_allocate_and_init
                0x0000000000049150       0x24 zephyr/arch/arch/arm/core/mpu/libarch__arm__core__mpu.a(arm_mpu.c.obj)
 .text.mpu_configure_regions_and_partition.constprop.0
                0x0000000000049174      0x148 zephyr/arch/arch/arm/core/mpu/libarch__arm__core__mpu.a(arm_mpu.c.obj)
 .text.arm_core_mpu_enable
                0x00000000000492bc       0x18 zephyr/arch/arch/arm/core/mpu/libarch__arm__core__mpu.a(arm_mpu.c.obj)
                0x00000000000492bc                arm_core_mpu_enable
 .text.arm_core_mpu_disable
                0x00000000000492d4       0x14 zephyr/arch/arch/arm/core/mpu/libarch__arm__core__mpu.a(arm_mpu.c.obj)
                0x00000000000492d4                arm_core_mpu_disable
 .text.arm_core_mpu_configure_static_mpu_regions
                0x00000000000492e8       0x14 zephyr/arch/arch/arm/core/mpu/libarch__arm__core__mpu.a(arm_mpu.c.obj)
                0x00000000000492e8                arm_core_mpu_configure_static_mpu_regions
 .text.arm_core_mpu_mark_areas_for_dynamic_regions
                0x00000000000492fc       0xb8 zephyr/arch/arch/arm/core/mpu/libarch__arm__core__mpu.a(arm_mpu.c.obj)
                0x00000000000492fc                arm_core_mpu_mark_areas_for_dynamic_regions
 .text.z_arm_mpu_init
                0x00000000000493b4      0x11c zephyr/arch/arch/arm/core/mpu/libarch__arm__core__mpu.a(arm_mpu.c.obj)
                0x00000000000493b4                z_arm_mpu_init
 .text.z_impl_zephyr_fputc
                0x00000000000494d0       0x10 zephyr/lib/libc/picolibc/liblib__libc__picolibc.a(stdio.c.obj)
                0x00000000000494d0                z_impl_zephyr_fputc
 .text.__stdout_hook_install
                0x00000000000494e0       0x18 zephyr/lib/libc/picolibc/liblib__libc__picolibc.a(stdio.c.obj)
                0x00000000000494e0                __stdout_hook_install
 .text.malloc_prepare
                0x00000000000494f8       0x24 zephyr/lib/libc/common/liblib__libc__common.a(malloc.c.obj)
 .text.nordicsemi_nrf54l_init
                0x000000000004951c       0x14 zephyr/soc/soc/nrf54l15/libsoc__nordic.a(soc.c.obj)
                0x000000000004951c                nordicsemi_nrf54l_init
 .text.arch_busy_wait
                0x0000000000049530       0x24 zephyr/soc/soc/nrf54l15/libsoc__nordic.a(soc.c.obj)
                0x0000000000049530                arch_busy_wait
 .text.onoff_stop
                0x0000000000049554       0x30 zephyr/drivers/clock_control/libdrivers__clock_control.a(clock_control_nrf.c.obj)
 .text.onoff_start
                0x0000000000049584       0x44 zephyr/drivers/clock_control/libdrivers__clock_control.a(clock_control_nrf.c.obj)
 .text.generic_hfclk_stop
                0x00000000000495c8       0x34 zephyr/drivers/clock_control/libdrivers__clock_control.a(clock_control_nrf.c.obj)
 .text.clk_init
                0x00000000000495fc       0x5c zephyr/drivers/clock_control/libdrivers__clock_control.a(clock_control_nrf.c.obj)
 .text.api_blocking_start
                0x0000000000049658       0x34 zephyr/drivers/clock_control/libdrivers__clock_control.a(clock_control_nrf.c.obj)
 .text.clkstarted_handle.constprop.0
                0x000000000004968c       0x4c zephyr/drivers/clock_control/libdrivers__clock_control.a(clock_control_nrf.c.obj)
 .text.generic_hfclk_start
                0x00000000000496d8       0x78 zephyr/drivers/clock_control/libdrivers__clock_control.a(clock_control_nrf.c.obj)
 .text.z_nrf_clock_control_lf_on
                0x0000000000049750       0xf4 zephyr/drivers/clock_control/libdrivers__clock_control.a(clock_control_nrf.c.obj)
                0x0000000000049750                z_nrf_clock_control_lf_on
 .text.uart_console_init
                0x0000000000049844       0x28 zephyr/drivers/console/libdrivers__console.a(uart_console.c.obj)
 .text.console_out
                0x000000000004986c       0x28 zephyr/drivers/console/libdrivers__console.a(uart_console.c.obj)
 .text.gpio_nrfx_init
                0x0000000000049894       0x54 zephyr/drivers/gpio/libdrivers__gpio.a(gpio_nrfx.c.obj)
 .text.gpio_nrfx_pin_configure
                0x00000000000498e8      0x184 zephyr/drivers/gpio/libdrivers__gpio.a(gpio_nrfx.c.obj)
 .text.nrfx_gpio_handler
                0x0000000000049a6c       0x58 zephyr/drivers/gpio/libdrivers__gpio.a(gpio_nrfx.c.obj)
 .text.gpio_nrfx_pin_interrupt_configure
                0x0000000000049ac4       0xfc zephyr/drivers/gpio/libdrivers__gpio.a(gpio_nrfx.c.obj)
 .text.nrf_gpio_pin_port_decode
                0x0000000000049bc0       0x20 zephyr/drivers/pinctrl/libdrivers__pinctrl.a(pinctrl_nrf.c.obj)
 .text.pinctrl_configure_pins
                0x0000000000049be0      0x154 zephyr/drivers/pinctrl/libdrivers__pinctrl.a(pinctrl_nrf.c.obj)
                0x0000000000049be0                pinctrl_configure_pins
 .text.uarte_nrfx_poll_out
                0x0000000000049d34       0xb4 zephyr/drivers/serial/libdrivers__serial.a(uart_nrfx_uarte.c.obj)
 .text.sys_clock_timeout_handler
                0x0000000000049de8       0x48 zephyr/drivers/timer/libdrivers__timer.a(nrf_grtc_timer.c.obj)
 .text.sys_clock_driver_init
                0x0000000000049e30       0x6c zephyr/drivers/timer/libdrivers__timer.a(nrf_grtc_timer.c.obj)
 .text.sys_clock_elapsed
                0x0000000000049e9c       0x2c zephyr/drivers/timer/libdrivers__timer.a(nrf_grtc_timer.c.obj)
                0x0000000000049e9c                sys_clock_elapsed
 .text.sys_clock_set_timeout
                0x0000000000049ec8       0x5c zephyr/drivers/timer/libdrivers__timer.a(nrf_grtc_timer.c.obj)
                0x0000000000049ec8                sys_clock_set_timeout
 .text.ns_fault_init
                0x0000000000049f24       0x10 modules/nrf/modules/trusted-firmware-m/lib..__nrf__modules__trusted-firmware-m.a(fault.c.obj)
 .text.arm_fault
                0x0000000000049f34       0xbc modules/nrf/modules/trusted-firmware-m/lib..__nrf__modules__trusted-firmware-m.a(fault.c.obj)
                0x0000000000049f34                arm_fault
 .text.tfm_ns_fault_handler_callback
                0x0000000000049ff0       0x48 modules/nrf/modules/trusted-firmware-m/lib..__nrf__modules__trusted-firmware-m.a(fault.c.obj)
                0x0000000000049ff0                tfm_ns_fault_handler_callback
 .text.tfm_ns_interface_dispatch
                0x000000000004a038       0x64 modules/trusted-firmware-m/libtfm_api.a(interface.c.obj)
                0x000000000004a038                tfm_ns_interface_dispatch
 .text.tfm_platform_ioctl
                0x000000000004a09c       0x4c modules/trusted-firmware-m/libtfm_api.a(tfm_platform_api.c.obj)
                0x000000000004a09c                tfm_platform_ioctl
 .text.psa_call
                0x000000000004a0e8       0x34 modules/trusted-firmware-m/libtfm_api.a(tfm_tz_psa_ns_api.c.obj)
                0x000000000004a0e8                psa_call
 .text.SystemInit
                0x000000000004a11c       0x14 modules/hal_nordic/modules/hal_nordic/nrfx/libmodules__hal_nordic__nrfx.a(system_nrf54l.c.obj)
                0x000000000004a11c                SystemInit
 .text.nrfx_flag32_alloc
                0x000000000004a130       0x40 modules/hal_nordic/modules/hal_nordic/nrfx/libmodules__hal_nordic__nrfx.a(nrfx_flag32_allocator.c.obj)
                0x000000000004a130                nrfx_flag32_alloc
 .text.nrfx_flag32_free
                0x000000000004a170       0x38 modules/hal_nordic/modules/hal_nordic/nrfx/libmodules__hal_nordic__nrfx.a(nrfx_flag32_allocator.c.obj)
                0x000000000004a170                nrfx_flag32_free
 .text.clock_stop
                0x000000000004a1a8       0xd8 modules/hal_nordic/modules/hal_nordic/nrfx/libmodules__hal_nordic__nrfx.a(nrfx_clock.c.obj)
 .text.nrfx_clock_init
                0x000000000004a280       0x20 modules/hal_nordic/modules/hal_nordic/nrfx/libmodules__hal_nordic__nrfx.a(nrfx_clock.c.obj)
                0x000000000004a280                nrfx_clock_init
 .text.nrfx_clock_enable
                0x000000000004a2a0       0x2c modules/hal_nordic/modules/hal_nordic/nrfx/libmodules__hal_nordic__nrfx.a(nrfx_clock.c.obj)
                0x000000000004a2a0                nrfx_clock_enable
 .text.nrfx_clock_start
                0x000000000004a2cc       0xe0 modules/hal_nordic/modules/hal_nordic/nrfx/libmodules__hal_nordic__nrfx.a(nrfx_clock.c.obj)
                0x000000000004a2cc                nrfx_clock_start
 .text.nrfx_power_clock_irq_handler
                0x000000000004a3ac       0x84 modules/hal_nordic/modules/hal_nordic/nrfx/libmodules__hal_nordic__nrfx.a(nrfx_clock.c.obj)
                0x000000000004a3ac                nrfx_power_clock_irq_handler
 .text.nrf_gpio_pin_port_decode
                0x000000000004a430       0x20 modules/hal_nordic/modules/hal_nordic/nrfx/libmodules__hal_nordic__nrfx.a(nrfx_gpiote.c.obj)
 .text.get_pin_idx
                0x000000000004a450       0x14 modules/hal_nordic/modules/hal_nordic/nrfx/libmodules__hal_nordic__nrfx.a(nrfx_gpiote.c.obj)
 .text.release_handler
                0x000000000004a464       0x70 modules/hal_nordic/modules/hal_nordic/nrfx/libmodules__hal_nordic__nrfx.a(nrfx_gpiote.c.obj)
 .text.latch_pending_read_and_check
                0x000000000004a4d4       0x58 modules/hal_nordic/modules/hal_nordic/nrfx/libmodules__hal_nordic__nrfx.a(nrfx_gpiote.c.obj)
 .text.pin_te_get.isra.0
                0x000000000004a52c       0x20 modules/hal_nordic/modules/hal_nordic/nrfx/libmodules__hal_nordic__nrfx.a(nrfx_gpiote.c.obj)
 .text.pin_is_output.isra.0
                0x000000000004a54c       0x24 modules/hal_nordic/modules/hal_nordic/nrfx/libmodules__hal_nordic__nrfx.a(nrfx_gpiote.c.obj)
 .text.pin_in_use_by_te.isra.0
                0x000000000004a570       0x24 modules/hal_nordic/modules/hal_nordic/nrfx/libmodules__hal_nordic__nrfx.a(nrfx_gpiote.c.obj)
 .text.irq_handler
                0x000000000004a594      0x1a8 modules/hal_nordic/modules/hal_nordic/nrfx/libmodules__hal_nordic__nrfx.a(nrfx_gpiote.c.obj)
 .text.pin_uninit
                0x000000000004a73c       0xa4 modules/hal_nordic/modules/hal_nordic/nrfx/libmodules__hal_nordic__nrfx.a(nrfx_gpiote.c.obj)
 .text.nrfx_gpiote_input_configure
                0x000000000004a7e0      0x1ec modules/hal_nordic/modules/hal_nordic/nrfx/libmodules__hal_nordic__nrfx.a(nrfx_gpiote.c.obj)
                0x000000000004a7e0                nrfx_gpiote_input_configure
 .text.nrfx_gpiote_output_configure
                0x000000000004a9cc      0x128 modules/hal_nordic/modules/hal_nordic/nrfx/libmodules__hal_nordic__nrfx.a(nrfx_gpiote.c.obj)
                0x000000000004a9cc                nrfx_gpiote_output_configure
 .text.nrfx_gpiote_global_callback_set
                0x000000000004aaf4       0x1c modules/hal_nordic/modules/hal_nordic/nrfx/libmodules__hal_nordic__nrfx.a(nrfx_gpiote.c.obj)
                0x000000000004aaf4                nrfx_gpiote_global_callback_set
 .text.nrfx_gpiote_channel_get
                0x000000000004ab10       0x3c modules/hal_nordic/modules/hal_nordic/nrfx/libmodules__hal_nordic__nrfx.a(nrfx_gpiote.c.obj)
                0x000000000004ab10                nrfx_gpiote_channel_get
 .text.nrfx_gpiote_init
                0x000000000004ab4c       0x78 modules/hal_nordic/modules/hal_nordic/nrfx/libmodules__hal_nordic__nrfx.a(nrfx_gpiote.c.obj)
                0x000000000004ab4c                nrfx_gpiote_init
 .text.nrfx_gpiote_init_check
                0x000000000004abc4       0x1c modules/hal_nordic/modules/hal_nordic/nrfx/libmodules__hal_nordic__nrfx.a(nrfx_gpiote.c.obj)
                0x000000000004abc4                nrfx_gpiote_init_check
 .text.nrfx_gpiote_channel_free
                0x000000000004abe0       0x18 modules/hal_nordic/modules/hal_nordic/nrfx/libmodules__hal_nordic__nrfx.a(nrfx_gpiote.c.obj)
                0x000000000004abe0                nrfx_gpiote_channel_free
 .text.nrfx_gpiote_channel_alloc
                0x000000000004abf8       0x18 modules/hal_nordic/modules/hal_nordic/nrfx/libmodules__hal_nordic__nrfx.a(nrfx_gpiote.c.obj)
                0x000000000004abf8                nrfx_gpiote_channel_alloc
 .text.nrfx_gpiote_trigger_enable
                0x000000000004ac10       0xb8 modules/hal_nordic/modules/hal_nordic/nrfx/libmodules__hal_nordic__nrfx.a(nrfx_gpiote.c.obj)
                0x000000000004ac10                nrfx_gpiote_trigger_enable
 .text.nrfx_gpiote_20_irq_handler
                0x000000000004acc8       0x10 modules/hal_nordic/modules/hal_nordic/nrfx/libmodules__hal_nordic__nrfx.a(nrfx_gpiote.c.obj)
                0x000000000004acc8                nrfx_gpiote_20_irq_handler
 .text.nrfx_gpiote_30_irq_handler
                0x000000000004acd8       0x10 modules/hal_nordic/modules/hal_nordic/nrfx/libmodules__hal_nordic__nrfx.a(nrfx_gpiote.c.obj)
                0x000000000004acd8                nrfx_gpiote_30_irq_handler
 .text.cc_channel_prepare
                0x000000000004ace8       0x5c modules/hal_nordic/modules/hal_nordic/nrfx/libmodules__hal_nordic__nrfx.a(nrfx_grtc.c.obj)
 .text.sleep_configure
                0x000000000004ad44       0x24 modules/hal_nordic/modules/hal_nordic/nrfx/libmodules__hal_nordic__nrfx.a(nrfx_grtc.c.obj)
 .text.syscounter_check
                0x000000000004ad68       0x38 modules/hal_nordic/modules/hal_nordic/nrfx/libmodules__hal_nordic__nrfx.a(nrfx_grtc.c.obj)
 .text.nrfx_grtc_syscounter_get
                0x000000000004ada0       0x64 modules/hal_nordic/modules/hal_nordic/nrfx/libmodules__hal_nordic__nrfx.a(nrfx_grtc.c.obj)
                0x000000000004ada0                nrfx_grtc_syscounter_get
 .text.nrfx_grtc_init
                0x000000000004ae04      0x11c modules/hal_nordic/modules/hal_nordic/nrfx/libmodules__hal_nordic__nrfx.a(nrfx_grtc.c.obj)
                0x000000000004ae04                nrfx_grtc_init
 .text.nrfx_grtc_syscounter_start
                0x000000000004af20       0xc8 modules/hal_nordic/modules/hal_nordic/nrfx/libmodules__hal_nordic__nrfx.a(nrfx_grtc.c.obj)
                0x000000000004af20                nrfx_grtc_syscounter_start
 .text.nrfx_grtc_syscounter_cc_absolute_set
                0x000000000004afe8       0x84 modules/hal_nordic/modules/hal_nordic/nrfx/libmodules__hal_nordic__nrfx.a(nrfx_grtc.c.obj)
                0x000000000004afe8                nrfx_grtc_syscounter_cc_absolute_set
 .text.nrfx_grtc_irq_handler
                0x000000000004b06c       0xa0 modules/hal_nordic/modules/hal_nordic/nrfx/libmodules__hal_nordic__nrfx.a(nrfx_grtc.c.obj)
                0x000000000004b06c                nrfx_grtc_irq_handler
 .text.z_fatal_error
                0x000000000004b10c       0x30 zephyr/kernel/libkernel.a(fatal.c.obj)
                0x000000000004b10c                z_fatal_error
 .text.z_sys_init_run_level
                0x000000000004b13c       0x2c zephyr/kernel/libkernel.a(init.c.obj)
 .text.bg_thread_main
                0x000000000004b168       0xc4 zephyr/kernel/libkernel.a(init.c.obj)
 .text.z_bss_zero
                0x000000000004b22c       0x18 zephyr/kernel/libkernel.a(init.c.obj)
                0x000000000004b22c                z_bss_zero
 .text.z_init_cpu
                0x000000000004b244       0x68 zephyr/kernel/libkernel.a(init.c.obj)
                0x000000000004b244                z_init_cpu
 .text.z_cstart
                0x000000000004b2ac       0xd8 zephyr/kernel/libkernel.a(init.c.obj)
                0x000000000004b2ac                z_cstart
 .text.z_impl_k_mutex_lock
                0x000000000004b384       0xf0 zephyr/kernel/libkernel.a(mutex.c.obj)
                0x000000000004b384                z_impl_k_mutex_lock
 .text.z_impl_k_mutex_unlock
                0x000000000004b474       0xa0 zephyr/kernel/libkernel.a(mutex.c.obj)
                0x000000000004b474                z_impl_k_mutex_unlock
 .text.z_impl_k_sem_give
                0x000000000004b514       0x68 zephyr/kernel/libkernel.a(sem.c.obj)
                0x000000000004b514                z_impl_k_sem_give
 .text.z_impl_k_sem_take
                0x000000000004b57c       0x4c zephyr/kernel/libkernel.a(sem.c.obj)
                0x000000000004b57c                z_impl_k_sem_take
 .text.z_setup_new_thread
                0x000000000004b5c8       0x80 zephyr/kernel/libkernel.a(thread.c.obj)
                0x000000000004b5c8                z_setup_new_thread
 .text.z_swap_irqlock
                0x000000000004b648       0x34 zephyr/kernel/libkernel.a(sched.c.obj)
 .text.ready_thread
                0x000000000004b67c       0x90 zephyr/kernel/libkernel.a(sched.c.obj)
 .text.unready_thread
                0x000000000004b70c       0x54 zephyr/kernel/libkernel.a(sched.c.obj)
 .text.move_thread_to_end_of_prio_q
                0x000000000004b760       0x90 zephyr/kernel/libkernel.a(sched.c.obj)
                0x000000000004b760                move_thread_to_end_of_prio_q
 .text.z_pend_curr
                0x000000000004b7f0       0x58 zephyr/kernel/libkernel.a(sched.c.obj)
                0x000000000004b7f0                z_pend_curr
 .text.z_thread_prio_set
                0x000000000004b848       0x9c zephyr/kernel/libkernel.a(sched.c.obj)
                0x000000000004b848                z_thread_prio_set
 .text.z_reschedule
                0x000000000004b8e4       0x24 zephyr/kernel/libkernel.a(sched.c.obj)
                0x000000000004b8e4                z_reschedule
 .text.z_reschedule_irqlock
                0x000000000004b908       0x28 zephyr/kernel/libkernel.a(sched.c.obj)
                0x000000000004b908                z_reschedule_irqlock
 .text.k_sched_lock
                0x000000000004b930       0x28 zephyr/kernel/libkernel.a(sched.c.obj)
                0x000000000004b930                k_sched_lock
 .text.k_sched_unlock
                0x000000000004b958       0x68 zephyr/kernel/libkernel.a(sched.c.obj)
                0x000000000004b958                k_sched_unlock
 .text.z_sched_init
                0x000000000004b9c0       0x10 zephyr/kernel/libkernel.a(sched.c.obj)
                0x000000000004b9c0                z_sched_init
 .text.z_impl_k_yield
                0x000000000004b9d0       0x88 zephyr/kernel/libkernel.a(sched.c.obj)
                0x000000000004b9d0                z_impl_k_yield
 .text.z_tick_sleep
                0x000000000004ba58       0x80 zephyr/kernel/libkernel.a(sched.c.obj)
 .text.z_impl_k_wakeup
                0x000000000004bad8       0x4c zephyr/kernel/libkernel.a(sched.c.obj)
                0x000000000004bad8                z_impl_k_wakeup
 .text.z_impl_k_sched_current_thread_query
                0x000000000004bb24        0xc zephyr/kernel/libkernel.a(sched.c.obj)
                0x000000000004bb24                z_impl_k_sched_current_thread_query
 .text.z_thread_abort
                0x000000000004bb30      0x110 zephyr/kernel/libkernel.a(sched.c.obj)
                0x000000000004bb30                z_thread_abort
 .text.slice_timeout
                0x000000000004bc40       0x20 zephyr/kernel/libkernel.a(timeslicing.c.obj)
 .text.thread_is_sliceable
                0x000000000004bc60       0x3c zephyr/kernel/libkernel.a(timeslicing.c.obj)
                0x000000000004bc60                thread_is_sliceable
 .text.z_reset_time_slice
                0x000000000004bc9c       0x50 zephyr/kernel/libkernel.a(timeslicing.c.obj)
                0x000000000004bc9c                z_reset_time_slice
 .text.z_time_slice
                0x000000000004bcec       0x60 zephyr/kernel/libkernel.a(timeslicing.c.obj)
                0x000000000004bcec                z_time_slice
 .text.z_data_copy
                0x000000000004bd4c       0x38 zephyr/kernel/libkernel.a(xip.c.obj)
                0x000000000004bd4c                z_data_copy
 .text.first    0x000000000004bd84       0x10 zephyr/kernel/libkernel.a(timeout.c.obj)
 .text.elapsed  0x000000000004bd94       0x14 zephyr/kernel/libkernel.a(timeout.c.obj)
 .text.remove_timeout
                0x000000000004bda8       0x38 zephyr/kernel/libkernel.a(timeout.c.obj)
 .text.z_add_timeout
                0x000000000004bde0       0xec zephyr/kernel/libkernel.a(timeout.c.obj)
                0x000000000004bde0                z_add_timeout
 .text.sys_clock_announce
                0x000000000004becc       0xbc zephyr/kernel/libkernel.a(timeout.c.obj)
                0x000000000004becc                sys_clock_announce
 .text.sys_clock_tick_get
                0x000000000004bf88       0x30 zephyr/kernel/libkernel.a(timeout.c.obj)
                0x000000000004bf88                sys_clock_tick_get
 .text.__l_vfprintf
                0x000000000004bfb8      0x4b4 c:\ncs\toolchains\0b393f9e1b\opt\zephyr-sdk\arm-zephyr-eabi\bin\../lib/gcc/../../picolibc/arm-zephyr-eabi/lib/thumb/v8-m.main/nofp\libc.a(libc_tinystdio_vflprintf.c.o)
                0x000000000004bfb8                __l_vfprintf
 .text._OffsetAbsSyms
                0x000000000004c46c        0x2 zephyr/CMakeFiles/offsets.dir/./arch/arm/core/offsets/offsets.c.obj
                0x000000000004c46c                _OffsetAbsSyms
 .text.gpio_pin_configure_dt
                0x000000000004c46e       0x3e app/libapp.a(main.c.obj)
 .text.gpio_pin_get_dt
                0x000000000004c4ac       0x2a app/libapp.a(main.c.obj)
 .text.gpio_pin_set_dt.isra.0
                0x000000000004c4d6       0x28 app/libapp.a(main.c.obj)
 .text.chunk_field
                0x000000000004c4fe       0x16 zephyr/libzephyr.a(heap.c.obj)
 .text.chunk_set
                0x000000000004c514       0x16 zephyr/libzephyr.a(heap.c.obj)
 .text.chunk_size
                0x000000000004c52a        0xc zephyr/libzephyr.a(heap.c.obj)
 .text.set_chunk_used
                0x000000000004c536       0x30 zephyr/libzephyr.a(heap.c.obj)
 .text.set_chunk_size
                0x000000000004c566        0x8 zephyr/libzephyr.a(heap.c.obj)
 .text.bucket_idx.isra.0
                0x000000000004c56e       0x1c zephyr/libzephyr.a(heap.c.obj)
 .text.free_list_add
                0x000000000004c58a       0x84 zephyr/libzephyr.a(heap.c.obj)
 .text.sys_heap_init
                0x000000000004c60e       0xb0 zephyr/libzephyr.a(heap.c.obj)
                0x000000000004c60e                sys_heap_init
 .text.arch_printk_char_out
                0x000000000004c6be        0x4 zephyr/libzephyr.a(printk.c.obj)
                0x000000000004c6be                arch_printk_char_out
 .text.printk   0x000000000004c6c2       0x1a zephyr/libzephyr.a(printk.c.obj)
                0x000000000004c6c2                printk
 .text.process_recheck
                0x000000000004c6dc       0x38 zephyr/libzephyr.a(onoff.c.obj)
 .text.validate_args
                0x000000000004c714       0x20 zephyr/libzephyr.a(onoff.c.obj)
 .text.notify_one
                0x000000000004c734       0x2c zephyr/libzephyr.a(onoff.c.obj)
 .text.transition_complete
                0x000000000004c760       0x1a zephyr/libzephyr.a(onoff.c.obj)
 .text.onoff_manager_init
                0x000000000004c77a       0x26 zephyr/libzephyr.a(onoff.c.obj)
                0x000000000004c77a                onoff_manager_init
 .text.onoff_request
                0x000000000004c7a0       0xae zephyr/libzephyr.a(onoff.c.obj)
                0x000000000004c7a0                onoff_request
 .text.sys_notify_validate
                0x000000000004c84e       0x22 zephyr/libzephyr.a(notify.c.obj)
                0x000000000004c84e                sys_notify_validate
 .text.sys_notify_finalize
                0x000000000004c870       0x1a zephyr/libzephyr.a(notify.c.obj)
                0x000000000004c870                sys_notify_finalize
 .text._ConfigAbsSyms
                0x000000000004c88a        0x2 zephyr/libzephyr.a(configs.c.obj)
                0x000000000004c88a                _ConfigAbsSyms
 .text.z_arm_fatal_error
                0x000000000004c88c        0xc zephyr/arch/arch/arm/core/libarch__arm__core.a(fatal.c.obj)
                0x000000000004c88c                z_arm_fatal_error
 .text.z_do_kernel_oops
                0x000000000004c898        0x8 zephyr/arch/arch/arm/core/libarch__arm__core.a(fatal.c.obj)
                0x000000000004c898                z_do_kernel_oops
 .text.z_arm_nmi
                0x000000000004c8a0        0xe zephyr/arch/arch/arm/core/libarch__arm__core.a(nmi.c.obj)
                0x000000000004c8a0                z_arm_nmi
 .text.z_arm_save_fp_context
                0x000000000004c8ae        0x2 zephyr/arch/arch/arm/core/cortex_m/libarch__arm__core__cortex_m.a(fpu.c.obj)
                0x000000000004c8ae                z_arm_save_fp_context
 .text.z_arm_restore_fp_context
                0x000000000004c8b0        0x2 zephyr/arch/arch/arm/core/cortex_m/libarch__arm__core__cortex_m.a(fpu.c.obj)
                0x000000000004c8b0                z_arm_restore_fp_context
 .text.z_irq_spurious
                0x000000000004c8b2        0x8 zephyr/arch/arch/arm/core/cortex_m/libarch__arm__core__cortex_m.a(irq_manage.c.obj)
                0x000000000004c8b2                z_irq_spurious
 .text.configure_builtin_stack_guard
                0x000000000004c8ba        0x8 zephyr/arch/arch/arm/core/cortex_m/libarch__arm__core__cortex_m.a(thread.c.obj)
                0x000000000004c8ba                configure_builtin_stack_guard
 .text.arch_irq_unlock_outlined
                0x000000000004c8c2        0xe zephyr/arch/arch/arm/core/cortex_m/libarch__arm__core__cortex_m.a(thread.c.obj)
                0x000000000004c8c2                arch_irq_unlock_outlined
 .text.arch_cpu_idle
                0x000000000004c8d0       0x1a zephyr/arch/arch/arm/core/cortex_m/libarch__arm__core__cortex_m.a(cpu_idle.c.obj)
                0x000000000004c8d0                arch_cpu_idle
 .text.arch_cpu_atomic_idle
                0x000000000004c8ea       0x1e zephyr/arch/arch/arm/core/cortex_m/libarch__arm__core__cortex_m.a(cpu_idle.c.obj)
                0x000000000004c8ea                arch_cpu_atomic_idle
 .text.arm_cmse_mpu_region_get
                0x000000000004c908       0x12 zephyr/arch/arch/arm/core/cortex_m/cmse/libarch__arm__core__cortex_m__cmse.a(arm_core_cmse.c.obj)
                0x000000000004c908                arm_cmse_mpu_region_get
 .text.mpu_configure_region
                0x000000000004c91a       0x32 zephyr/arch/arch/arm/core/mpu/libarch__arm__core__mpu.a(arm_mpu.c.obj)
 .text.picolibc_put
                0x000000000004c94c        0xa zephyr/lib/libc/picolibc/liblib__libc__picolibc.a(stdio.c.obj)
 .text.get_status
                0x000000000004c956       0x12 zephyr/drivers/clock_control/libdrivers__clock_control.a(clock_control_nrf.c.obj)
 .text.stop     0x000000000004c968       0x52 zephyr/drivers/clock_control/libdrivers__clock_control.a(clock_control_nrf.c.obj)
 .text.api_stop
                0x000000000004c9ba        0x6 zephyr/drivers/clock_control/libdrivers__clock_control.a(clock_control_nrf.c.obj)
 .text.async_start
                0x000000000004c9c0       0x5c zephyr/drivers/clock_control/libdrivers__clock_control.a(clock_control_nrf.c.obj)
 .text.api_start
                0x000000000004ca1c        0xe zephyr/drivers/clock_control/libdrivers__clock_control.a(clock_control_nrf.c.obj)
 .text.onoff_started_callback
                0x000000000004ca2a       0x12 zephyr/drivers/clock_control/libdrivers__clock_control.a(clock_control_nrf.c.obj)
 .text.lfclk_start
                0x000000000004ca3c        0x6 zephyr/drivers/clock_control/libdrivers__clock_control.a(clock_control_nrf.c.obj)
 .text.lfclk_stop
                0x000000000004ca42        0x6 zephyr/drivers/clock_control/libdrivers__clock_control.a(clock_control_nrf.c.obj)
 .text.blocking_start_callback
                0x000000000004ca48        0x6 zephyr/drivers/clock_control/libdrivers__clock_control.a(clock_control_nrf.c.obj)
 .text.clock_event_handler
                0x000000000004ca4e       0x14 zephyr/drivers/clock_control/libdrivers__clock_control.a(clock_control_nrf.c.obj)
 .text.gpio_nrfx_port_get_raw
                0x000000000004ca62        0xc zephyr/drivers/gpio/libdrivers__gpio.a(gpio_nrfx.c.obj)
 .text.gpio_nrfx_port_set_masked_raw
                0x000000000004ca6e       0x14 zephyr/drivers/gpio/libdrivers__gpio.a(gpio_nrfx.c.obj)
 .text.gpio_nrfx_port_set_bits_raw
                0x000000000004ca82        0xa zephyr/drivers/gpio/libdrivers__gpio.a(gpio_nrfx.c.obj)
 .text.gpio_nrfx_port_clear_bits_raw
                0x000000000004ca8c        0xa zephyr/drivers/gpio/libdrivers__gpio.a(gpio_nrfx.c.obj)
 .text.gpio_nrfx_port_toggle_bits
                0x000000000004ca96       0x14 zephyr/drivers/gpio/libdrivers__gpio.a(gpio_nrfx.c.obj)
 .text.gpio_nrfx_manage_callback
                0x000000000004caaa       0x52 zephyr/drivers/gpio/libdrivers__gpio.a(gpio_nrfx.c.obj)
 .text.pinctrl_lookup_state
                0x000000000004cafc       0x26 zephyr/drivers/pinctrl/libdrivers__pinctrl.a(common.c.obj)
                0x000000000004cafc                pinctrl_lookup_state
 .text.uarte_nrfx_isr_int
                0x000000000004cb22        0xa zephyr/drivers/serial/libdrivers__serial.a(uart_nrfx_uarte.c.obj)
 .text.uarte_nrfx_err_check
                0x000000000004cb2c        0xe zephyr/drivers/serial/libdrivers__serial.a(uart_nrfx_uarte.c.obj)
 .text.uarte_nrfx_poll_in
                0x000000000004cb3a       0x26 zephyr/drivers/serial/libdrivers__serial.a(uart_nrfx_uarte.c.obj)
 .text.uarte_20_init
                0x000000000004cb60       0xb8 zephyr/drivers/serial/libdrivers__serial.a(uart_nrfx_uarte.c.obj)
 .text._psa_crypto_init
                0x000000000004cc18       0x1e modules/nrf/subsys/nrf_security/src/zephyr/libmbedtls_zephyr.a(psa_crypto_init.c.obj)
 .text.tfm_platform_ns_fault_set_handler
                0x000000000004cc36       0x4e modules/nrf/modules/trusted-firmware-m/libtfm_api_nrf.a(tfm_ioctl_ns_api.c.obj)
                0x000000000004cc36                tfm_platform_ns_fault_set_handler
 .text.ns_interface_init
                0x000000000004cc84        0x4 modules/trusted-firmware-m/libtfm_api.a(interface.c.obj)
 .text.psa_crypto_init
                0x000000000004cc88        0x4 modules/trusted-firmware-m/libtfm_api.a(tfm_crypto_api.c.obj)
                0x000000000004cc88                psa_crypto_init
 .text.nrfx_isr
                0x000000000004cc8c        0x2 modules/hal_nordic/modules/hal_nordic/nrfx/libmodules__hal_nordic__nrfx.a(nrfx_glue.c.obj)
                0x000000000004cc8c                nrfx_isr
 .text.nrfx_busy_wait
                0x000000000004cc8e        0x4 modules/hal_nordic/modules/hal_nordic/nrfx/libmodules__hal_nordic__nrfx.a(nrfx_glue.c.obj)
                0x000000000004cc8e                nrfx_busy_wait
 .text.nrfx_clock_stop
                0x000000000004cc92        0x4 modules/hal_nordic/modules/hal_nordic/nrfx/libmodules__hal_nordic__nrfx.a(nrfx_clock.c.obj)
                0x000000000004cc92                nrfx_clock_stop
 .text.nrf_gpio_reconfigure
                0x000000000004cc96       0x92 modules/hal_nordic/modules/hal_nordic/nrfx/libmodules__hal_nordic__nrfx.a(nrfx_gpiote.c.obj)
 .text.nrf_gpio_cfg_sense_set
                0x000000000004cd28       0x1e modules/hal_nordic/modules/hal_nordic/nrfx/libmodules__hal_nordic__nrfx.a(nrfx_gpiote.c.obj)
 .text.call_handler
                0x000000000004cd46       0x3e modules/hal_nordic/modules/hal_nordic/nrfx/libmodules__hal_nordic__nrfx.a(nrfx_gpiote.c.obj)
 .text.__nrfy_internal_gpiote_events_process
                0x000000000004cd84       0x4e modules/hal_nordic/modules/hal_nordic/nrfx/libmodules__hal_nordic__nrfx.a(nrfx_gpiote.c.obj)
 .text.pin_trigger_disable
                0x000000000004cdd2       0x4a modules/hal_nordic/modules/hal_nordic/nrfx/libmodules__hal_nordic__nrfx.a(nrfx_gpiote.c.obj)
 .text.nrfx_gpiote_pin_uninit
                0x000000000004ce1c        0x4 modules/hal_nordic/modules/hal_nordic/nrfx/libmodules__hal_nordic__nrfx.a(nrfx_gpiote.c.obj)
                0x000000000004ce1c                nrfx_gpiote_pin_uninit
 .text.nrfx_gpiote_trigger_disable
                0x000000000004ce20        0x4 modules/hal_nordic/modules/hal_nordic/nrfx/libmodules__hal_nordic__nrfx.a(nrfx_gpiote.c.obj)
                0x000000000004ce20                nrfx_gpiote_trigger_disable
 .text.z_impl_k_busy_wait
                0x000000000004ce24        0x8 zephyr/kernel/libkernel.a(busy_wait.c.obj)
                0x000000000004ce24                z_impl_k_busy_wait
 .text.z_device_state_init
                0x000000000004ce2c        0x2 zephyr/kernel/libkernel.a(device.c.obj)
                0x000000000004ce2c                z_device_state_init
 .text.z_impl_device_is_ready
                0x000000000004ce2e       0x16 zephyr/kernel/libkernel.a(device.c.obj)
                0x000000000004ce2e                z_impl_device_is_ready
 .text.arch_system_halt
                0x000000000004ce44       0x10 zephyr/kernel/libkernel.a(fatal.c.obj)
                0x000000000004ce44                arch_system_halt
 .text.k_sys_fatal_error_handler
                0x000000000004ce54        0x6 zephyr/kernel/libkernel.a(fatal.c.obj)
                0x000000000004ce54                k_sys_fatal_error_handler
 .text.do_device_init
                0x000000000004ce5a       0x30 zephyr/kernel/libkernel.a(init.c.obj)
 .text.z_early_memset
                0x000000000004ce8a        0x4 zephyr/kernel/libkernel.a(init.c.obj)
                0x000000000004ce8a                z_early_memset
 .text.z_early_memcpy
                0x000000000004ce8e        0x4 zephyr/kernel/libkernel.a(init.c.obj)
                0x000000000004ce8e                z_early_memcpy
 .text.z_init_static
                0x000000000004ce92        0x2 zephyr/kernel/libkernel.a(init_static.c.obj)
                0x000000000004ce92                z_init_static
 .text.idle     0x000000000004ce94       0x16 zephyr/kernel/libkernel.a(idle.c.obj)
                0x000000000004ce94                idle
 .text.adjust_owner_prio.isra.0
                0x000000000004ceaa       0x10 zephyr/kernel/libkernel.a(mutex.c.obj)
 .text.k_is_in_isr
                0x000000000004ceba        0xc zephyr/kernel/libkernel.a(thread.c.obj)
                0x000000000004ceba                k_is_in_isr
 .text.sys_dlist_remove
                0x000000000004cec6       0x10 zephyr/kernel/libkernel.a(sched.c.obj)
 .text.unpend_thread_no_timeout
                0x000000000004ced6       0x14 zephyr/kernel/libkernel.a(sched.c.obj)
 .text.add_to_waitq_locked
                0x000000000004ceea       0x50 zephyr/kernel/libkernel.a(sched.c.obj)
 .text.z_ready_thread
                0x000000000004cf3a       0x1e zephyr/kernel/libkernel.a(sched.c.obj)
                0x000000000004cf3a                z_ready_thread
 .text.z_sched_wake_thread
                0x000000000004cf58       0x46 zephyr/kernel/libkernel.a(sched.c.obj)
                0x000000000004cf58                z_sched_wake_thread
 .text.z_thread_timeout
                0x000000000004cf9e        0x8 zephyr/kernel/libkernel.a(sched.c.obj)
                0x000000000004cf9e                z_thread_timeout
 .text.z_impl_k_sleep
                0x000000000004cfa6       0x38 zephyr/kernel/libkernel.a(sched.c.obj)
                0x000000000004cfa6                z_impl_k_sleep
 .text.next_timeout
                0x000000000004cfde       0x32 zephyr/kernel/libkernel.a(timeout.c.obj)
 .text.z_abort_timeout
                0x000000000004d010       0x42 zephyr/kernel/libkernel.a(timeout.c.obj)
                0x000000000004d010                z_abort_timeout
 .text.sys_clock_tick_get_32
                0x000000000004d052        0x8 zephyr/kernel/libkernel.a(timeout.c.obj)
                0x000000000004d052                sys_clock_tick_get_32
 .text.memcpy   0x000000000004d05a       0x1a c:\ncs\toolchains\0b393f9e1b\opt\zephyr-sdk\arm-zephyr-eabi\bin\../lib/gcc/../../picolibc/arm-zephyr-eabi/lib/thumb/v8-m.main/nofp\libc.a(memcpy.c.o)
                0x000000000004d05a                __aeabi_memcpy
                0x000000000004d05a                __aeabi_memcpy4
                0x000000000004d05a                __aeabi_memcpy8
                0x000000000004d05a                memcpy
 .text.memset   0x000000000004d074       0x10 c:\ncs\toolchains\0b393f9e1b\opt\zephyr-sdk\arm-zephyr-eabi\bin\../lib/gcc/../../picolibc/arm-zephyr-eabi/lib/thumb/v8-m.main/nofp\libc.a(memset.c.o)
                0x000000000004d074                memset
 .text.strnlen  0x000000000004d084       0x18 c:\ncs\toolchains\0b393f9e1b\opt\zephyr-sdk\arm-zephyr-eabi\bin\../lib/gcc/../../picolibc/arm-zephyr-eabi/lib/thumb/v8-m.main/nofp\libc.a(libc_string_strnlen.c.o)
                0x000000000004d084                strnlen
 .text.__ultoa_invert
                0x000000000004d09c       0xac c:\ncs\toolchains\0b393f9e1b\opt\zephyr-sdk\arm-zephyr-eabi\bin\../lib/gcc/../../picolibc/arm-zephyr-eabi/lib/thumb/v8-m.main/nofp\libc.a(libc_tinystdio_vflprintf.c.o)
 *(SORT_BY_ALIGNMENT(.TEXT.*))
 .TEXT.__aeabi_read_tp
                0x000000000004d148        0xc zephyr/arch/arch/arm/core/cortex_m/libarch__arm__core__cortex_m.a(__aeabi_read_tp.S.obj)
                0x000000000004d148                __aeabi_read_tp
 *(SORT_BY_ALIGNMENT(.gnu.linkonce.t.*))
 *(SORT_BY_ALIGNMENT(.glue_7t))
 .glue_7t       0x000000000004d154        0x0 linker stubs
 *(SORT_BY_ALIGNMENT(.glue_7))
 .glue_7        0x000000000004d154        0x0 linker stubs
 *(SORT_BY_ALIGNMENT(.vfp11_veneer))
 .vfp11_veneer  0x000000000004d154        0x0 linker stubs
 *(SORT_BY_ALIGNMENT(.v4_bx))
 .v4_bx         0x000000000004d154        0x0 linker stubs
                0x000000000004d154                . = ALIGN (0x4)
                0x000000000004d154                __text_region_end = .

.ARM.exidx      0x000000000004d154        0x8
                0x000000000004d154                __exidx_start = .
 *(SORT_BY_ALIGNMENT(.ARM.exidx*) SORT_BY_ALIGNMENT(gnu.linkonce.armexidx.*))
 .ARM.exidx     0x000000000004d154        0x8 c:/ncs/toolchains/0b393f9e1b/opt/zephyr-sdk/arm-zephyr-eabi/bin/../lib/gcc/arm-zephyr-eabi/12.2.0/thumb/v8-m.main/nofp\libgcc.a(_udivmoddi4.o)
                0x000000000004d15c                __exidx_end = .
                0x000000000004d15c                __rodata_region_start = .

initlevel       0x000000000004d15c       0x60
                0x000000000004d15c                __init_start = .
                0x000000000004d15c                __init_EARLY_start = .
 *(SORT_BY_NAME(SORT_BY_ALIGNMENT(.z_init_EARLY?_*)))
 *(SORT_BY_NAME(SORT_BY_ALIGNMENT(.z_init_EARLY??_*)))
                0x000000000004d15c                __init_PRE_KERNEL_1_start = .
 *(SORT_BY_NAME(SORT_BY_ALIGNMENT(.z_init_PRE_KERNEL_1?_*)))
 .z_init_PRE_KERNEL_10_0_
                0x000000000004d15c        0x8 zephyr/soc/soc/nrf54l15/libsoc__nordic.a(soc.c.obj)
 .z_init_PRE_KERNEL_10_0_
                0x000000000004d164        0x8 modules/nrf/modules/trusted-firmware-m/lib..__nrf__modules__trusted-firmware-m.a(fault.c.obj)
 *(SORT_BY_NAME(SORT_BY_ALIGNMENT(.z_init_PRE_KERNEL_1??_*)))
 .z_init_PRE_KERNEL_130_00055_
                0x000000000004d16c        0x8 zephyr/drivers/clock_control/libdrivers__clock_control.a(clock_control_nrf.c.obj)
 .z_init_PRE_KERNEL_140_00010_
                0x000000000004d174        0x8 zephyr/drivers/gpio/libdrivers__gpio.a(gpio_nrfx.c.obj)
 .z_init_PRE_KERNEL_140_00012_
                0x000000000004d17c        0x8 zephyr/drivers/gpio/libdrivers__gpio.a(gpio_nrfx.c.obj)
 .z_init_PRE_KERNEL_140_00023_
                0x000000000004d184        0x8 zephyr/drivers/gpio/libdrivers__gpio.a(gpio_nrfx.c.obj)
 .z_init_PRE_KERNEL_150_00100_
                0x000000000004d18c        0x8 zephyr/drivers/serial/libdrivers__serial.a(uart_nrfx_uarte.c.obj)
 .z_init_PRE_KERNEL_160_0_
                0x000000000004d194        0x8 zephyr/drivers/console/libdrivers__console.a(uart_console.c.obj)
                0x000000000004d19c                __init_PRE_KERNEL_2_start = .
 *(SORT_BY_NAME(SORT_BY_ALIGNMENT(.z_init_PRE_KERNEL_2?_*)))
 .z_init_PRE_KERNEL_20_0_
                0x000000000004d19c        0x8 zephyr/drivers/timer/libdrivers__timer.a(nrf_grtc_timer.c.obj)
 *(SORT_BY_NAME(SORT_BY_ALIGNMENT(.z_init_PRE_KERNEL_2??_*)))
                0x000000000004d1a4                __init_POST_KERNEL_start = .
 *(SORT_BY_NAME(SORT_BY_ALIGNMENT(.z_init_POST_KERNEL?_*)))
 *(SORT_BY_NAME(SORT_BY_ALIGNMENT(.z_init_POST_KERNEL??_*)))
 .z_init_POST_KERNEL35_0_
                0x000000000004d1a4        0x8 zephyr/lib/libc/common/liblib__libc__common.a(malloc.c.obj)
 .z_init_POST_KERNEL40_0_
                0x000000000004d1ac        0x8 modules/trusted-firmware-m/libtfm_api.a(interface.c.obj)
 .z_init_POST_KERNEL50_0_
                0x000000000004d1b4        0x8 modules/nrf/subsys/nrf_security/src/zephyr/libmbedtls_zephyr.a(psa_crypto_init.c.obj)
                0x000000000004d1bc                __init_APPLICATION_start = .
 *(SORT_BY_NAME(SORT_BY_ALIGNMENT(.z_init_APPLICATION?_*)))
 *(SORT_BY_NAME(SORT_BY_ALIGNMENT(.z_init_APPLICATION??_*)))
                0x000000000004d1bc                __init_SMP_start = .
 *(SORT_BY_NAME(SORT_BY_ALIGNMENT(.z_init_SMP?_*)))
 *(SORT_BY_NAME(SORT_BY_ALIGNMENT(.z_init_SMP??_*)))
                0x000000000004d1bc                __init_end = .
                0x000000000004d1bc                __deferred_init_list_start = .
 *(SORT_BY_ALIGNMENT(.z_deferred_init*))
                0x000000000004d1bc                __deferred_init_list_end = .

device_area     0x000000000004d1bc       0x64
                0x000000000004d1bc                _device_list_start = .
 *(SORT_BY_NAME(SORT_BY_ALIGNMENT(._device.static.*_?_*)))
 *(SORT_BY_NAME(SORT_BY_ALIGNMENT(._device.static.*_??_*)))
 ._device.static.1_30_
                0x000000000004d1bc       0x14 zephyr/drivers/clock_control/libdrivers__clock_control.a(clock_control_nrf.c.obj)
                0x000000000004d1bc                __device_dts_ord_55
 ._device.static.1_40_
                0x000000000004d1d0       0x3c zephyr/drivers/gpio/libdrivers__gpio.a(gpio_nrfx.c.obj)
                0x000000000004d1d0                __device_dts_ord_12
                0x000000000004d1e4                __device_dts_ord_10
                0x000000000004d1f8                __device_dts_ord_23
 ._device.static.1_50_
                0x000000000004d20c       0x14 zephyr/drivers/serial/libdrivers__serial.a(uart_nrfx_uarte.c.obj)
                0x000000000004d20c                __device_dts_ord_100
                0x000000000004d220                _device_list_end = .

sw_isr_table    0x000000000004d220      0x878
                0x000000000004d220                . = ALIGN (0x4)
 *(SORT_BY_ALIGNMENT(.gnu.linkonce.sw_isr_table*))
 .gnu.linkonce.sw_isr_table
                0x000000000004d220      0x878 zephyr/CMakeFiles/zephyr_final.dir/isr_tables.c.obj
                0x000000000004d220                _sw_isr_table

initlevel_error
                0x000000000004d15c        0x0
 *(SORT_BY_NAME(SORT_BY_ALIGNMENT(.z_init_[_A-Z0-9]*)))
                0x0000000000000001                ASSERT ((SIZEOF (initlevel_error) == 0x0), Undefined initialization levels used.)

app_shmem_regions
                0x000000000004da98        0x0
                0x000000000004da98                __app_shmem_regions_start = .
 *(SORT_BY_NAME(SORT_BY_ALIGNMENT(.app_regions.*)))
                0x000000000004da98                __app_shmem_regions_end = .

k_p4wq_initparam_area
                0x000000000004da98        0x0
                0x000000000004da98                _k_p4wq_initparam_list_start = .
 *(SORT_BY_NAME(SORT_BY_ALIGNMENT(._k_p4wq_initparam.static.*)))
                0x000000000004da98                _k_p4wq_initparam_list_end = .

_static_thread_data_area
                0x000000000004da98        0x0
                0x000000000004da98                __static_thread_data_list_start = .
 *(SORT_BY_NAME(SORT_BY_ALIGNMENT(.__static_thread_data.static.*)))
                0x000000000004da98                __static_thread_data_list_end = .

device_deps     0x000000000004da98        0x0
                0x000000000004da98                __device_deps_start = .
 *(SORT_BY_NAME(SORT_BY_ALIGNMENT(.__device_deps_pass2*)))
                0x000000000004da98                __device_deps_end = .

gpio_driver_api_area
                0x000000000004da98       0x24
                0x000000000004da98                _gpio_driver_api_list_start = .
 *(SORT_BY_NAME(SORT_BY_ALIGNMENT(._gpio_driver_api.static.*)))
 ._gpio_driver_api.static.gpio_nrfx_drv_api_funcs_
                0x000000000004da98       0x24 zephyr/drivers/gpio/libdrivers__gpio.a(gpio_nrfx.c.obj)
                0x000000000004dabc                _gpio_driver_api_list_end = .

shared_irq_driver_api_area
                0x000000000004dabc        0x0
                0x000000000004dabc                _shared_irq_driver_api_list_start = .
 *(SORT_BY_NAME(SORT_BY_ALIGNMENT(._shared_irq_driver_api.static.*)))
                0x000000000004dabc                _shared_irq_driver_api_list_end = .

crypto_driver_api_area
                0x000000000004dabc        0x0
                0x000000000004dabc                _crypto_driver_api_list_start = .
 *(SORT_BY_NAME(SORT_BY_ALIGNMENT(._crypto_driver_api.static.*)))
                0x000000000004dabc                _crypto_driver_api_list_end = .

adc_driver_api_area
                0x000000000004dabc        0x0
                0x000000000004dabc                _adc_driver_api_list_start = .
 *(SORT_BY_NAME(SORT_BY_ALIGNMENT(._adc_driver_api.static.*)))
                0x000000000004dabc                _adc_driver_api_list_end = .

auxdisplay_driver_api_area
                0x000000000004dabc        0x0
                0x000000000004dabc                _auxdisplay_driver_api_list_start = .
 *(SORT_BY_NAME(SORT_BY_ALIGNMENT(._auxdisplay_driver_api.static.*)))
                0x000000000004dabc                _auxdisplay_driver_api_list_end = .

bbram_driver_api_area
                0x000000000004dabc        0x0
                0x000000000004dabc                _bbram_driver_api_list_start = .
 *(SORT_BY_NAME(SORT_BY_ALIGNMENT(._bbram_driver_api.static.*)))
                0x000000000004dabc                _bbram_driver_api_list_end = .

bt_hci_driver_api_area
                0x000000000004dabc        0x0
                0x000000000004dabc                _bt_hci_driver_api_list_start = .
 *(SORT_BY_NAME(SORT_BY_ALIGNMENT(._bt_hci_driver_api.static.*)))
                0x000000000004dabc                _bt_hci_driver_api_list_end = .

can_driver_api_area
                0x000000000004dabc        0x0
                0x000000000004dabc                _can_driver_api_list_start = .
 *(SORT_BY_NAME(SORT_BY_ALIGNMENT(._can_driver_api.static.*)))
                0x000000000004dabc                _can_driver_api_list_end = .

cellular_driver_api_area
                0x000000000004dabc        0x0
                0x000000000004dabc                _cellular_driver_api_list_start = .
 *(SORT_BY_NAME(SORT_BY_ALIGNMENT(._cellular_driver_api.static.*)))
                0x000000000004dabc                _cellular_driver_api_list_end = .

charger_driver_api_area
                0x000000000004dabc        0x0
                0x000000000004dabc                _charger_driver_api_list_start = .
 *(SORT_BY_NAME(SORT_BY_ALIGNMENT(._charger_driver_api.static.*)))
                0x000000000004dabc                _charger_driver_api_list_end = .

clock_control_driver_api_area
                0x000000000004dabc       0x1c
                0x000000000004dabc                _clock_control_driver_api_list_start = .
 *(SORT_BY_NAME(SORT_BY_ALIGNMENT(._clock_control_driver_api.static.*)))
 ._clock_control_driver_api.static.clock_control_api_
                0x000000000004dabc       0x1c zephyr/drivers/clock_control/libdrivers__clock_control.a(clock_control_nrf.c.obj)
                0x000000000004dad8                _clock_control_driver_api_list_end = .

comparator_driver_api_area
                0x000000000004dad8        0x0
                0x000000000004dad8                _comparator_driver_api_list_start = .
 *(SORT_BY_NAME(SORT_BY_ALIGNMENT(._comparator_driver_api.static.*)))
                0x000000000004dad8                _comparator_driver_api_list_end = .

coredump_driver_api_area
                0x000000000004dad8        0x0
                0x000000000004dad8                _coredump_driver_api_list_start = .
 *(SORT_BY_NAME(SORT_BY_ALIGNMENT(._coredump_driver_api.static.*)))
                0x000000000004dad8                _coredump_driver_api_list_end = .

counter_driver_api_area
                0x000000000004dad8        0x0
                0x000000000004dad8                _counter_driver_api_list_start = .
 *(SORT_BY_NAME(SORT_BY_ALIGNMENT(._counter_driver_api.static.*)))
                0x000000000004dad8                _counter_driver_api_list_end = .

dac_driver_api_area
                0x000000000004dad8        0x0
                0x000000000004dad8                _dac_driver_api_list_start = .
 *(SORT_BY_NAME(SORT_BY_ALIGNMENT(._dac_driver_api.static.*)))
                0x000000000004dad8                _dac_driver_api_list_end = .

dai_driver_api_area
                0x000000000004dad8        0x0
                0x000000000004dad8                _dai_driver_api_list_start = .
 *(SORT_BY_NAME(SORT_BY_ALIGNMENT(._dai_driver_api.static.*)))
                0x000000000004dad8                _dai_driver_api_list_end = .

display_driver_api_area
                0x000000000004dad8        0x0
                0x000000000004dad8                _display_driver_api_list_start = .
 *(SORT_BY_NAME(SORT_BY_ALIGNMENT(._display_driver_api.static.*)))
                0x000000000004dad8                _display_driver_api_list_end = .

dma_driver_api_area
                0x000000000004dad8        0x0
                0x000000000004dad8                _dma_driver_api_list_start = .
 *(SORT_BY_NAME(SORT_BY_ALIGNMENT(._dma_driver_api.static.*)))
                0x000000000004dad8                _dma_driver_api_list_end = .

edac_driver_api_area
                0x000000000004dad8        0x0
                0x000000000004dad8                _edac_driver_api_list_start = .
 *(SORT_BY_NAME(SORT_BY_ALIGNMENT(._edac_driver_api.static.*)))
                0x000000000004dad8                _edac_driver_api_list_end = .

eeprom_driver_api_area
                0x000000000004dad8        0x0
                0x000000000004dad8                _eeprom_driver_api_list_start = .
 *(SORT_BY_NAME(SORT_BY_ALIGNMENT(._eeprom_driver_api.static.*)))
                0x000000000004dad8                _eeprom_driver_api_list_end = .

emul_bbram_driver_api_area
                0x000000000004dad8        0x0
                0x000000000004dad8                _emul_bbram_driver_api_list_start = .
 *(SORT_BY_NAME(SORT_BY_ALIGNMENT(._emul_bbram_driver_api.static.*)))
                0x000000000004dad8                _emul_bbram_driver_api_list_end = .

fuel_gauge_emul_driver_api_area
                0x000000000004dad8        0x0
                0x000000000004dad8                _fuel_gauge_emul_driver_api_list_start = .
 *(SORT_BY_NAME(SORT_BY_ALIGNMENT(._fuel_gauge_emul_driver_api.static.*)))
                0x000000000004dad8                _fuel_gauge_emul_driver_api_list_end = .

emul_sensor_driver_api_area
                0x000000000004dad8        0x0
                0x000000000004dad8                _emul_sensor_driver_api_list_start = .
 *(SORT_BY_NAME(SORT_BY_ALIGNMENT(._emul_sensor_driver_api.static.*)))
                0x000000000004dad8                _emul_sensor_driver_api_list_end = .

entropy_driver_api_area
                0x000000000004dad8        0x0
                0x000000000004dad8                _entropy_driver_api_list_start = .
 *(SORT_BY_NAME(SORT_BY_ALIGNMENT(._entropy_driver_api.static.*)))
                0x000000000004dad8                _entropy_driver_api_list_end = .

espi_driver_api_area
                0x000000000004dad8        0x0
                0x000000000004dad8                _espi_driver_api_list_start = .
 *(SORT_BY_NAME(SORT_BY_ALIGNMENT(._espi_driver_api.static.*)))
                0x000000000004dad8                _espi_driver_api_list_end = .

espi_saf_driver_api_area
                0x000000000004dad8        0x0
                0x000000000004dad8                _espi_saf_driver_api_list_start = .
 *(SORT_BY_NAME(SORT_BY_ALIGNMENT(._espi_saf_driver_api.static.*)))
                0x000000000004dad8                _espi_saf_driver_api_list_end = .

flash_driver_api_area
                0x000000000004dad8        0x0
                0x000000000004dad8                _flash_driver_api_list_start = .
 *(SORT_BY_NAME(SORT_BY_ALIGNMENT(._flash_driver_api.static.*)))
                0x000000000004dad8                _flash_driver_api_list_end = .

fpga_driver_api_area
                0x000000000004dad8        0x0
                0x000000000004dad8                _fpga_driver_api_list_start = .
 *(SORT_BY_NAME(SORT_BY_ALIGNMENT(._fpga_driver_api.static.*)))
                0x000000000004dad8                _fpga_driver_api_list_end = .

fuel_gauge_driver_api_area
                0x000000000004dad8        0x0
                0x000000000004dad8                _fuel_gauge_driver_api_list_start = .
 *(SORT_BY_NAME(SORT_BY_ALIGNMENT(._fuel_gauge_driver_api.static.*)))
                0x000000000004dad8                _fuel_gauge_driver_api_list_end = .

gnss_driver_api_area
                0x000000000004dad8        0x0
                0x000000000004dad8                _gnss_driver_api_list_start = .
 *(SORT_BY_NAME(SORT_BY_ALIGNMENT(._gnss_driver_api.static.*)))
                0x000000000004dad8                _gnss_driver_api_list_end = .

haptics_driver_api_area
                0x000000000004dad8        0x0
                0x000000000004dad8                _haptics_driver_api_list_start = .
 *(SORT_BY_NAME(SORT_BY_ALIGNMENT(._haptics_driver_api.static.*)))
                0x000000000004dad8                _haptics_driver_api_list_end = .

hwspinlock_driver_api_area
                0x000000000004dad8        0x0
                0x000000000004dad8                _hwspinlock_driver_api_list_start = .
 *(SORT_BY_NAME(SORT_BY_ALIGNMENT(._hwspinlock_driver_api.static.*)))
                0x000000000004dad8                _hwspinlock_driver_api_list_end = .

i2c_driver_api_area
                0x000000000004dad8        0x0
                0x000000000004dad8                _i2c_driver_api_list_start = .
 *(SORT_BY_NAME(SORT_BY_ALIGNMENT(._i2c_driver_api.static.*)))
                0x000000000004dad8                _i2c_driver_api_list_end = .

i2c_target_driver_api_area
                0x000000000004dad8        0x0
                0x000000000004dad8                _i2c_target_driver_api_list_start = .
 *(SORT_BY_NAME(SORT_BY_ALIGNMENT(._i2c_target_driver_api.static.*)))
                0x000000000004dad8                _i2c_target_driver_api_list_end = .

i2s_driver_api_area
                0x000000000004dad8        0x0
                0x000000000004dad8                _i2s_driver_api_list_start = .
 *(SORT_BY_NAME(SORT_BY_ALIGNMENT(._i2s_driver_api.static.*)))
                0x000000000004dad8                _i2s_driver_api_list_end = .

i3c_driver_api_area
                0x000000000004dad8        0x0
                0x000000000004dad8                _i3c_driver_api_list_start = .
 *(SORT_BY_NAME(SORT_BY_ALIGNMENT(._i3c_driver_api.static.*)))
                0x000000000004dad8                _i3c_driver_api_list_end = .

ipm_driver_api_area
                0x000000000004dad8        0x0
                0x000000000004dad8                _ipm_driver_api_list_start = .
 *(SORT_BY_NAME(SORT_BY_ALIGNMENT(._ipm_driver_api.static.*)))
                0x000000000004dad8                _ipm_driver_api_list_end = .

kscan_driver_api_area
                0x000000000004dad8        0x0
                0x000000000004dad8                _kscan_driver_api_list_start = .
 *(SORT_BY_NAME(SORT_BY_ALIGNMENT(._kscan_driver_api.static.*)))
                0x000000000004dad8                _kscan_driver_api_list_end = .

led_driver_api_area
                0x000000000004dad8        0x0
                0x000000000004dad8                _led_driver_api_list_start = .
 *(SORT_BY_NAME(SORT_BY_ALIGNMENT(._led_driver_api.static.*)))
                0x000000000004dad8                _led_driver_api_list_end = .

led_strip_driver_api_area
                0x000000000004dad8        0x0
                0x000000000004dad8                _led_strip_driver_api_list_start = .
 *(SORT_BY_NAME(SORT_BY_ALIGNMENT(._led_strip_driver_api.static.*)))
                0x000000000004dad8                _led_strip_driver_api_list_end = .

lora_driver_api_area
                0x000000000004dad8        0x0
                0x000000000004dad8                _lora_driver_api_list_start = .
 *(SORT_BY_NAME(SORT_BY_ALIGNMENT(._lora_driver_api.static.*)))
                0x000000000004dad8                _lora_driver_api_list_end = .

mbox_driver_api_area
                0x000000000004dad8        0x0
                0x000000000004dad8                _mbox_driver_api_list_start = .
 *(SORT_BY_NAME(SORT_BY_ALIGNMENT(._mbox_driver_api.static.*)))
                0x000000000004dad8                _mbox_driver_api_list_end = .

mdio_driver_api_area
                0x000000000004dad8        0x0
                0x000000000004dad8                _mdio_driver_api_list_start = .
 *(SORT_BY_NAME(SORT_BY_ALIGNMENT(._mdio_driver_api.static.*)))
                0x000000000004dad8                _mdio_driver_api_list_end = .

mipi_dbi_driver_api_area
                0x000000000004dad8        0x0
                0x000000000004dad8                _mipi_dbi_driver_api_list_start = .
 *(SORT_BY_NAME(SORT_BY_ALIGNMENT(._mipi_dbi_driver_api.static.*)))
                0x000000000004dad8                _mipi_dbi_driver_api_list_end = .

mipi_dsi_driver_api_area
                0x000000000004dad8        0x0
                0x000000000004dad8                _mipi_dsi_driver_api_list_start = .
 *(SORT_BY_NAME(SORT_BY_ALIGNMENT(._mipi_dsi_driver_api.static.*)))
                0x000000000004dad8                _mipi_dsi_driver_api_list_end = .

mspi_driver_api_area
                0x000000000004dad8        0x0
                0x000000000004dad8                _mspi_driver_api_list_start = .
 *(SORT_BY_NAME(SORT_BY_ALIGNMENT(._mspi_driver_api.static.*)))
                0x000000000004dad8                _mspi_driver_api_list_end = .

peci_driver_api_area
                0x000000000004dad8        0x0
                0x000000000004dad8                _peci_driver_api_list_start = .
 *(SORT_BY_NAME(SORT_BY_ALIGNMENT(._peci_driver_api.static.*)))
                0x000000000004dad8                _peci_driver_api_list_end = .

ps2_driver_api_area
                0x000000000004dad8        0x0
                0x000000000004dad8                _ps2_driver_api_list_start = .
 *(SORT_BY_NAME(SORT_BY_ALIGNMENT(._ps2_driver_api.static.*)))
                0x000000000004dad8                _ps2_driver_api_list_end = .

ptp_clock_driver_api_area
                0x000000000004dad8        0x0
                0x000000000004dad8                _ptp_clock_driver_api_list_start = .
 *(SORT_BY_NAME(SORT_BY_ALIGNMENT(._ptp_clock_driver_api.static.*)))
                0x000000000004dad8                _ptp_clock_driver_api_list_end = .

pwm_driver_api_area
                0x000000000004dad8        0x0
                0x000000000004dad8                _pwm_driver_api_list_start = .
 *(SORT_BY_NAME(SORT_BY_ALIGNMENT(._pwm_driver_api.static.*)))
                0x000000000004dad8                _pwm_driver_api_list_end = .

regulator_parent_driver_api_area
                0x000000000004dad8        0x0
                0x000000000004dad8                _regulator_parent_driver_api_list_start = .
 *(SORT_BY_NAME(SORT_BY_ALIGNMENT(._regulator_parent_driver_api.static.*)))
                0x000000000004dad8                _regulator_parent_driver_api_list_end = .

regulator_driver_api_area
                0x000000000004dad8        0x0
                0x000000000004dad8                _regulator_driver_api_list_start = .
 *(SORT_BY_NAME(SORT_BY_ALIGNMENT(._regulator_driver_api.static.*)))
                0x000000000004dad8                _regulator_driver_api_list_end = .

reset_driver_api_area
                0x000000000004dad8        0x0
                0x000000000004dad8                _reset_driver_api_list_start = .
 *(SORT_BY_NAME(SORT_BY_ALIGNMENT(._reset_driver_api.static.*)))
                0x000000000004dad8                _reset_driver_api_list_end = .

retained_mem_driver_api_area
                0x000000000004dad8        0x0
                0x000000000004dad8                _retained_mem_driver_api_list_start = .
 *(SORT_BY_NAME(SORT_BY_ALIGNMENT(._retained_mem_driver_api.static.*)))
                0x000000000004dad8                _retained_mem_driver_api_list_end = .

rtc_driver_api_area
                0x000000000004dad8        0x0
                0x000000000004dad8                _rtc_driver_api_list_start = .
 *(SORT_BY_NAME(SORT_BY_ALIGNMENT(._rtc_driver_api.static.*)))
                0x000000000004dad8                _rtc_driver_api_list_end = .

sdhc_driver_api_area
                0x000000000004dad8        0x0
                0x000000000004dad8                _sdhc_driver_api_list_start = .
 *(SORT_BY_NAME(SORT_BY_ALIGNMENT(._sdhc_driver_api.static.*)))
                0x000000000004dad8                _sdhc_driver_api_list_end = .

sensor_driver_api_area
                0x000000000004dad8        0x0
                0x000000000004dad8                _sensor_driver_api_list_start = .
 *(SORT_BY_NAME(SORT_BY_ALIGNMENT(._sensor_driver_api.static.*)))
                0x000000000004dad8                _sensor_driver_api_list_end = .

smbus_driver_api_area
                0x000000000004dad8        0x0
                0x000000000004dad8                _smbus_driver_api_list_start = .
 *(SORT_BY_NAME(SORT_BY_ALIGNMENT(._smbus_driver_api.static.*)))
                0x000000000004dad8                _smbus_driver_api_list_end = .

spi_driver_api_area
                0x000000000004dad8        0x0
                0x000000000004dad8                _spi_driver_api_list_start = .
 *(SORT_BY_NAME(SORT_BY_ALIGNMENT(._spi_driver_api.static.*)))
                0x000000000004dad8                _spi_driver_api_list_end = .

stepper_driver_api_area
                0x000000000004dad8        0x0
                0x000000000004dad8                _stepper_driver_api_list_start = .
 *(SORT_BY_NAME(SORT_BY_ALIGNMENT(._stepper_driver_api.static.*)))
                0x000000000004dad8                _stepper_driver_api_list_end = .

syscon_driver_api_area
                0x000000000004dad8        0x0
                0x000000000004dad8                _syscon_driver_api_list_start = .
 *(SORT_BY_NAME(SORT_BY_ALIGNMENT(._syscon_driver_api.static.*)))
                0x000000000004dad8                _syscon_driver_api_list_end = .

tee_driver_api_area
                0x000000000004dad8        0x0
                0x000000000004dad8                _tee_driver_api_list_start = .
 *(SORT_BY_NAME(SORT_BY_ALIGNMENT(._tee_driver_api.static.*)))
                0x000000000004dad8                _tee_driver_api_list_end = .

video_driver_api_area
                0x000000000004dad8        0x0
                0x000000000004dad8                _video_driver_api_list_start = .
 *(SORT_BY_NAME(SORT_BY_ALIGNMENT(._video_driver_api.static.*)))
                0x000000000004dad8                _video_driver_api_list_end = .

w1_driver_api_area
                0x000000000004dad8        0x0
                0x000000000004dad8                _w1_driver_api_list_start = .
 *(SORT_BY_NAME(SORT_BY_ALIGNMENT(._w1_driver_api.static.*)))
                0x000000000004dad8                _w1_driver_api_list_end = .

wdt_driver_api_area
                0x000000000004dad8        0x0
                0x000000000004dad8                _wdt_driver_api_list_start = .
 *(SORT_BY_NAME(SORT_BY_ALIGNMENT(._wdt_driver_api.static.*)))
                0x000000000004dad8                _wdt_driver_api_list_end = .

can_transceiver_driver_api_area
                0x000000000004dad8        0x0
                0x000000000004dad8                _can_transceiver_driver_api_list_start = .
 *(SORT_BY_NAME(SORT_BY_ALIGNMENT(._can_transceiver_driver_api.static.*)))
                0x000000000004dad8                _can_transceiver_driver_api_list_end = .

nrf_clock_control_driver_api_area
                0x000000000004dad8        0x0
                0x000000000004dad8                _nrf_clock_control_driver_api_list_start = .
 *(SORT_BY_NAME(SORT_BY_ALIGNMENT(._nrf_clock_control_driver_api.static.*)))
                0x000000000004dad8                _nrf_clock_control_driver_api_list_end = .

i3c_target_driver_api_area
                0x000000000004dad8        0x0
                0x000000000004dad8                _i3c_target_driver_api_list_start = .
 *(SORT_BY_NAME(SORT_BY_ALIGNMENT(._i3c_target_driver_api.static.*)))
                0x000000000004dad8                _i3c_target_driver_api_list_end = .

its_driver_api_area
                0x000000000004dad8        0x0
                0x000000000004dad8                _its_driver_api_list_start = .
 *(SORT_BY_NAME(SORT_BY_ALIGNMENT(._its_driver_api.static.*)))
                0x000000000004dad8                _its_driver_api_list_end = .

vtd_driver_api_area
                0x000000000004dad8        0x0
                0x000000000004dad8                _vtd_driver_api_list_start = .
 *(SORT_BY_NAME(SORT_BY_ALIGNMENT(._vtd_driver_api.static.*)))
                0x000000000004dad8                _vtd_driver_api_list_end = .

tgpio_driver_api_area
                0x000000000004dad8        0x0
                0x000000000004dad8                _tgpio_driver_api_list_start = .
 *(SORT_BY_NAME(SORT_BY_ALIGNMENT(._tgpio_driver_api.static.*)))
                0x000000000004dad8                _tgpio_driver_api_list_end = .

pcie_ctrl_driver_api_area
                0x000000000004dad8        0x0
                0x000000000004dad8                _pcie_ctrl_driver_api_list_start = .
 *(SORT_BY_NAME(SORT_BY_ALIGNMENT(._pcie_ctrl_driver_api.static.*)))
                0x000000000004dad8                _pcie_ctrl_driver_api_list_end = .

pcie_ep_driver_api_area
                0x000000000004dad8        0x0
                0x000000000004dad8                _pcie_ep_driver_api_list_start = .
 *(SORT_BY_NAME(SORT_BY_ALIGNMENT(._pcie_ep_driver_api.static.*)))
                0x000000000004dad8                _pcie_ep_driver_api_list_end = .

svc_driver_api_area
                0x000000000004dad8        0x0
                0x000000000004dad8                _svc_driver_api_list_start = .
 *(SORT_BY_NAME(SORT_BY_ALIGNMENT(._svc_driver_api.static.*)))
                0x000000000004dad8                _svc_driver_api_list_end = .

uart_driver_api_area
                0x000000000004dad8        0xc
                0x000000000004dad8                _uart_driver_api_list_start = .
 *(SORT_BY_NAME(SORT_BY_ALIGNMENT(._uart_driver_api.static.*)))
 ._uart_driver_api.static.uart_nrfx_uarte_driver_api_
                0x000000000004dad8        0xc zephyr/drivers/serial/libdrivers__serial.a(uart_nrfx_uarte.c.obj)
                0x000000000004dae4                _uart_driver_api_list_end = .

bc12_emul_driver_api_area
                0x000000000004dae4        0x0
                0x000000000004dae4                _bc12_emul_driver_api_list_start = .
 *(SORT_BY_NAME(SORT_BY_ALIGNMENT(._bc12_emul_driver_api.static.*)))
                0x000000000004dae4                _bc12_emul_driver_api_list_end = .

bc12_driver_api_area
                0x000000000004dae4        0x0
                0x000000000004dae4                _bc12_driver_api_list_start = .
 *(SORT_BY_NAME(SORT_BY_ALIGNMENT(._bc12_driver_api.static.*)))
                0x000000000004dae4                _bc12_driver_api_list_end = .

usbc_ppc_driver_api_area
                0x000000000004dae4        0x0
                0x000000000004dae4                _usbc_ppc_driver_api_list_start = .
 *(SORT_BY_NAME(SORT_BY_ALIGNMENT(._usbc_ppc_driver_api.static.*)))
                0x000000000004dae4                _usbc_ppc_driver_api_list_end = .

tcpc_driver_api_area
                0x000000000004dae4        0x0
                0x000000000004dae4                _tcpc_driver_api_list_start = .
 *(SORT_BY_NAME(SORT_BY_ALIGNMENT(._tcpc_driver_api.static.*)))
                0x000000000004dae4                _tcpc_driver_api_list_end = .

usbc_vbus_driver_api_area
                0x000000000004dae4        0x0
                0x000000000004dae4                _usbc_vbus_driver_api_list_start = .
 *(SORT_BY_NAME(SORT_BY_ALIGNMENT(._usbc_vbus_driver_api.static.*)))
                0x000000000004dae4                _usbc_vbus_driver_api_list_end = .

ivshmem_driver_api_area
                0x000000000004dae4        0x0
                0x000000000004dae4                _ivshmem_driver_api_list_start = .
 *(SORT_BY_NAME(SORT_BY_ALIGNMENT(._ivshmem_driver_api.static.*)))
                0x000000000004dae4                _ivshmem_driver_api_list_end = .

ethphy_driver_api_area
                0x000000000004dae4        0x0
                0x000000000004dae4                _ethphy_driver_api_list_start = .
 *(SORT_BY_NAME(SORT_BY_ALIGNMENT(._ethphy_driver_api.static.*)))
                0x000000000004dae4                _ethphy_driver_api_list_end = .

ztest           0x000000000004dae4        0x0
                0x000000000004dae4                _ztest_expected_result_entry_list_start = .
 *(SORT_BY_NAME(SORT_BY_ALIGNMENT(._ztest_expected_result_entry.static.*)))
                0x000000000004dae4                _ztest_expected_result_entry_list_end = .
                0x000000000004dae4                _ztest_suite_node_list_start = .
 *(SORT_BY_NAME(SORT_BY_ALIGNMENT(._ztest_suite_node.static.*)))
                0x000000000004dae4                _ztest_suite_node_list_end = .
                0x000000000004dae4                _ztest_unit_test_list_start = .
 *(SORT_BY_NAME(SORT_BY_ALIGNMENT(._ztest_unit_test.static.*)))
                0x000000000004dae4                _ztest_unit_test_list_end = .
                0x000000000004dae4                _ztest_test_rule_list_start = .
 *(SORT_BY_NAME(SORT_BY_ALIGNMENT(._ztest_test_rule.static.*)))
                0x000000000004dae4                _ztest_test_rule_list_end = .

init_array      0x000000000004dae4        0x0
 *(SORT_BY_NAME(SORT_BY_ALIGNMENT(.ctors*)))
 *(SORT_BY_NAME(SORT_BY_ALIGNMENT(.init_array*)))
                0x0000000000000001                ASSERT ((SIZEOF (init_array) == 0x0), GNU-style constructors required but STATIC_INIT_GNU not enabled)

bt_l2cap_fixed_chan_area
                0x000000000004dae4        0x0
                0x000000000004dae4                _bt_l2cap_fixed_chan_list_start = .
 *(SORT_BY_NAME(SORT_BY_ALIGNMENT(._bt_l2cap_fixed_chan.static.*)))
                0x000000000004dae4                _bt_l2cap_fixed_chan_list_end = .

bt_gatt_service_static_area
                0x000000000004dae4        0x0
                0x000000000004dae4                _bt_gatt_service_static_list_start = .
 *(SORT_BY_NAME(SORT_BY_ALIGNMENT(._bt_gatt_service_static.static.*)))
                0x000000000004dae4                _bt_gatt_service_static_list_end = .

log_strings_area
                0x000000000004dae4        0x0
                0x000000000004dae4                _log_strings_list_start = .
 *(SORT_BY_NAME(SORT_BY_ALIGNMENT(._log_strings.static.*)))
                0x000000000004dae4                _log_strings_list_end = .

log_stmesp_ptr_area
                0x000000000004dae4        0x0
                0x000000000004dae4                _log_stmesp_ptr_list_start = .
 *(SORT_BY_NAME(SORT_BY_ALIGNMENT(._log_stmesp_ptr.static.*)))
                0x000000000004dae4                _log_stmesp_ptr_list_end = .

log_stmesp_str_area
                0x000000000004dae4        0x0
                0x000000000004dae4                _log_stmesp_str_list_start = .
 *(SORT_BY_NAME(SORT_BY_ALIGNMENT(._log_stmesp_str.static.*)))
                0x000000000004dae4                _log_stmesp_str_list_end = .

log_const_area  0x000000000004dae4        0x0
                0x000000000004dae4                _log_const_list_start = .
 *(SORT_BY_NAME(SORT_BY_ALIGNMENT(._log_const.static.*)))
                0x000000000004dae4                _log_const_list_end = .

log_backend_area
                0x000000000004dae4        0x0
                0x000000000004dae4                _log_backend_list_start = .
 *(SORT_BY_NAME(SORT_BY_ALIGNMENT(._log_backend.static.*)))
                0x000000000004dae4                _log_backend_list_end = .

log_link_area   0x000000000004dae4        0x0
                0x000000000004dae4                _log_link_list_start = .
 *(SORT_BY_NAME(SORT_BY_ALIGNMENT(._log_link.static.*)))
                0x000000000004dae4                _log_link_list_end = .

tracing_backend_area
                0x000000000004dae4        0x0
                0x000000000004dae4                _tracing_backend_list_start = .
 *(SORT_BY_NAME(SORT_BY_ALIGNMENT(._tracing_backend.static.*)))
                0x000000000004dae4                _tracing_backend_list_end = .

zephyr_dbg_info
 *(SORT_BY_ALIGNMENT(.dbg_thread_info))

intc_table_area
                0x000000000004dae4        0x0
                0x000000000004dae4                _intc_table_list_start = .
 *(SORT_BY_NAME(SORT_BY_ALIGNMENT(._intc_table.static.*)))
                0x000000000004dae4                _intc_table_list_end = .

symbol_to_keep  0x000000000004dae4        0x0
                0x000000000004dae4                __symbol_to_keep_start = .
 *(SORT_BY_NAME(SORT_BY_ALIGNMENT(.symbol_to_keep*)))
                0x000000000004dae4                __symbol_to_keep_end = .

shell_area      0x000000000004dae4        0x0
                0x000000000004dae4                _shell_list_start = .
 *(SORT_BY_NAME(SORT_BY_ALIGNMENT(._shell.static.*)))
                0x000000000004dae4                _shell_list_end = .

shell_root_cmds_area
                0x000000000004dae4        0x0
                0x000000000004dae4                _shell_root_cmds_list_start = .
 *(SORT_BY_NAME(SORT_BY_ALIGNMENT(._shell_root_cmds.static.*)))
                0x000000000004dae4                _shell_root_cmds_list_end = .

shell_subcmds_area
                0x000000000004dae4        0x0
                0x000000000004dae4                _shell_subcmds_list_start = .
 *(SORT_BY_NAME(SORT_BY_ALIGNMENT(._shell_subcmds.static.*)))
                0x000000000004dae4                _shell_subcmds_list_end = .

shell_dynamic_subcmds_area
                0x000000000004dae4        0x0
                0x000000000004dae4                _shell_dynamic_subcmds_list_start = .
 *(SORT_BY_NAME(SORT_BY_ALIGNMENT(._shell_dynamic_subcmds.static.*)))
                0x000000000004dae4                _shell_dynamic_subcmds_list_end = .

cfb_font_area   0x000000000004dae4        0x0
                0x000000000004dae4                _cfb_font_list_start = .
 *(SORT_BY_NAME(SORT_BY_ALIGNMENT(._cfb_font.static.*)))
                0x000000000004dae4                _cfb_font_list_end = .

tdata           0x000000000004dae4        0x0
 *(SORT_BY_ALIGNMENT(.tdata) SORT_BY_ALIGNMENT(.tdata.*) SORT_BY_ALIGNMENT(.gnu.linkonce.td.*))

tbss            0x000000000004dae4        0x4
 *(SORT_BY_ALIGNMENT(.tbss) SORT_BY_ALIGNMENT(.tbss.*) SORT_BY_ALIGNMENT(.gnu.linkonce.tb.*) SORT_BY_ALIGNMENT(.tcommon))
 .tbss.z_tls_current
                0x000000000004dae4        0x4 zephyr/libzephyr.a(thread_entry.c.obj)
                0x000000000004dae4                z_tls_current
                0x000000000004dae4                PROVIDE (__tdata_start = LOADADDR (tdata))
                0x0000000000000001                PROVIDE (__tdata_align = ALIGNOF (tdata))
                0x0000000000000000                PROVIDE (__tdata_size = (((SIZEOF (tdata) + __tdata_align) - 0x1) & ~ ((__tdata_align - 0x1))))
                [!provide]                        PROVIDE (__tdata_end = (__tdata_start + __tdata_size))
                0x0000000000000004                PROVIDE (__tbss_align = ALIGNOF (tbss))
                [!provide]                        PROVIDE (__tbss_start = ADDR (tbss))
                0x0000000000000004                PROVIDE (__tbss_size = (((SIZEOF (tbss) + __tbss_align) - 0x1) & ~ ((__tbss_align - 0x1))))
                [!provide]                        PROVIDE (__tbss_end = (__tbss_start + __tbss_size))
                [!provide]                        PROVIDE (__tls_start = __tdata_start)
                [!provide]                        PROVIDE (__tls_end = __tbss_end)
                [!provide]                        PROVIDE (__tls_size = (__tbss_end - __tdata_start))

rodata          0x000000000004daf0      0x258
 *(SORT_BY_ALIGNMENT(.rodata))
 .rodata        0x000000000004daf0        0xc modules/hal_nordic/modules/hal_nordic/nrfx/libmodules__hal_nordic__nrfx.a(nrfx_gpiote.c.obj)
 .rodata        0x000000000004dafc        0xc modules/hal_nordic/modules/hal_nordic/nrfx/libmodules__hal_nordic__nrfx.a(nrfx_grtc.c.obj)
 *(SORT_BY_ALIGNMENT(.rodata.*))
 *fill*         0x000000000004db08        0x8 
 .rodata.delay_machine_code.0
                0x000000000004db10        0x6 zephyr/soc/soc/nrf54l15/libsoc__nordic.a(soc.c.obj)
 *fill*         0x000000000004db16        0xa 
 .rodata.delay_machine_code.0
                0x000000000004db20        0x6 modules/hal_nordic/modules/hal_nordic/nrfx/libmodules__hal_nordic__nrfx.a(nrfx_grtc.c.obj)
 *fill*         0x000000000004db26        0x2 
 .rodata.led1   0x000000000004db28        0x8 app/libapp.a(main.c.obj)
 .rodata.led    0x000000000004db30        0x8 app/libapp.a(main.c.obj)
 .rodata.button1
                0x000000000004db38        0x8 app/libapp.a(main.c.obj)
 .rodata.button
                0x000000000004db40        0x8 app/libapp.a(main.c.obj)
 .rodata.mem_attr_region
                0x000000000004db48        0x0 zephyr/libzephyr.a(mem_attr.c.obj)
 .rodata.static_regions
                0x000000000004db48        0xc zephyr/arch/arch/arm/core/mpu/libarch__arm__core__mpu.a(arm_core_mpu.c.obj)
 .rodata.mpu_config
                0x000000000004db54        0x8 zephyr/arch/arch/arm/core/mpu/libarch__arm__core__mpu.a(arm_mpu_regions.c.obj)
                0x000000000004db54                mpu_config
 .rodata.mpu_regions
                0x000000000004db5c       0x20 zephyr/arch/arch/arm/core/mpu/libarch__arm__core__mpu.a(arm_mpu_regions.c.obj)
 .rodata.transitions.0
                0x000000000004db7c        0xc zephyr/drivers/clock_control/libdrivers__clock_control.a(clock_control_nrf.c.obj)
 .rodata.config
                0x000000000004db88       0x10 zephyr/drivers/clock_control/libdrivers__clock_control.a(clock_control_nrf.c.obj)
 .rodata.CSWTCH.44
                0x000000000004db98        0xc zephyr/drivers/gpio/libdrivers__gpio.a(gpio_nrfx.c.obj)
 .rodata.gpio_nrfx_p2_cfg
                0x000000000004dba4       0x18 zephyr/drivers/gpio/libdrivers__gpio.a(gpio_nrfx.c.obj)
 .rodata.gpio_nrfx_p1_cfg
                0x000000000004dbbc       0x18 zephyr/drivers/gpio/libdrivers__gpio.a(gpio_nrfx.c.obj)
 .rodata.gpio_nrfx_p0_cfg
                0x000000000004dbd4       0x18 zephyr/drivers/gpio/libdrivers__gpio.a(gpio_nrfx.c.obj)
 .rodata.CSWTCH.20
                0x000000000004dbec        0xc zephyr/drivers/pinctrl/libdrivers__pinctrl.a(pinctrl_nrf.c.obj)
 .rodata.uarte_20z_config
                0x000000000004dbf8       0x2c zephyr/drivers/serial/libdrivers__serial.a(uart_nrfx_uarte.c.obj)
 .rodata.__pinctrl_dev_config__device_dts_ord_100
                0x000000000004dc24        0xc zephyr/drivers/serial/libdrivers__serial.a(uart_nrfx_uarte.c.obj)
 .rodata.__pinctrl_states__device_dts_ord_100
                0x000000000004dc30        0x8 zephyr/drivers/serial/libdrivers__serial.a(uart_nrfx_uarte.c.obj)
 .rodata.__pinctrl_state_pins_0__device_dts_ord_100
                0x000000000004dc38       0x10 zephyr/drivers/serial/libdrivers__serial.a(uart_nrfx_uarte.c.obj)
 .rodata.CSWTCH.100
                0x000000000004dc48        0xc modules/hal_nordic/modules/hal_nordic/nrfx/libmodules__hal_nordic__nrfx.a(nrfx_gpiote.c.obj)
 .rodata.levels.0
                0x000000000004dc54       0x18 zephyr/kernel/libkernel.a(init.c.obj)
 .rodata.boot_banner.str1.1
                0x000000000004dc6c       0x63 zephyr/libzephyr.a(banner.c.obj)
 .rodata.str1.1
                0x000000000004dccf        0xf zephyr/arch/arch/arm/core/mpu/libarch__arm__core__mpu.a(arm_mpu_regions.c.obj)
 .rodata.str1.1
                0x000000000004dcde        0xd zephyr/drivers/clock_control/libdrivers__clock_control.a(clock_control_nrf.c.obj)
 .rodata.str1.1
                0x000000000004dceb       0x22 zephyr/drivers/gpio/libdrivers__gpio.a(gpio_nrfx.c.obj)
 .rodata.drive_modes
                0x000000000004dd0d        0x9 zephyr/drivers/pinctrl/libdrivers__pinctrl.a(pinctrl_nrf.c.obj)
 .rodata.str1.1
                0x000000000004dd16        0xb zephyr/drivers/serial/libdrivers__serial.a(uart_nrfx_uarte.c.obj)
 .rodata.port_offset.1
                0x000000000004dd21       0x10 modules/hal_nordic/modules/hal_nordic/nrfx/libmodules__hal_nordic__nrfx.a(nrfx_gpiote.c.obj)
 .rodata.ports  0x000000000004dd31        0x3 modules/hal_nordic/modules/hal_nordic/nrfx/libmodules__hal_nordic__nrfx.a(nrfx_gpiote.c.obj)
 .rodata.z_cstart.str1.1
                0x000000000004dd34        0x5 zephyr/kernel/libkernel.a(init.c.obj)
 .rodata.__l_vfprintf.str1.1