Archive member included to satisfy reference by file (symbol)

platform/libplatform_s.a(system_nrf54l.o)
                              secure_fw/CMakeFiles/tfm_s.dir/__/platform/ext/target/nordic_nrf/common/core/startup.o (SystemInit)
platform/libplatform_s.a(exception_info.o)
                              secure_fw/CMakeFiles/tfm_s.dir/__/platform/ext/target/nordic_nrf/common/core/startup_nrf54l15.o (store_and_dump_context)
platform/libplatform_s.a(tfm_hal_spm_logdev_peripheral.o)
                              platform/libplatform_s.a(exception_info.o) (tfm_hal_output_spm_log)
platform/libplatform_s.a(uart_stdout.o)
                              platform/libplatform_s.a(tfm_hal_spm_logdev_peripheral.o) (stdio_output_string)
platform/libplatform_s.a(Driver_USART.o)
                              platform/libplatform_s.a(uart_stdout.o) (Driver_USART30)
platform/libplatform_s.a(nrfx_uarte.o)
                              platform/libplatform_s.a(Driver_USART.o) (nrfx_uarte_init)
platform/libplatform_s.a(nrfx_glue.o)
                              platform/libplatform_s.a(nrfx_uarte.o) (nrfx_critical_section_enter)
secure_fw/partitions/lib/runtime/libtfm_sprt.a(crt_memmove.o)
                              platform/libplatform_s.a(nrfx_uarte.o) (memmove)
secure_fw/partitions/lib/runtime/libtfm_sprt.a(crt_memcpy.o)
                              platform/libplatform_s.a(exception_info.o) (memcpy)
secure_fw/partitions/lib/runtime/libtfm_sprt.a(crt_memset.o)
                              c:/ncs/toolchains/0b393f9e1b/opt/zephyr-sdk/arm-zephyr-eabi/bin/../lib/gcc/arm-zephyr-eabi/12.2.0/../../../../arm-zephyr-eabi/lib/thumb/v8-m.main/nofp/crt0.o (memset)
secure_fw/partitions/lib/runtime/libtfm_sprt.a(psa_api_ipc.o)
                              secure_fw/CMakeFiles/tfm_s.dir/partitions/ns_agent_tz/psa_api_veneers_v80m.o (psa_framework_version)
secure_fw/partitions/lib/runtime/libtfm_sprt.a(sprt_partition_metadata_indicator.o)
                              secure_fw/partitions/lib/runtime/libtfm_sprt.a(psa_api_ipc.o) (p_partition_metadata)
secure_fw/spm/libtfm_spm.a(utilities.o)
                              secure_fw/CMakeFiles/tfm_s.dir/__/platform/ext/target/nordic_nrf/common/core/startup.o (tfm_core_panic)
secure_fw/spm/libtfm_spm.a(spm_log.o)
                              platform/libplatform_s.a(exception_info.o) (spm_log_msgval)
secure_fw/spm/libtfm_spm.a(main.o)
                              c:/ncs/toolchains/0b393f9e1b/opt/zephyr-sdk/arm-zephyr-eabi/bin/../lib/gcc/arm-zephyr-eabi/12.2.0/../../../../arm-zephyr-eabi/lib/thumb/v8-m.main/nofp/crt0.o (main)
secure_fw/spm/libtfm_spm.a(tfm_arch_v8m_main.o)
                              secure_fw/spm/libtfm_spm.a(main.o) (tfm_arch_set_secure_exception_priorities)
secure_fw/spm/libtfm_spm.a(ns_agent_tz_v80m.o)
                              secure_fw/CMakeFiles/tfm_s.dir/partitions/ns_agent_tz/load_info_ns_agent_tz.o (ns_agent_tz_main)
secure_fw/spm/libtfm_spm.a(tfm_hal_isolation.o)
                              secure_fw/spm/libtfm_spm.a(main.o) (tfm_hal_set_up_static_boundaries)
secure_fw/spm/libtfm_spm.a(faults.o)
                              secure_fw/CMakeFiles/tfm_s.dir/__/platform/ext/target/nordic_nrf/common/core/startup_nrf54l15.o (SPU00_IRQHandler)
secure_fw/spm/libtfm_spm.a(target_cfg.o)
                              secure_fw/spm/libtfm_spm.a(tfm_hal_isolation.o) (sau_and_idau_cfg)
secure_fw/spm/libtfm_spm.a(tfm_boot_data.o)
                              secure_fw/spm/libtfm_spm.a(main.o) (tfm_core_validate_boot_data)
secure_fw/spm/libtfm_spm.a(spm_ipc.o)
                              secure_fw/spm/libtfm_spm.a(tfm_boot_data.o) (tfm_spm_partition_get_running_partition_id)
secure_fw/spm/libtfm_spm.a(rom_loader.o)
                              secure_fw/spm/libtfm_spm.a(spm_ipc.o) (load_a_partition_assuredly)
secure_fw/spm/libtfm_spm.a(backend_ipc.o)
                              secure_fw/spm/libtfm_spm.a(spm_ipc.o) (backend_init_comp_assuredly)
secure_fw/spm/libtfm_spm.a(tfm_svcalls.o)
                              secure_fw/spm/libtfm_spm.a(tfm_arch_v8m_main.o) (spm_svc_handler)
secure_fw/spm/libtfm_spm.a(thread.o)
                              secure_fw/spm/libtfm_spm.a(backend_ipc.o) (thrd_set_query_callback)
secure_fw/spm/libtfm_spm.a(tfm_spm_ns_ctx.o)
                              secure_fw/spm/libtfm_spm.a(backend_ipc.o) (tz_ns_agent_register_client_id_range)
secure_fw/spm/libtfm_spm.a(spm_connection_pool.o)
                              secure_fw/spm/libtfm_spm.a(spm_ipc.o) (connection_to_handle)
secure_fw/spm/libtfm_spm.a(tfm_hal_platform_common.o)
                              secure_fw/spm/libtfm_spm.a(tfm_spm_ns_ctx.o) (tfm_hal_get_ns_VTOR)
secure_fw/spm/libtfm_spm.a(tfm_arch.o)
                              secure_fw/spm/libtfm_spm.a(tfm_svcalls.o) (tfm_arch_free_msp_and_exc_ret)
secure_fw/spm/libtfm_spm.a(psa_api.o)
                              secure_fw/spm/libtfm_spm.a(backend_ipc.o) (spm_handle_programmer_errors)
[...]
Memory Configuration

Name             Origin             Length             Attributes
FLASH            0x0000000000000000 0x0000000000040000 xr
RAM              0x0000000020000000 0x0000000000013000 rw
*default*        0x0000000000000000 0xffffffffffffffff

Linker script and memory map

LOAD c:/ncs/toolchains/0b393f9e1b/opt/zephyr-sdk/arm-zephyr-eabi/bin/../lib/gcc/arm-zephyr-eabi/12.2.0/thumb/v8-m.main/nofp/crti.o
LOAD c:/ncs/toolchains/0b393f9e1b/opt/zephyr-sdk/arm-zephyr-eabi/bin/../lib/gcc/arm-zephyr-eabi/12.2.0/thumb/v8-m.main/nofp/crtbegin.o
LOAD c:/ncs/toolchains/0b393f9e1b/opt/zephyr-sdk/arm-zephyr-eabi/bin/../lib/gcc/arm-zephyr-eabi/12.2.0/../../../../arm-zephyr-eabi/lib/thumb/v8-m.main/nofp/crt0.o
LOAD secure_fw/CMakeFiles/tfm_s.dir/partitions/ns_agent_tz/psa_api_veneers_v80m.o
LOAD secure_fw/CMakeFiles/tfm_s.dir/__/platform/ext/target/nordic_nrf/common/core/startup.o
LOAD secure_fw/CMakeFiles/tfm_s.dir/__/platform/ext/target/nordic_nrf/common/core/startup_nrf54l15.o
LOAD secure_fw/CMakeFiles/tfm_s.dir/__/platform/ext/common/faults.o
LOAD secure_fw/CMakeFiles/tfm_s.dir/__/generated/secure_fw/partitions/crypto/auto_generated/load_info_tfm_crypto.o
LOAD secure_fw/CMakeFiles/tfm_s.dir/__/generated/secure_fw/partitions/protected_storage/auto_generated/load_info_tfm_protected_storage.o
LOAD secure_fw/CMakeFiles/tfm_s.dir/__/generated/secure_fw/partitions/internal_trusted_storage/auto_generated/load_info_tfm_internal_trusted_storage.o
LOAD secure_fw/CMakeFiles/tfm_s.dir/__/generated/secure_fw/partitions/platform/auto_generated/load_info_tfm_platform.o
LOAD secure_fw/CMakeFiles/tfm_s.dir/partitions/ns_agent_tz/load_info_ns_agent_tz.o
LOAD secure_fw/CMakeFiles/tfm_s.dir/__/platform/ext/common/syscalls_stub.o
LOAD platform/libplatform_s.a
LOAD secure_fw/partitions/lib/runtime/libtfm_sprt.a
LOAD secure_fw/spm/libtfm_spm.a
LOAD secure_fw/partitions/crypto/libtfm_psa_rot_partition_crypto.a
LOAD platform/libplatform_crypto_keys.a
LOAD secure_fw/partitions/crypto/mbedcrypto/nrf_security_src/libcrypto_service_mbedcrypto.a
LOAD secure_fw/partitions/protected_storage/libtfm_app_rot_partition_ps.a
LOAD secure_fw/partitions/internal_trusted_storage/libtfm_psa_rot_partition_its.a
LOAD secure_fw/partitions/platform/libtfm_psa_rot_partition_platform.a
LOAD secure_fw/partitions/lib/runtime/libtfm_sp_log.a
LOAD secure_fw/partitions/crypto/mbedcrypto/nrf_security_src/libmbedcrypto_base.a
LOAD secure_fw/partitions/crypto/mbedcrypto/nrf_security_src/core/nrf_oberon/liboberon_psa_core.a
LOAD secure_fw/partitions/crypto/mbedcrypto/nrf_security_src/libnrf_security_utils.a
LOAD secure_fw/partitions/crypto/mbedcrypto/nrf_security_src/drivers/cracen/libcracen_psa_driver.a
LOAD platform/libplatform_s.a
LOAD secure_fw/partitions/lib/runtime/libtfm_sprt.a
LOAD secure_fw/spm/libtfm_spm.a
LOAD secure_fw/partitions/crypto/libtfm_psa_rot_partition_crypto.a
LOAD platform/libplatform_crypto_keys.a
LOAD secure_fw/partitions/crypto/mbedcrypto/nrf_security_src/libcrypto_service_mbedcrypto.a
LOAD secure_fw/partitions/protected_storage/libtfm_app_rot_partition_ps.a
LOAD secure_fw/partitions/internal_trusted_storage/libtfm_psa_rot_partition_its.a
LOAD secure_fw/partitions/platform/libtfm_psa_rot_partition_platform.a
LOAD secure_fw/partitions/lib/runtime/libtfm_sp_log.a
LOAD secure_fw/partitions/crypto/mbedcrypto/nrf_security_src/libmbedcrypto_base.a
LOAD secure_fw/partitions/crypto/mbedcrypto/nrf_security_src/core/nrf_oberon/liboberon_psa_core.a
LOAD secure_fw/partitions/crypto/mbedcrypto/nrf_security_src/libnrf_security_utils.a
LOAD secure_fw/partitions/crypto/mbedcrypto/nrf_security_src/drivers/cracen/libcracen_psa_driver.a
LOAD platform/libplatform_s.a
LOAD secure_fw/partitions/lib/runtime/libtfm_sprt.a
LOAD secure_fw/spm/libtfm_spm.a
LOAD secure_fw/partitions/crypto/libtfm_psa_rot_partition_crypto.a
LOAD platform/libplatform_crypto_keys.a
LOAD secure_fw/partitions/crypto/mbedcrypto/nrf_security_src/libcrypto_service_mbedcrypto.a
LOAD secure_fw/partitions/protected_storage/libtfm_app_rot_partition_ps.a
LOAD secure_fw/partitions/internal_trusted_storage/libtfm_psa_rot_partition_its.a
LOAD secure_fw/partitions/platform/libtfm_psa_rot_partition_platform.a
LOAD secure_fw/partitions/lib/runtime/libtfm_sp_log.a
LOAD secure_fw/partitions/crypto/mbedcrypto/nrf_security_src/libmbedcrypto_base.a
LOAD secure_fw/partitions/crypto/mbedcrypto/nrf_security_src/core/nrf_oberon/liboberon_psa_core.a
LOAD secure_fw/partitions/crypto/mbedcrypto/nrf_security_src/libnrf_security_utils.a
LOAD secure_fw/partitions/crypto/mbedcrypto/nrf_security_src/drivers/cracen/libcracen_psa_driver.a
START GROUP
LOAD c:/ncs/toolchains/0b393f9e1b/opt/zephyr-sdk/arm-zephyr-eabi/bin/../lib/gcc/arm-zephyr-eabi/12.2.0/thumb/v8-m.main/nofp\libgcc.a
LOAD c:/ncs/toolchains/0b393f9e1b/opt/zephyr-sdk/arm-zephyr-eabi/bin/../lib/gcc/arm-zephyr-eabi/12.2.0/../../../../arm-zephyr-eabi/lib/thumb/v8-m.main/nofp\libc_nano.a
END GROUP
START GROUP
LOAD c:/ncs/toolchains/0b393f9e1b/opt/zephyr-sdk/arm-zephyr-eabi/bin/../lib/gcc/arm-zephyr-eabi/12.2.0/thumb/v8-m.main/nofp\libgcc.a
LOAD c:/ncs/toolchains/0b393f9e1b/opt/zephyr-sdk/arm-zephyr-eabi/bin/../lib/gcc/arm-zephyr-eabi/12.2.0/../../../../arm-zephyr-eabi/lib/thumb/v8-m.main/nofp\libc_nano.a
LOAD c:/ncs/toolchains/0b393f9e1b/opt/zephyr-sdk/arm-zephyr-eabi/bin/../lib/gcc/arm-zephyr-eabi/12.2.0/../../../../arm-zephyr-eabi/lib/thumb/v8-m.main/nofp\libnosys.a
END GROUP
START GROUP
LOAD c:/ncs/toolchains/0b393f9e1b/opt/zephyr-sdk/arm-zephyr-eabi/bin/../lib/gcc/arm-zephyr-eabi/12.2.0/thumb/v8-m.main/nofp\libgcc.a
LOAD c:/ncs/toolchains/0b393f9e1b/opt/zephyr-sdk/arm-zephyr-eabi/bin/../lib/gcc/arm-zephyr-eabi/12.2.0/../../../../arm-zephyr-eabi/lib/thumb/v8-m.main/nofp\libc_nano.a
LOAD c:/ncs/toolchains/0b393f9e1b/opt/zephyr-sdk/arm-zephyr-eabi/bin/../lib/gcc/arm-zephyr-eabi/12.2.0/../../../../arm-zephyr-eabi/lib/thumb/v8-m.main/nofp\libnosys.a
END GROUP
LOAD c:/ncs/toolchains/0b393f9e1b/opt/zephyr-sdk/arm-zephyr-eabi/bin/../lib/gcc/arm-zephyr-eabi/12.2.0/thumb/v8-m.main/nofp/crtend.o
LOAD c:/ncs/toolchains/0b393f9e1b/opt/zephyr-sdk/arm-zephyr-eabi/bin/../lib/gcc/arm-zephyr-eabi/12.2.0/thumb/v8-m.main/nofp/crtn.o
                0x0000000000000800                __msp_stack_size__ = 0x800
                0x0000000000000000                Image$$PT_RO_START$$Base = ADDR (.TFM_VECTORS)

.TFM_VECTORS    0x0000000000000000      0x478
                0x0000000000000000                __vectors_start__ = .
 *(.vectors)
 .vectors       0x0000000000000000      0x478 secure_fw/CMakeFiles/tfm_s.dir/__/platform/ext/target/nordic_nrf/common/core/startup_nrf54l15.o
                0x0000000000000000                __Vectors
                0x0000000000000478                . = ALIGN (0x4)
                0x0000000000000478                __vectors_end__ = .
                0x0000000000000001                ASSERT ((__vectors_start__ != __vectors_end__), .vectors should not be empty)
                0x0000000000000001                ASSERT ((. <= (ADDR (.TFM_VECTORS) + 0x47c)), .TFM_VECTORS section size overflow.)
                0x000000000000047c                . = (ADDR (.TFM_VECTORS) + 0x47c)

.gnu.sgstubs    0x0000000000000480       0x40
 *(.gnu.sgstubs*)
 .gnu.sgstubs.__stub
                0x0000000000000480       0x28 linker stubs
                0x0000000000000480                tfm_psa_framework_version_veneer
                0x0000000000000488                tfm_psa_version_veneer
                0x0000000000000490                tfm_psa_close_veneer
                0x0000000000000498                tfm_psa_connect_veneer
                0x00000000000004a0                tfm_psa_call_veneer

.sgstubs_end    0x00000000000004c0        0x0

.TFM_SP_LOAD_LIST
                0x00000000000004c0      0x188
 *(.part_load_priority_00)
 .part_load_priority_00
                0x00000000000004c0       0x38 secure_fw/CMakeFiles/tfm_s.dir/partitions/ns_agent_tz/load_info_ns_agent_tz.o
                0x00000000000004c0                tfm_sp_ns_agent_tz_load
 *(.part_load_priority_01)
 *(.part_load_priority_02)
 .part_load_priority_02
                0x00000000000004f8       0x54 secure_fw/CMakeFiles/tfm_s.dir/__/generated/secure_fw/partitions/crypto/auto_generated/load_info_tfm_crypto.o
                0x00000000000004f8                tfm_sp_crypto_load
 .part_load_priority_02
                0x000000000000054c       0x5c secure_fw/CMakeFiles/tfm_s.dir/__/generated/secure_fw/partitions/protected_storage/auto_generated/load_info_tfm_protected_storage.o
                0x000000000000054c                tfm_sp_ps_load
 .part_load_priority_02
                0x00000000000005a8       0x50 secure_fw/CMakeFiles/tfm_s.dir/__/generated/secure_fw/partitions/internal_trusted_storage/auto_generated/load_info_tfm_internal_trusted_storage.o
                0x00000000000005a8                tfm_sp_its_load
 .part_load_priority_02
                0x00000000000005f8       0x50 secure_fw/CMakeFiles/tfm_s.dir/__/generated/secure_fw/partitions/platform/auto_generated/load_info_tfm_platform.o
                0x00000000000005f8                tfm_sp_platform_load
 *(.part_load_priority_03)
                0x00000000000004c0                Image$$TFM_SP_LOAD_LIST$$RO$$Base = ADDR (.TFM_SP_LOAD_LIST)
                0x0000000000000648                Image$$TFM_SP_LOAD_LIST$$RO$$Limit = (ADDR (.TFM_SP_LOAD_LIST) + SIZEOF (.TFM_SP_LOAD_LIST))
                0x0000000000000660                . = ALIGN (0x20)
                0x0000000000000660                Image$$TFM_PSA_CODE_START$$Base = .

.TFM_PSA_ROT_LINKER
                0x0000000000000660     0x26a0
 *tfm_psa_rot_partition*:(SORT_BY_ALIGNMENT(.text*))
 .text.tfm_crypto_clear_scratch
                0x0000000000000660       0x24 secure_fw/partitions/crypto/libtfm_psa_rot_partition_crypto.a(crypto_init.o)
 .text.tfm_crypto_get_caller_id
                0x0000000000000684       0x10 secure_fw/partitions/crypto/libtfm_psa_rot_partition_crypto.a(crypto_init.o)
                0x0000000000000684                tfm_crypto_get_caller_id
 .text.tfm_crypto_api_dispatcher
                0x0000000000000694       0xbc secure_fw/partitions/crypto/libtfm_psa_rot_partition_crypto.a(crypto_init.o)
                0x0000000000000694                tfm_crypto_api_dispatcher
 .text.tfm_crypto_sfn
                0x0000000000000750      0x188 secure_fw/partitions/crypto/libtfm_psa_rot_partition_crypto.a(crypto_init.o)
                0x0000000000000750                tfm_crypto_sfn
 .text.tfm_crypto_init_alloc
                0x00000000000008d8       0x18 secure_fw/partitions/crypto/libtfm_psa_rot_partition_crypto.a(crypto_alloc.o)
                0x00000000000008d8                tfm_crypto_init_alloc
 .text.tfm_crypto_operation_alloc
                0x00000000000008f0       0x68 secure_fw/partitions/crypto/libtfm_psa_rot_partition_crypto.a(crypto_alloc.o)
                0x00000000000008f0                tfm_crypto_operation_alloc
 .text.tfm_crypto_operation_release
                0x0000000000000958       0x5c secure_fw/partitions/crypto/libtfm_psa_rot_partition_crypto.a(crypto_alloc.o)
                0x0000000000000958                tfm_crypto_operation_release
 .text.tfm_crypto_operation_lookup
                0x00000000000009b4       0x58 secure_fw/partitions/crypto/libtfm_psa_rot_partition_crypto.a(crypto_alloc.o)
                0x00000000000009b4                tfm_crypto_operation_lookup
 .text.tfm_crypto_library_get_info
                0x0000000000000a0c       0x1c secure_fw/partitions/crypto/libtfm_psa_rot_partition_crypto.a(crypto_library.o)
                0x0000000000000a0c                tfm_crypto_library_get_info
 .text.tfm_crypto_core_library_init
                0x0000000000000a28       0x20 secure_fw/partitions/crypto/libtfm_psa_rot_partition_crypto.a(crypto_library.o)
                0x0000000000000a28                tfm_crypto_core_library_init
 .text.tfm_internal_trusted_storage_service_sfn
                0x0000000000000a48      0x118 secure_fw/partitions/internal_trusted_storage/libtfm_psa_rot_partition_its.a(tfm_its_req_mngr.o)
                0x0000000000000a48                tfm_internal_trusted_storage_service_sfn
 .text.its_req_mngr_read
                0x0000000000000b60       0x14 secure_fw/partitions/internal_trusted_storage/libtfm_psa_rot_partition_its.a(tfm_its_req_mngr.o)
                0x0000000000000b60                its_req_mngr_read
 .text.its_req_mngr_write
                0x0000000000000b74       0x14 secure_fw/partitions/internal_trusted_storage/libtfm_psa_rot_partition_its.a(tfm_its_req_mngr.o)
                0x0000000000000b74                its_req_mngr_write
 .text.get_file_info
                0x0000000000000b88       0x60 secure_fw/partitions/internal_trusted_storage/libtfm_psa_rot_partition_its.a(tfm_internal_trusted_storage.o)
 .text.tfm_its_init
                0x0000000000000be8      0x104 secure_fw/partitions/internal_trusted_storage/libtfm_psa_rot_partition_its.a(tfm_internal_trusted_storage.o)
                0x0000000000000be8                tfm_its_init
 .text.tfm_its_set
                0x0000000000000cec       0xf8 secure_fw/partitions/internal_trusted_storage/libtfm_psa_rot_partition_its.a(tfm_internal_trusted_storage.o)
                0x0000000000000cec                tfm_its_set
 .text.tfm_its_get
                0x0000000000000de4      0x114 secure_fw/partitions/internal_trusted_storage/libtfm_psa_rot_partition_its.a(tfm_internal_trusted_storage.o)
                0x0000000000000de4                tfm_its_get
 .text.tfm_its_get_info
                0x0000000000000ef8       0x24 secure_fw/partitions/internal_trusted_storage/libtfm_psa_rot_partition_its.a(tfm_internal_trusted_storage.o)
                0x0000000000000ef8                tfm_its_get_info
 .text.tfm_its_remove
                0x0000000000000f1c       0x44 secure_fw/partitions/internal_trusted_storage/libtfm_psa_rot_partition_its.a(tfm_internal_trusted_storage.o)
                0x0000000000000f1c                tfm_its_remove
 .text.its_flash_nor_write
                0x0000000000000f60       0x44 secure_fw/partitions/internal_trusted_storage/libtfm_psa_rot_partition_its.a(its_flash_nor.o)
 .text.its_flash_nor_read
                0x0000000000000fa4       0xc8 secure_fw/partitions/internal_trusted_storage/libtfm_psa_rot_partition_its.a(its_flash_nor.o)
 .text.tfm_crypto_init
                0x000000000000106c       0x1c secure_fw/partitions/crypto/libtfm_psa_rot_partition_crypto.a(crypto_init.o)
                0x000000000000106c                tfm_crypto_init
 .text.tfm_crypto_cipher_interface
                0x0000000000001088      0x1a8 secure_fw/partitions/crypto/libtfm_psa_rot_partition_crypto.a(crypto_cipher.o)
                0x0000000000001088                tfm_crypto_cipher_interface
 .text.tfm_crypto_hash_interface
                0x0000000000001230      0x182 secure_fw/partitions/crypto/libtfm_psa_rot_partition_crypto.a(crypto_hash.o)
                0x0000000000001230                tfm_crypto_hash_interface
 .text.tfm_crypto_mac_interface
                0x00000000000013b2      0x178 secure_fw/partitions/crypto/libtfm_psa_rot_partition_crypto.a(crypto_mac.o)
                0x00000000000013b2                tfm_crypto_mac_interface
 .text.tfm_crypto_aead_interface
                0x000000000000152a      0x210 secure_fw/partitions/crypto/libtfm_psa_rot_partition_crypto.a(crypto_aead.o)
                0x000000000000152a                tfm_crypto_aead_interface
 .text.tfm_crypto_asymmetric_sign_interface
                0x000000000000173a        0x6 secure_fw/partitions/crypto/libtfm_psa_rot_partition_crypto.a(crypto_asymmetric.o)
                0x000000000000173a                tfm_crypto_asymmetric_sign_interface
 .text.tfm_crypto_asymmetric_encrypt_interface
                0x0000000000001740        0x6 secure_fw/partitions/crypto/libtfm_psa_rot_partition_crypto.a(crypto_asymmetric.o)
                0x0000000000001740                tfm_crypto_asymmetric_encrypt_interface
 .text.tfm_crypto_key_derivation_interface
                0x0000000000001746      0x188 secure_fw/partitions/crypto/libtfm_psa_rot_partition_crypto.a(crypto_key_derivation.o)
                0x0000000000001746                tfm_crypto_key_derivation_interface
 .text.tfm_crypto_key_management_interface
                0x00000000000018ce      0x176 secure_fw/partitions/crypto/libtfm_psa_rot_partition_crypto.a(crypto_key_management.o)
                0x00000000000018ce                tfm_crypto_key_management_interface
 .text.tfm_crypto_random_interface
                0x0000000000001a44        0x8 secure_fw/partitions/crypto/libtfm_psa_rot_partition_crypto.a(crypto_rng.o)
                0x0000000000001a44                tfm_crypto_random_interface
 .text.tfm_crypto_library_key_id_init
                0x0000000000001a4c        0x6 secure_fw/partitions/crypto/libtfm_psa_rot_partition_crypto.a(crypto_library.o)
                0x0000000000001a4c                tfm_crypto_library_key_id_init
 .text.tfm_crypto_library_get_library_key_id_set_owner
                0x0000000000001a52        0x4 secure_fw/partitions/crypto/libtfm_psa_rot_partition_crypto.a(crypto_library.o)
                0x0000000000001a52                tfm_crypto_library_get_library_key_id_set_owner
 .text.tfm_crypto_pake_interface
                0x0000000000001a56        0x6 secure_fw/partitions/crypto/libtfm_psa_rot_partition_crypto.a(crypto_pake.o)
                0x0000000000001a56                tfm_crypto_pake_interface
 .text.tfm_its_entry
                0x0000000000001a5c        0x4 secure_fw/partitions/internal_trusted_storage/libtfm_psa_rot_partition_its.a(tfm_its_req_mngr.o)
                0x0000000000001a5c                tfm_its_entry
 .text.tfm_its_crypt_file
                0x0000000000001a60       0xf2 secure_fw/partitions/internal_trusted_storage/libtfm_psa_rot_partition_its.a(its_crypto_interface.o)
                0x0000000000001a60                tfm_its_crypt_file
 .text.its_flash_nor_init
                0x0000000000001b52       0x14 secure_fw/partitions/internal_trusted_storage/libtfm_psa_rot_partition_its.a(its_flash_nor.o)
 .text.its_flash_nor_flush
                0x0000000000001b66        0x4 secure_fw/partitions/internal_trusted_storage/libtfm_psa_rot_partition_its.a(its_flash_nor.o)
 .text.its_flash_nor_erase
                0x0000000000001b6a       0x2e secure_fw/partitions/internal_trusted_storage/libtfm_psa_rot_partition_its.a(its_flash_nor.o)
 .text.its_flash_fs_delete_idx
                0x0000000000001b98       0xe6 secure_fw/partitions/internal_trusted_storage/libtfm_psa_rot_partition_its.a(its_flash_fs.o)
 .text.its_flash_fs_init_ctx
                0x0000000000001c7e       0x64 secure_fw/partitions/internal_trusted_storage/libtfm_psa_rot_partition_its.a(its_flash_fs.o)
                0x0000000000001c7e                its_flash_fs_init_ctx
 .text.its_flash_fs_prepare
                0x0000000000001ce2       0x34 secure_fw/partitions/internal_trusted_storage/libtfm_psa_rot_partition_its.a(its_flash_fs.o)
                0x0000000000001ce2                its_flash_fs_prepare
 .text.its_flash_fs_wipe_all
                0x0000000000001d16        0x4 secure_fw/partitions/internal_trusted_storage/libtfm_psa_rot_partition_its.a(its_flash_fs.o)
                0x0000000000001d16                its_flash_fs_wipe_all
 .text.its_flash_fs_file_get_info
                0x0000000000001d1a       0x44 secure_fw/partitions/internal_trusted_storage/libtfm_psa_rot_partition_its.a(its_flash_fs.o)
                0x0000000000001d1a                its_flash_fs_file_get_info
 .text.its_flash_fs_file_write
                0x0000000000001d5e      0x212 secure_fw/partitions/internal_trusted_storage/libtfm_psa_rot_partition_its.a(its_flash_fs.o)
                0x0000000000001d5e                its_flash_fs_file_write
 .text.its_flash_fs_file_delete
                0x0000000000001f70       0x20 secure_fw/partitions/internal_trusted_storage/libtfm_psa_rot_partition_its.a(its_flash_fs.o)
                0x0000000000001f70                its_flash_fs_file_delete
 .text.its_flash_fs_file_read
                0x0000000000001f90       0x42 secure_fw/partitions/internal_trusted_storage/libtfm_psa_rot_partition_its.a(its_flash_fs.o)
                0x0000000000001f90                its_flash_fs_file_read
 .text.its_flash_fs_dblock_compact_block
                0x0000000000001fd2       0xaa secure_fw/partitions/internal_trusted_storage/libtfm_psa_rot_partition_its.a(its_flash_fs_dblock.o)
                0x0000000000001fd2                its_flash_fs_dblock_compact_block
 .text.its_flash_fs_dblock_read_file
                0x000000000000207c       0x42 secure_fw/partitions/internal_trusted_storage/libtfm_psa_rot_partition_its.a(its_flash_fs_dblock.o)
                0x000000000000207c                its_flash_fs_dblock_read_file
 .text.its_flash_fs_dblock_write_file
                0x00000000000020be       0x82 secure_fw/partitions/internal_trusted_storage/libtfm_psa_rot_partition_its.a(its_flash_fs_dblock.o)
                0x00000000000020be                its_flash_fs_dblock_write_file
 .text.its_mblock_update_scratch_block_meta
                0x0000000000002140       0x1a secure_fw/partitions/internal_trusted_storage/libtfm_psa_rot_partition_its.a(its_flash_fs_mblock.o)
 .text.its_mblock_erase_scratch_blocks
                0x000000000000215a       0x28 secure_fw/partitions/internal_trusted_storage/libtfm_psa_rot_partition_its.a(its_flash_fs_mblock.o)
 .text.its_num_dedicated_dblocks.isra.0
                0x0000000000002182        0xc secure_fw/partitions/internal_trusted_storage/libtfm_psa_rot_partition_its.a(its_flash_fs_mblock.o)
 .text.its_mblock_file_meta_offset.isra.0
                0x000000000000218e       0x16 secure_fw/partitions/internal_trusted_storage/libtfm_psa_rot_partition_its.a(its_flash_fs_mblock.o)
 .text.its_mblock_calculate_metadata_xor.part.0
                0x00000000000021a4       0xa6 secure_fw/partitions/internal_trusted_storage/libtfm_psa_rot_partition_its.a(its_flash_fs_mblock.o)
 .text.its_mblock_write_scratch_meta_header
                0x000000000000224a       0x44 secure_fw/partitions/internal_trusted_storage/libtfm_psa_rot_partition_its.a(its_flash_fs_mblock.o)
 .text.its_mblock_validate_header_meta
                0x000000000000228e       0x5c secure_fw/partitions/internal_trusted_storage/libtfm_psa_rot_partition_its.a(its_flash_fs_mblock.o)
 .text.its_init_get_active_metablock
                0x00000000000022ea       0xbe secure_fw/partitions/internal_trusted_storage/libtfm_psa_rot_partition_its.a(its_flash_fs_mblock.o)
 .text.its_flash_fs_mblock_cur_data_scratch_id
                0x00000000000023a8        0xa secure_fw/partitions/internal_trusted_storage/libtfm_psa_rot_partition_its.a(its_flash_fs_mblock.o)
                0x00000000000023a8                its_flash_fs_mblock_cur_data_scratch_id
 .text.its_flash_fs_mblock_meta_update_finalize
                0x00000000000023b2       0x2a secure_fw/partitions/internal_trusted_storage/libtfm_psa_rot_partition_its.a(its_flash_fs_mblock.o)
                0x00000000000023b2                its_flash_fs_mblock_meta_update_finalize
 .text.its_flash_fs_mblock_read_file_meta
                0x00000000000023dc       0x7e secure_fw/partitions/internal_trusted_storage/libtfm_psa_rot_partition_its.a(its_flash_fs_mblock.o)
                0x00000000000023dc                its_flash_fs_mblock_read_file_meta
 .text.its_flash_fs_mblock_get_file_idx_meta
                0x000000000000245a       0x66 secure_fw/partitions/internal_trusted_storage/libtfm_psa_rot_partition_its.a(its_flash_fs_mblock.o)
                0x000000000000245a                its_flash_fs_mblock_get_file_idx_meta
 .text.its_flash_fs_mblock_get_file_idx_flag
                0x00000000000024c0       0x3c secure_fw/partitions/internal_trusted_storage/libtfm_psa_rot_partition_its.a(its_flash_fs_mblock.o)
                0x00000000000024c0                its_flash_fs_mblock_get_file_idx_flag
 .text.its_flash_fs_mblock_read_block_metadata
                0x00000000000024fc       0x58 secure_fw/partitions/internal_trusted_storage/libtfm_psa_rot_partition_its.a(its_flash_fs_mblock.o)
                0x00000000000024fc                its_flash_fs_mblock_read_block_metadata
 .text.its_flash_fs_mblock_read_block_metadata_comp
                0x0000000000002554       0x66 secure_fw/partitions/internal_trusted_storage/libtfm_psa_rot_partition_its.a(its_flash_fs_mblock.o)
                0x0000000000002554                its_flash_fs_mblock_read_block_metadata_comp
 .text.its_flash_fs_mblock_reserve_file
                0x00000000000025ba       0xbc secure_fw/partitions/internal_trusted_storage/libtfm_psa_rot_partition_its.a(its_flash_fs_mblock.o)
                0x00000000000025ba                its_flash_fs_mblock_reserve_file
 .text.its_flash_fs_mblock_set_data_scratch
                0x0000000000002676        0x6 secure_fw/partitions/internal_trusted_storage/libtfm_psa_rot_partition_its.a(its_flash_fs_mblock.o)
                0x0000000000002676                its_flash_fs_mblock_set_data_scratch
 .text.its_flash_fs_mblock_update_scratch_file_meta
                0x000000000000267c       0x24 secure_fw/partitions/internal_trusted_storage/libtfm_psa_rot_partition_its.a(its_flash_fs_mblock.o)
                0x000000000000267c                its_flash_fs_mblock_update_scratch_file_meta
 .text.its_flash_fs_mblock_reset_metablock
                0x00000000000026a0      0x130 secure_fw/partitions/internal_trusted_storage/libtfm_psa_rot_partition_its.a(its_flash_fs_mblock.o)
                0x00000000000026a0                its_flash_fs_mblock_reset_metablock
 .text.its_flash_fs_block_to_block_move
                0x00000000000027d0       0x5c secure_fw/partitions/internal_trusted_storage/libtfm_psa_rot_partition_its.a(its_flash_fs_mblock.o)
                0x00000000000027d0                its_flash_fs_block_to_block_move
 .text.its_flash_fs_mblock_cp_file_meta
                0x000000000000282c       0x2e secure_fw/partitions/internal_trusted_storage/libtfm_psa_rot_partition_its.a(its_flash_fs_mblock.o)
                0x000000000000282c                its_flash_fs_mblock_cp_file_meta
 .text.its_flash_fs_mblock_init
                0x000000000000285a       0xb8 secure_fw/partitions/internal_trusted_storage/libtfm_psa_rot_partition_its.a(its_flash_fs_mblock.o)
                0x000000000000285a                its_flash_fs_mblock_init
 .text.its_flash_fs_mblock_migrate_lb0_data_to_scratch
                0x0000000000002912       0x2e secure_fw/partitions/internal_trusted_storage/libtfm_psa_rot_partition_its.a(its_flash_fs_mblock.o)
                0x0000000000002912                its_flash_fs_mblock_migrate_lb0_data_to_scratch
 .text.its_flash_fs_mblock_update_scratch_block_meta
                0x0000000000002940       0x88 secure_fw/partitions/internal_trusted_storage/libtfm_psa_rot_partition_its.a(its_flash_fs_mblock.o)
                0x0000000000002940                its_flash_fs_mblock_update_scratch_block_meta
 .text.its_utils_check_contained_in
                0x00000000000029c8       0x18 secure_fw/partitions/internal_trusted_storage/libtfm_psa_rot_partition_its.a(its_utils.o)
                0x00000000000029c8                its_utils_check_contained_in
 .text.its_utils_validate_fid
                0x00000000000029e0       0x1a secure_fw/partitions/internal_trusted_storage/libtfm_psa_rot_partition_its.a(its_utils.o)
                0x00000000000029e0                its_utils_validate_fid
 .text.tfm_platform_service_sfn
                0x00000000000029fa      0x24e secure_fw/partitions/platform/libtfm_psa_rot_partition_platform.a(platform_sp.o)
                0x00000000000029fa                tfm_platform_service_sfn
 .text.platform_sp_init
                0x0000000000002c48       0x12 secure_fw/partitions/platform/libtfm_psa_rot_partition_platform.a(platform_sp.o)
                0x0000000000002c48                platform_sp_init
 *tfm_psa_rot_partition*:(SORT_BY_ALIGNMENT(.rodata*))
 *fill*         0x0000000000002c5a        0x2 
 .rodata.its_flash_fs_ops_nor
                0x0000000000002c5c       0x14 secure_fw/partitions/internal_trusted_storage/libtfm_psa_rot_partition_its.a(its_flash_nor.o)
                0x0000000000002c5c                its_flash_fs_ops_nor
 .rodata.data_width_byte
                0x0000000000002c70        0xc secure_fw/partitions/internal_trusted_storage/libtfm_psa_rot_partition_its.a(its_flash_nor.o)
 .rodata.tfm_crypto_api_dispatcher.str1.1
                0x0000000000002c7c       0x25 secure_fw/partitions/crypto/libtfm_psa_rot_partition_crypto.a(crypto_init.o)
 .rodata.tfm_crypto_library_get_info.str1.1
                0x0000000000002ca1        0xf secure_fw/partitions/crypto/libtfm_psa_rot_partition_crypto.a(crypto_library.o)
 .rodata.tfm_its_init.str1.1
                0x0000000000002cb0       0x4b secure_fw/partitions/internal_trusted_storage/libtfm_psa_rot_partition_its.a(tfm_internal_trusted_storage.o)
 *(TFM_*_PSA-ROT_ATTR_FN)
                0x0000000000002d00                . = ALIGN (0x20)
 *fill*         0x0000000000002cfb        0x5 
                0x0000000000000660                Image$$TFM_PSA_ROT_LINKER$$RO$$Base = ADDR (.TFM_PSA_ROT_LINKER)
                0x0000000000002d00                Image$$TFM_PSA_ROT_LINKER$$RO$$Limit = (ADDR (.TFM_PSA_ROT_LINKER) + SIZEOF (.TFM_PSA_ROT_LINKER))
                0x0000000000000660                Image$$TFM_PSA_ROT_LINKER$$Base = ADDR (.TFM_PSA_ROT_LINKER)
                0x0000000000002d00                Image$$TFM_PSA_ROT_LINKER$$Limit = (ADDR (.TFM_PSA_ROT_LINKER) + SIZEOF (.TFM_PSA_ROT_LINKER))
                0x0000000000002d00                Image$$TFM_PSA_CODE_END$$Base = .
                0x0000000000002d00                Image$$TFM_APP_CODE_START$$Base = .

.TFM_APP_ROT_LINKER
                0x0000000000002d00      0xd20
 *tfm_app_rot_partition*:(SORT_BY_ALIGNMENT(.text*))
 .text.tfm_protected_storage_service_sfn
                0x0000000000002d00      0x128 secure_fw/partitions/protected_storage/libtfm_app_rot_partition_ps.a(tfm_ps_req_mngr.o)
                0x0000000000002d00                tfm_protected_storage_service_sfn
 .text.ps_req_mngr_read_asset_data
                0x0000000000002e28       0x24 secure_fw/partitions/protected_storage/libtfm_app_rot_partition_ps.a(tfm_ps_req_mngr.o)
                0x0000000000002e28                ps_req_mngr_read_asset_data
 .text.ps_req_mngr_write_asset_data
                0x0000000000002e4c       0x18 secure_fw/partitions/protected_storage/libtfm_app_rot_partition_ps.a(tfm_ps_req_mngr.o)
                0x0000000000002e4c                ps_req_mngr_write_asset_data
 .text.tfm_ps_init
                0x0000000000002e64       0x28 secure_fw/partitions/protected_storage/libtfm_app_rot_partition_ps.a(tfm_protected_storage.o)
                0x0000000000002e64                tfm_ps_init
 .text.ps_system_prepare
                0x0000000000002e8c       0x1c secure_fw/partitions/protected_storage/libtfm_app_rot_partition_ps.a(ps_object_system.o)
                0x0000000000002e8c                ps_system_prepare
 .text.ps_object_read
                0x0000000000002ea8       0x70 secure_fw/partitions/protected_storage/libtfm_app_rot_partition_ps.a(ps_object_system.o)
                0x0000000000002ea8                ps_object_read
 .text.ps_object_create
                0x0000000000002f18       0xfc secure_fw/partitions/protected_storage/libtfm_app_rot_partition_ps.a(ps_object_system.o)
                0x0000000000002f18                ps_object_create
 .text.ps_object_get_info
                0x0000000000003014       0x58 secure_fw/partitions/protected_storage/libtfm_app_rot_partition_ps.a(ps_object_system.o)
                0x0000000000003014                ps_object_get_info
 .text.ps_object_delete
                0x000000000000306c       0x70 secure_fw/partitions/protected_storage/libtfm_app_rot_partition_ps.a(ps_object_system.o)
                0x000000000000306c                ps_object_delete
 .text.ps_get_object_entry_idx
                0x00000000000030dc       0x34 secure_fw/partitions/protected_storage/libtfm_app_rot_partition_ps.a(ps_object_table.o)
 .text.ps_object_table_save_table.constprop.0
                0x0000000000003110       0xec secure_fw/partitions/protected_storage/libtfm_app_rot_partition_ps.a(ps_object_table.o)
 .text.ps_object_table_create
                0x00000000000031fc       0x28 secure_fw/partitions/protected_storage/libtfm_app_rot_partition_ps.a(ps_object_table.o)
                0x00000000000031fc                ps_object_table_create
 .text.ps_object_table_init
                0x0000000000003224      0x144 secure_fw/partitions/protected_storage/libtfm_app_rot_partition_ps.a(ps_object_table.o)
                0x0000000000003224                ps_object_table_init
 .text.ps_object_table_get_free_fid
                0x0000000000003368       0x64 secure_fw/partitions/protected_storage/libtfm_app_rot_partition_ps.a(ps_object_table.o)
                0x0000000000003368                ps_object_table_get_free_fid
 .text.ps_object_table_set_obj_tbl_info
                0x00000000000033cc       0xac secure_fw/partitions/protected_storage/libtfm_app_rot_partition_ps.a(ps_object_table.o)
                0x00000000000033cc                ps_object_table_set_obj_tbl_info
 .text.ps_object_table_get_obj_tbl_info
                0x0000000000003478       0x2c secure_fw/partitions/protected_storage/libtfm_app_rot_partition_ps.a(ps_object_table.o)
                0x0000000000003478                ps_object_table_get_obj_tbl_info
 .text.ps_object_table_delete_object
                0x00000000000034a4       0x4c secure_fw/partitions/protected_storage/libtfm_app_rot_partition_ps.a(ps_object_table.o)
                0x00000000000034a4                ps_object_table_delete_object
 .text.ps_object_table_delete_old_table
                0x00000000000034f0       0x14 secure_fw/partitions/protected_storage/libtfm_app_rot_partition_ps.a(ps_object_table.o)
                0x00000000000034f0                ps_object_table_delete_old_table
 .text.ps_crypto_setkey
                0x0000000000003504       0x94 secure_fw/partitions/protected_storage/libtfm_app_rot_partition_ps.a(ps_crypto_interface.o)
                0x0000000000003504                ps_crypto_setkey
 .text.ps_crypto_destroykey
                0x0000000000003598       0x18 secure_fw/partitions/protected_storage/libtfm_app_rot_partition_ps.a(ps_crypto_interface.o)
                0x0000000000003598                ps_crypto_destroykey
 .text.ps_crypto_set_iv
                0x00000000000035b0       0x10 secure_fw/partitions/protected_storage/libtfm_app_rot_partition_ps.a(ps_crypto_interface.o)
                0x00000000000035b0                ps_crypto_set_iv
 .text.ps_crypto_get_iv
                0x00000000000035c0       0x70 secure_fw/partitions/protected_storage/libtfm_app_rot_partition_ps.a(ps_crypto_interface.o)
                0x00000000000035c0                ps_crypto_get_iv
 .text.ps_crypto_encrypt_and_tag
                0x0000000000003630       0x54 secure_fw/partitions/protected_storage/libtfm_app_rot_partition_ps.a(ps_crypto_interface.o)
                0x0000000000003630                ps_crypto_encrypt_and_tag
 .text.ps_crypto_auth_and_decrypt
                0x0000000000003684       0x58 secure_fw/partitions/protected_storage/libtfm_app_rot_partition_ps.a(ps_crypto_interface.o)
                0x0000000000003684                ps_crypto_auth_and_decrypt
 .text.ps_crypto_generate_auth_tag
                0x00000000000036dc       0x48 secure_fw/partitions/protected_storage/libtfm_app_rot_partition_ps.a(ps_crypto_interface.o)
                0x00000000000036dc                ps_crypto_generate_auth_tag
 .text.ps_crypto_authenticate
                0x0000000000003724       0x44 secure_fw/partitions/protected_storage/libtfm_app_rot_partition_ps.a(ps_crypto_interface.o)
                0x0000000000003724                ps_crypto_authenticate
 .text.tfm_ps_entry
                0x0000000000003768        0x4 secure_fw/partitions/protected_storage/libtfm_app_rot_partition_ps.a(tfm_ps_req_mngr.o)
                0x0000000000003768                tfm_ps_entry
 .text.tfm_ps_set
                0x000000000000376c       0x2c secure_fw/partitions/protected_storage/libtfm_app_rot_partition_ps.a(tfm_protected_storage.o)
                0x000000000000376c                tfm_ps_set
 .text.tfm_ps_get
                0x0000000000003798       0x28 secure_fw/partitions/protected_storage/libtfm_app_rot_partition_ps.a(tfm_protected_storage.o)
                0x0000000000003798                tfm_ps_get
 .text.tfm_ps_get_info
                0x00000000000037c0       0x20 secure_fw/partitions/protected_storage/libtfm_app_rot_partition_ps.a(tfm_protected_storage.o)
                0x00000000000037c0                tfm_ps_get_info
 .text.tfm_ps_remove
                0x00000000000037e0       0x26 secure_fw/partitions/protected_storage/libtfm_app_rot_partition_ps.a(tfm_protected_storage.o)
                0x00000000000037e0                tfm_ps_remove
 .text.tfm_ps_get_support
                0x0000000000003806        0x4 secure_fw/partitions/protected_storage/libtfm_app_rot_partition_ps.a(tfm_protected_storage.o)
                0x0000000000003806                tfm_ps_get_support
 .text.ps_remove_old_data
                0x000000000000380a       0x18 secure_fw/partitions/protected_storage/libtfm_app_rot_partition_ps.a(ps_object_system.o)
 .text.ps_system_wipe_all
                0x0000000000003822        0x4 secure_fw/partitions/protected_storage/libtfm_app_rot_partition_ps.a(ps_object_system.o)
                0x0000000000003822                ps_system_wipe_all
 .text.ps_object_table_authenticate
                0x0000000000003826       0x56 secure_fw/partitions/protected_storage/libtfm_app_rot_partition_ps.a(ps_object_table.o)
 .text.ps_crypto_init
                0x000000000000387c        0x4 secure_fw/partitions/protected_storage/libtfm_app_rot_partition_ps.a(ps_crypto_interface.o)
                0x000000000000387c                ps_crypto_init
 .text.ps_encrypted_object_read
                0x0000000000003880       0x86 secure_fw/partitions/protected_storage/libtfm_app_rot_partition_ps.a(ps_encrypted_object.o)
                0x0000000000003880                ps_encrypted_object_read
 .text.ps_encrypted_object_write
                0x0000000000003906       0x9c secure_fw/partitions/protected_storage/libtfm_app_rot_partition_ps.a(ps_encrypted_object.o)
                0x0000000000003906                ps_encrypted_object_write
 .text.ps_read_nv_counter
                0x00000000000039a2       0x16 secure_fw/partitions/protected_storage/libtfm_app_rot_partition_ps.a(ps_nv_counters.o)
                0x00000000000039a2                ps_read_nv_counter
 .text.ps_increment_nv_counter
                0x00000000000039b8       0x12 secure_fw/partitions/protected_storage/libtfm_app_rot_partition_ps.a(ps_nv_counters.o)
                0x00000000000039b8                ps_increment_nv_counter
 *tfm_app_rot_partition*:(SORT_BY_ALIGNMENT(.rodata*))
 *fill*         0x00000000000039ca        0x6 
 .rodata        0x00000000000039d0       0x20 secure_fw/partitions/protected_storage/libtfm_app_rot_partition_ps.a(ps_object_table.o)
 .rodata.tfm_ps_init.str1.1
                0x00000000000039f0       0x21 secure_fw/partitions/protected_storage/libtfm_app_rot_partition_ps.a(tfm_protected_storage.o)
 *(TFM_*_APP-ROT_ATTR_FN)
                0x0000000000003a20                . = ALIGN (0x20)
 *fill*         0x0000000000003a11        0xf 
                0x0000000000002d00                Image$$TFM_APP_ROT_LINKER$$RO$$Base = ADDR (.TFM_APP_ROT_LINKER)
                0x0000000000003a20                Image$$TFM_APP_ROT_LINKER$$RO$$Limit = (ADDR (.TFM_APP_ROT_LINKER) + SIZEOF (.TFM_APP_ROT_LINKER))
                0x0000000000002d00                Image$$TFM_APP_ROT_LINKER$$Base = ADDR (.TFM_APP_ROT_LINKER)
                0x0000000000003a20                Image$$TFM_APP_ROT_LINKER$$Limit = (ADDR (.TFM_APP_ROT_LINKER) + SIZEOF (.TFM_APP_ROT_LINKER))
                0x0000000000003a20                Image$$TFM_APP_CODE_END$$Base = .

.ARM.extab
 *(.ARM.extab* .gnu.linkonce.armextab.*)
                0x0000000000003a20                __exidx_start = .

.ARM.exidx      0x0000000000003a20        0x8
 *(.ARM.exidx* .gnu.linkonce.armexidx.*)
 .ARM.exidx     0x0000000000003a20        0x8 c:/ncs/toolchains/0b393f9e1b/opt/zephyr-sdk/arm-zephyr-eabi/bin/../lib/gcc/arm-zephyr-eabi/12.2.0/../../../../arm-zephyr-eabi/lib/thumb/v8-m.main/nofp/crt0.o
                                         0x10 (size before relaxing)
                0x0000000000003a28                __exidx_end = .

.ER_TFM_CODE    0x0000000000003a28     0x434f
                0x0000000000003a28                . = ALIGN (0x4)
                0x0000000000003a28                PROVIDE (__preinit_array_start = .)
 *(.preinit_array)
                0x0000000000003a28                PROVIDE (__preinit_array_end = .)
                0x0000000000003a28                . = ALIGN (0x4)
                0x0000000000003a28                PROVIDE (__init_array_start = .)
 *(SORT_BY_NAME(.init_array.*))
 *(.init_array)
 .init_array    0x0000000000003a28        0x4 c:/ncs/toolchains/0b393f9e1b/opt/zephyr-sdk/arm-zephyr-eabi/bin/../lib/gcc/arm-zephyr-eabi/12.2.0/thumb/v8-m.main/nofp/crtbegin.o
                0x0000000000003a2c                PROVIDE (__init_array_end = .)
                0x0000000000003a2c                . = ALIGN (0x4)
                [!provide]                        PROVIDE (__fini_array_start = .)
 *(SORT_BY_NAME(.fini_array.*))
 *(.fini_array)
 .fini_array    0x0000000000003a2c        0x4 c:/ncs/toolchains/0b393f9e1b/opt/zephyr-sdk/arm-zephyr-eabi/bin/../lib/gcc/arm-zephyr-eabi/12.2.0/thumb/v8-m.main/nofp/crtbegin.o
                [!provide]                        PROVIDE (__fini_array_end = .)
                0x0000000000003a30                . = ALIGN (0x4)
                0x0000000000003a30                __copy_table_start__ = .
                0x0000000000003a30        0x4 LONG 0x12ca8 LOADADDR (.TFM_DATA)
                0x0000000000003a34        0x4 LONG 0x2000c420 ADDR (.TFM_DATA)
                0x0000000000003a38        0x4 LONG 0x33 (SIZEOF (.TFM_DATA) / 0x4)
                0x0000000000003a3c        0x4 LONG 0x12c70 LOADADDR (.TFM_PSA_ROT_LINKER_DATA)
                0x0000000000003a40        0x4 LONG 0x20001d80 ADDR (.TFM_PSA_ROT_LINKER_DATA)
                0x0000000000003a44        0x4 LONG 0xe (SIZEOF (.TFM_PSA_ROT_LINKER_DATA) / 0x4)
                0x0000000000003a48        0x4 LONG 0x12c60 LOADADDR (.TFM_APP_ROT_LINKER_DATA)
                0x0000000000003a4c        0x4 LONG 0x20000c60 ADDR (.TFM_APP_ROT_LINKER_DATA)
                0x0000000000003a50        0x4 LONG 0x4 (SIZEOF (.TFM_APP_ROT_LINKER_DATA) / 0x4)
                0x0000000000003a54                __copy_table_end__ = .
                0x0000000000003a54                . = ALIGN (0x4)
                0x0000000000003a54                __zero_table_start__ = .
                0x0000000000003a54        0x4 LONG 0x2000c4ec ADDR (.TFM_BSS)
                0x0000000000003a58        0x4 LONG 0x4cf (SIZEOF (.TFM_BSS) / 0x4)
                0x0000000000003a5c        0x4 LONG 0x20001db8 ADDR (.TFM_PSA_ROT_LINKER_BSS)
                0x0000000000003a60        0x4 LONG 0x299a (SIZEOF (.TFM_PSA_ROT_LINKER_BSS) / 0x4)
                0x0000000000003a64        0x4 LONG 0x20000c70 ADDR (.TFM_APP_ROT_LINKER_BSS)
                0x0000000000003a68        0x4 LONG 0x444 (SIZEOF (.TFM_APP_ROT_LINKER_BSS) / 0x4)
                0x0000000000003a6c        0x4 LONG 0x20000c40 ADDR (.TFM_SP_META_PTR)
                0x0000000000003a70        0x4 LONG 0x8 (SIZEOF (.TFM_SP_META_PTR) / 0x4)
                0x0000000000003a74                __zero_table_end__ = .
 *startup*(.text*)
 .text.default_irq_handler
                0x0000000000003a74        0x4 secure_fw/CMakeFiles/tfm_s.dir/__/platform/ext/target/nordic_nrf/common/core/startup.o
                0x0000000000003a74                default_irq_handler
 .text.Reset_Handler
                0x0000000000003a78       0xa4 secure_fw/CMakeFiles/tfm_s.dir/__/platform/ext/target/nordic_nrf/common/core/startup.o
                0x0000000000003a78                Reset_Handler
 .text.default_tfm_IRQHandler
                0x0000000000003b1c       0x1c secure_fw/CMakeFiles/tfm_s.dir/__/platform/ext/target/nordic_nrf/common/core/startup_nrf54l15.o
                0x0000000000003b1c                DebugMon_Handler
                0x0000000000003b1c                GRTC_1_IRQHandler
                0x0000000000003b1c                SWI02_IRQHandler
                0x0000000000003b1c                SysTick_Handler
                0x0000000000003b1c                GRTC_2_IRQHandler
                0x0000000000003b1c                NMI_Handler
                0x0000000000003b1c                SERIAL20_IRQHandler
                0x0000000000003b1c                WDT31_IRQHandler
                0x0000000000003b1c                SERIAL30_IRQHandler
                0x0000000000003b1c                default_tfm_IRQHandler
                0x0000000000003b1c                TEMP_IRQHandler
                0x0000000000003b1c                AAR00_CCM00_IRQHandler
                0x0000000000003b1c                RTC10_IRQHandler
                0x0000000000003b1c                QDEC21_IRQHandler
                0x0000000000003b1c                GRTC_3_IRQHandler
                0x0000000000003b1c                EGU10_IRQHandler
                0x0000000000003b1c                CM33SS_IRQHandler
                0x0000000000003b1c                ECB00_IRQHandler
                0x0000000000003b1c                TIMER23_IRQHandler
                0x0000000000003b1c                AAR10_CCM10_IRQHandler
                0x0000000000003b1c                TAMPC_IRQHandler
                0x0000000000003b1c                RADIO_1_IRQHandler
                0x0000000000003b1c                SERIAL00_IRQHandler
                0x0000000000003b1c                PWM22_IRQHandler
                0x0000000000003b1c                SWI01_IRQHandler
                0x0000000000003b1c                GPIOTE20_1_IRQHandler
                0x0000000000003b1c                GPIOTE30_1_IRQHandler
                0x0000000000003b1c                TIMER21_IRQHandler
                0x0000000000003b1c                TIMER00_IRQHandler
                0x0000000000003b1c                SERIAL21_IRQHandler
                0x0000000000003b1c                SWI03_IRQHandler
                0x0000000000003b1c                SAADC_IRQHandler
                0x0000000000003b1c                SWI00_IRQHandler
                0x0000000000003b1c                TIMER24_IRQHandler
                0x0000000000003b1c                SERIAL22_IRQHandler
                0x0000000000003b1c                CTRLAP_IRQHandler
                0x0000000000003b1c                VPR00_IRQHandler
                0x0000000000003b1c                RRAMC_IRQHandler
                0x0000000000003b1c                RADIO_0_IRQHandler
                0x0000000000003b1c                GRTC_0_IRQHandler
                0x0000000000003b1c                NFCT_IRQHandler
                0x0000000000003b1c                EGU20_IRQHandler
                0x0000000000003b1c                TIMER10_IRQHandler
                0x0000000000003b1c                I2S20_IRQHandler
                0x0000000000003b1c                TIMER20_IRQHandler
                0x0000000000003b1c                TIMER22_IRQHandler
                0x0000000000003b1c                QDEC20_IRQHandler
                0x0000000000003b1c                PWM20_IRQHandler
                0x0000000000003b1c                COMP_LPCOMP_IRQHandler
                0x0000000000003b1c                PWM21_IRQHandler
                0x0000000000003b1c                WDT30_IRQHandler
                0x0000000000003b1c                CLOCK_POWER_IRQHandler
                0x0000000000003b1c                ECB10_IRQHandler
 *libplatform_s*:(SORT_BY_ALIGNMENT(.text*))
 .text.nrf54l_errata_31
                0x0000000000003b38       0x20 platform/libplatform_s.a(system_nrf54l.o)
 .text.nrf54l_handle_approtect_signal
                0x0000000000003b58       0x34 platform/libplatform_s.a(system_nrf54l.o)
 .text.SystemInit
                0x0000000000003b8c       0xf8 platform/libplatform_s.a(system_nrf54l.o)
                0x0000000000003b8c                SystemInit
 .text.tfm_exception_info_get_context
                0x0000000000003c84        0xc platform/libplatform_s.a(exception_info.o)
                0x0000000000003c84                tfm_exception_info_get_context
 .text.store_and_dump_context
                0x0000000000003c90      0x118 platform/libplatform_s.a(exception_info.o)
                0x0000000000003c90                store_and_dump_context
 .text.stdio_output_string
                0x0000000000003da8       0x40 platform/libplatform_s.a(uart_stdout.o)
                0x0000000000003da8                stdio_output_string
 .text.stdio_init
                0x0000000000003de8       0x30 platform/libplatform_s.a(uart_stdout.o)
                0x0000000000003de8                stdio_init
 .text.ARM_USART_GetVersion
                0x0000000000003e18       0x20 platform/libplatform_s.a(Driver_USART.o)
 .text.ARM_USART30_GetTxCount
                0x0000000000003e38        0xc platform/libplatform_s.a(Driver_USART.o)
 .text.ARM_USART30_GetRxCount
                0x0000000000003e44        0xc platform/libplatform_s.a(Driver_USART.o)
 .text.ARM_USART30_Uninitialize
                0x0000000000003e50       0x18 platform/libplatform_s.a(Driver_USART.o)
 .text.ARM_USART30_Receive
                0x0000000000003e68       0x3c platform/libplatform_s.a(Driver_USART.o)
 .text.ARM_USARTx_Send.constprop.0
                0x0000000000003ea4       0x78 platform/libplatform_s.a(Driver_USART.o)
 .text.ARM_USART30_Control
                0x0000000000003f1c      0x1d8 platform/libplatform_s.a(Driver_USART.o)
 .text.ARM_USART30_Initialize
                0x00000000000040f4       0x74 platform/libplatform_s.a(Driver_USART.o)
 .text.on_rx_disabled
                0x0000000000004168       0x64 platform/libplatform_s.a(nrfx_uarte.o)
 .text.nrfx_coredep_delay_us.part.0
                0x00000000000041cc       0x20 platform/libplatform_s.a(nrfx_uarte.o)
 .text.nrf_gpio_cfg_input.constprop.0
                0x00000000000041ec       0x38 platform/libplatform_s.a(nrfx_uarte.o)
 .text.blocking_tx
                0x0000000000004224      0x1b8 platform/libplatform_s.a(nrfx_uarte.o)
 .text.nrf_gpio_pin_set
                0x00000000000043dc       0x24 platform/libplatform_s.a(nrfx_uarte.o)
 .text.nrf_gpio_cfg_output
                0x0000000000004400       0x3c platform/libplatform_s.a(nrfx_uarte.o)
 .text.uarte_configure
                0x000000000000443c      0x158 platform/libplatform_s.a(nrfx_uarte.o)
 .text.nrf_gpio_cfg_default
                0x0000000000004594       0x3c platform/libplatform_s.a(nrfx_uarte.o)
 .text.nrfx_uarte_init
                0x00000000000045d0      0x13c platform/libplatform_s.a(nrfx_uarte.o)
                0x00000000000045d0                nrfx_uarte_init
 .text.nrfx_uarte_tx
                0x000000000000470c       0xd8 platform/libplatform_s.a(nrfx_uarte.o)
                0x000000000000470c                nrfx_uarte_tx
 .text.nrfx_uarte_tx_abort
                0x00000000000047e4       0xb8 platform/libplatform_s.a(nrfx_uarte.o)
                0x00000000000047e4                nrfx_uarte_tx_abort
 .text.nrfx_uarte_rx_enable
                0x000000000000489c      0x14c platform/libplatform_s.a(nrfx_uarte.o)
                0x000000000000489c                nrfx_uarte_rx_enable
 .text.nrfx_uarte_rx_buffer_set
                0x00000000000049e8      0x190 platform/libplatform_s.a(nrfx_uarte.o)
                0x00000000000049e8                nrfx_uarte_rx_buffer_set
 .text.nrfx_uarte_rx_abort
                0x0000000000004b78      0x150 platform/libplatform_s.a(nrfx_uarte.o)
                0x0000000000004b78                nrfx_uarte_rx_abort
 .text.nrfx_uarte_uninit
                0x0000000000004cc8       0xd4 platform/libplatform_s.a(nrfx_uarte.o)
                0x0000000000004cc8                nrfx_uarte_uninit
 .text.nrfx_uarte_rx_ready
                0x0000000000004d9c       0x54 platform/libplatform_s.a(nrfx_uarte.o)
                0x0000000000004d9c                nrfx_uarte_rx_ready
 .text.nrfx_uarte_rx
                0x0000000000004df0       0x84 platform/libplatform_s.a(nrfx_uarte.o)
                0x0000000000004df0                nrfx_uarte_rx
 .text.nrfx_critical_section_enter
                0x0000000000004e74       0x10 platform/libplatform_s.a(nrfx_glue.o)
                0x0000000000004e74                nrfx_critical_section_enter
 .text.nrfx_critical_section_exit
                0x0000000000004e84       0x14 platform/libplatform_s.a(nrfx_glue.o)
                0x0000000000004e84                nrfx_critical_section_exit
 .text.ARM_Flash_GetInfo
                0x0000000000004e98        0x8 platform/libplatform_s.a(Driver_Flash.o)
 .text.ARM_Flash_Initialize
                0x0000000000004ea0       0x48 platform/libplatform_s.a(Driver_Flash.o)
 .text.ARM_Flash_ProgramData
                0x0000000000004ee8       0x48 platform/libplatform_s.a(Driver_Flash.o)
 .text.ARM_Flash_ReadData
                0x0000000000004f30       0x30 platform/libplatform_s.a(Driver_Flash.o)
 .text.rramc_configure
                0x0000000000004f60       0x80 platform/libplatform_s.a(nrfx_rramc.o)
 .text.__nrfy_internal_rramc_config_set.constprop.0.isra.0
                0x0000000000004fe0       0x18 platform/libplatform_s.a(nrfx_rramc.o)
 .text.nrfx_rramc_words_write
                0x0000000000004ff8       0x50 platform/libplatform_s.a(nrfx_rramc.o)
                0x0000000000004ff8                nrfx_rramc_words_write
 .text.nrfx_rramc_init
                0x0000000000005048       0x2c platform/libplatform_s.a(nrfx_rramc.o)
                0x0000000000005048                nrfx_rramc_init
 .text.mpu_armv8m_enable
                0x0000000000005074       0x34 platform/libplatform_s.a(mpu_armv8m_drv.o)
                0x0000000000005074                mpu_armv8m_enable
 .text.spu_enable_interrupts
                0x00000000000050a8       0x28 platform/libplatform_s.a(spu.o)
                0x00000000000050a8                spu_enable_interrupts
 .text.spu_events_get
                0x00000000000050d0       0x44 platform/libplatform_s.a(spu.o)
                0x00000000000050d0                spu_events_get
 .text.mpc_enable_interrupts
                0x0000000000005114       0x10 platform/libplatform_s.a(spu.o)
                0x0000000000005114                mpc_enable_interrupts
 .text.mpc_events_get
                0x0000000000005124       0x14 platform/libplatform_s.a(spu.o)
                0x0000000000005124                mpc_events_get
 .text.mpc_clear_events
                0x0000000000005138       0x14 platform/libplatform_s.a(spu.o)
                0x0000000000005138                mpc_clear_events
 .text.spu_clear_events
                0x000000000000514c       0x3c platform/libplatform_s.a(spu.o)
                0x000000000000514c                spu_clear_events
 .text.spu_get_peri_addr
                0x0000000000005188       0x2c platform/libplatform_s.a(spu.o)
                0x0000000000005188                spu_get_peri_addr
 .text.nrf_exception_info_store_context
                0x00000000000051b4       0x48 platform/libplatform_s.a(nrf_exception_info.o)
                0x00000000000051b4                nrf_exception_info_store_context
 .text.nrf_exception_info_get_context
                0x00000000000051fc        0xc platform/libplatform_s.a(nrf_exception_info.o)
                0x00000000000051fc                nrf_exception_info_get_context
 .text.tfm_hal_its_aead_generate_nonce
                0x0000000000005208       0x58 platform/libplatform_s.a(tfm_hal_its_encryption_cracen.o)
                0x0000000000005208                tfm_hal_its_aead_generate_nonce
 .text.tfm_hal_its_get_aead
                0x0000000000005260      0x130 platform/libplatform_s.a(tfm_hal_its_encryption_cracen.o)
                0x0000000000005260                tfm_hal_its_get_aead
 .text.tfm_hal_platform_init
                0x0000000000005390       0x90 platform/libplatform_s.a(tfm_hal_platform.o)
                0x0000000000005390                tfm_hal_platform_init
 .text.ns_fault_service_set_handler
                0x0000000000005420       0x14 platform/libplatform_s.a(ns_fault_service.o)
                0x0000000000005420                ns_fault_service_set_handler
 .text.call_ns_callback
                0x0000000000005434       0xa8 platform/libplatform_s.a(ns_fault_service.o)
                0x0000000000005434                call_ns_callback
 .text.ns_fault_service_call_handler
                0x00000000000054dc       0x34 platform/libplatform_s.a(ns_fault_service.o)
                0x00000000000054dc                ns_fault_service_call_handler
 .text.tfm_platform_hal_system_reset
                0x0000000000005510       0x24 platform/libplatform_s.a(tfm_platform_system.o)
                0x0000000000005510                tfm_platform_hal_system_reset
 .text.nordicsemi_nrf54l_init
                0x0000000000005534       0xb0 platform/libplatform_s.a(soc.o)
                0x0000000000005534                nordicsemi_nrf54l_init
 .text.erase_flash_region
                0x00000000000055e4       0x3c platform/libplatform_s.a(flash_otp_nv_counters_backend.o)
 .text.copy_flash_region
                0x0000000000005620       0x78 platform/libplatform_s.a(flash_otp_nv_counters_backend.o)
 .text.read_otp_nv_counters_flash
                0x0000000000005698       0x7c platform/libplatform_s.a(flash_otp_nv_counters_backend.o)
                0x0000000000005698                read_otp_nv_counters_flash
 .text.write_otp_nv_counters_flash
                0x0000000000005714      0x1ac platform/libplatform_s.a(flash_otp_nv_counters_backend.o)
                0x0000000000005714                write_otp_nv_counters_flash
 .text.init_otp_nv_counters_flash
                0x00000000000058c0      0x154 platform/libplatform_s.a(flash_otp_nv_counters_backend.o)
                0x00000000000058c0                init_otp_nv_counters_flash
 .text.tfm_plat_otp_get_size
                0x0000000000005a14       0x34 platform/libplatform_s.a(otp_flash.o)
                0x0000000000005a14                tfm_plat_otp_get_size
 .text.tfm_platform_hal_read_service
                0x0000000000005a48       0x5c platform/libplatform_s.a(tfm_platform_hal_ioctl.o)
                0x0000000000005a48                tfm_platform_hal_read_service
 .text.tfm_platform_hal_write32_service
                0x0000000000005aa4       0x54 platform/libplatform_s.a(tfm_platform_hal_ioctl.o)
                0x0000000000005aa4                tfm_platform_hal_write32_service
 .text.tfm_hal_output_spm_log
                0x0000000000005af8        0x4 platform/libplatform_s.a(tfm_hal_spm_logdev_peripheral.o)
                0x0000000000005af8                tfm_hal_output_spm_log
 .text.ARM_USART_GetCapabilities
                0x0000000000005afc        0x4 platform/libplatform_s.a(Driver_USART.o)
 .text.ARM_USART_Transfer
                0x0000000000005b00        0x6 platform/libplatform_s.a(Driver_USART.o)
 .text.ARM_USART_GetStatus
                0x0000000000005b06        0xc platform/libplatform_s.a(Driver_USART.o)
 .text.ARM_USART_SetModemControl
                0x0000000000005b12        0x6 platform/libplatform_s.a(Driver_USART.o)
 .text.ARM_USART_GetModemStatus
                0x0000000000005b18        0xc platform/libplatform_s.a(Driver_USART.o)
 .text.ARM_USART30_PowerControl
                0x0000000000005b24        0xc platform/libplatform_s.a(Driver_USART.o)
 .text.ARM_USART30_Send
                0x0000000000005b30        0x4 platform/libplatform_s.a(Driver_USART.o)
 .text.uart_config_set_uart_pins
                0x0000000000005b34       0x3c platform/libplatform_s.a(Driver_USART.o)
                0x0000000000005b34                uart_config_set_uart_pins
 .text.is_tx_ready
                0x0000000000005b70       0x1a platform/libplatform_s.a(nrfx_uarte.o)
 .text.user_handler
                0x0000000000005b8a       0x22 platform/libplatform_s.a(nrfx_uarte.o)
 .text.user_handler_on_rx_done
                0x0000000000005bac       0x28 platform/libplatform_s.a(nrfx_uarte.o)
 .text.disable_hw_from_rx
                0x0000000000005bd4       0x24 platform/libplatform_s.a(nrfx_uarte.o)
 .text.disable_hw_from_tx
                0x0000000000005bf8       0x16 platform/libplatform_s.a(nrfx_uarte.o)
 .text.tx_prepare_start.isra.0
                0x0000000000005c0e       0x7e platform/libplatform_s.a(nrfx_uarte.o)
 .text.ARM_Flash_GetCapabilities
                0x0000000000005c8c        0x4 platform/libplatform_s.a(Driver_Flash.o)
 .text.ARM_Flash_Unitialize
                0x0000000000005c90        0x4 platform/libplatform_s.a(Driver_Flash.o)
 .text.ARM_Flash_EraseSector
                0x0000000000005c94        0x4 platform/libplatform_s.a(Driver_Flash.o)
 .text.mpu_armv8m_region_enable
                0x0000000000005c98       0x6a platform/libplatform_s.a(mpu_armv8m_drv.o)
                0x0000000000005c98                mpu_armv8m_region_enable
 .text.mpu_armv8m_region_disable
                0x0000000000005d02       0x14 platform/libplatform_s.a(mpu_armv8m_drv.o)
                0x0000000000005d02                mpu_armv8m_region_disable
 .text.mpu_armv8m_clean
                0x0000000000005d16       0x22 platform/libplatform_s.a(mpu_armv8m_drv.o)
                0x0000000000005d16                mpu_armv8m_clean
 .text.spu_peripheral_config_secure
                0x0000000000005d38       0x3a platform/libplatform_s.a(spu.o)
                0x0000000000005d38                spu_peripheral_config_secure
 .text.tfm_hal_its_aead_encrypt
                0x0000000000005d72       0x24 platform/libplatform_s.a(tfm_hal_its_encryption_cracen.o)
                0x0000000000005d72                tfm_hal_its_aead_encrypt
 .text.tfm_hal_its_aead_decrypt
                0x0000000000005d96       0x24 platform/libplatform_s.a(tfm_hal_its_encryption_cracen.o)
                0x0000000000005d96                tfm_hal_its_aead_decrypt
 .text.tfm_hal_system_halt
                0x0000000000005dba        0xc platform/libplatform_s.a(tfm_hal_reset_halt.o)
                0x0000000000005dba                tfm_hal_system_halt
 .text.tfm_plat_provisioning_is_required
                0x0000000000005dc6        0x4 platform/libplatform_s.a(dummy_provisioning.o)
                0x0000000000005dc6                tfm_plat_provisioning_is_required
 .text.tfm_plat_provisioning_perform
                0x0000000000005dca        0x4 platform/libplatform_s.a(dummy_provisioning.o)
                0x0000000000005dca                tfm_plat_provisioning_perform
 .text.tfm_plat_provisioning_check_for_dummy_keys
                0x0000000000005dce        0x2 platform/libplatform_s.a(dummy_provisioning.o)
                0x0000000000005dce                tfm_plat_provisioning_check_for_dummy_keys
 .text.tfm_platform_hal_ioctl
                0x0000000000005dd0       0x7c platform/libplatform_s.a(tfm_platform_system.o)
                0x0000000000005dd0                tfm_platform_hal_ioctl
 .text.tfm_hal_ps_fs_info
                0x0000000000005e4c       0x1c platform/libplatform_s.a(tfm_hal_ps.o)
                0x0000000000005e4c                tfm_hal_ps_fs_info
 .text.tfm_hal_its_fs_info
                0x0000000000005e68       0x1c platform/libplatform_s.a(tfm_hal_its.o)
                0x0000000000005e68                tfm_hal_its_fs_info
 .text.set_nv_counter_flash
                0x0000000000005e84       0x3e platform/libplatform_s.a(nv_counters.o)
 .text.tfm_plat_init_nv_counter
                0x0000000000005ec2        0x4 platform/libplatform_s.a(nv_counters.o)
                0x0000000000005ec2                tfm_plat_init_nv_counter
 .text.tfm_plat_read_nv_counter
                0x0000000000005ec6       0x38 platform/libplatform_s.a(nv_counters.o)
                0x0000000000005ec6                tfm_plat_read_nv_counter
 .text.tfm_plat_set_nv_counter
                0x0000000000005efe       0x38 platform/libplatform_s.a(nv_counters.o)
                0x0000000000005efe                tfm_plat_set_nv_counter
 .text.tfm_plat_increment_nv_counter
                0x0000000000005f36       0x26 platform/libplatform_s.a(nv_counters.o)
                0x0000000000005f36                tfm_plat_increment_nv_counter
 .text.make_backup
                0x0000000000005f5c       0x26 platform/libplatform_s.a(flash_otp_nv_counters_backend.o)
 .text.tfm_plat_otp_init
                0x0000000000005f82        0x4 platform/libplatform_s.a(otp_flash.o)
                0x0000000000005f82                tfm_plat_otp_init
 .text.write_to_output
                0x0000000000005f86       0x2c platform/libplatform_s.a(otp_flash.o)
 .text.tfm_plat_otp_read
                0x0000000000005fb2       0x9e platform/libplatform_s.a(otp_flash.o)
                0x0000000000005fb2                tfm_plat_otp_read
 *libtfm_spm*:(SORT_BY_ALIGNMENT(.text*))
 .text.spm_log_msgval
                0x0000000000006050       0x58 secure_fw/spm/libtfm_spm.a(spm_log.o)
                0x0000000000006050                spm_log_msgval
 .text.startup.main
                0x00000000000060a8       0x68 secure_fw/spm/libtfm_spm.a(main.o)
                0x00000000000060a8                main
 .text.SVC_Handler
                0x0000000000006110       0x68 secure_fw/spm/libtfm_spm.a(tfm_arch_v8m_main.o)
                0x0000000000006110                SVC_Handler
 .text.tfm_arch_set_secure_exception_priorities
                0x0000000000006178       0x28 secure_fw/spm/libtfm_spm.a(tfm_arch_v8m_main.o)
                0x0000000000006178                tfm_arch_set_secure_exception_priorities
 .text.ns_agent_tz_main
                0x00000000000061a0       0x30 secure_fw/spm/libtfm_spm.a(ns_agent_tz_v80m.o)
                0x00000000000061a0                ns_agent_tz_main
 .text.tfm_hal_bind_boundary
                0x00000000000061d0       0x6c secure_fw/spm/libtfm_spm.a(tfm_hal_isolation.o)
                0x00000000000061d0                tfm_hal_bind_boundary
 .text.mpu_init_cfg
                0x000000000000623c      0x11c secure_fw/spm/libtfm_spm.a(tfm_hal_isolation.o)
                0x000000000000623c                mpu_init_cfg
 .text.SPU_Handler
                0x0000000000006358       0x44 secure_fw/spm/libtfm_spm.a(faults.o)
                0x0000000000006358                SPU_Handler
 .text.MPC_Handler
                0x000000000000639c       0x30 secure_fw/spm/libtfm_spm.a(faults.o)
                0x000000000000639c                MPC_Handler
 .text.MPC00_IRQHandler
                0x00000000000063cc       0x30 secure_fw/spm/libtfm_spm.a(faults.o)
                0x00000000000063cc                MPC00_IRQHandler
 .text.init_mpc_region_override
                0x00000000000063fc       0x20 secure_fw/spm/libtfm_spm.a(target_cfg.o)
 .text.nrf_gpio_pin_control_select.constprop.0
                0x000000000000641c       0x1c secure_fw/spm/libtfm_spm.a(target_cfg.o)
 .text.enable_fault_handlers
                0x0000000000006438       0x14 secure_fw/spm/libtfm_spm.a(target_cfg.o)
                0x0000000000006438                enable_fault_handlers
 .text.system_reset_cfg
                0x000000000000644c       0x18 secure_fw/spm/libtfm_spm.a(target_cfg.o)
                0x000000000000644c                system_reset_cfg
 .text.nvic_interrupt_target_state_cfg
                0x0000000000006464       0x50 secure_fw/spm/libtfm_spm.a(target_cfg.o)
                0x0000000000006464                nvic_interrupt_target_state_cfg
 .text.nvic_interrupt_enable
                0x00000000000064b4       0x50 secure_fw/spm/libtfm_spm.a(target_cfg.o)
                0x00000000000064b4                nvic_interrupt_enable
 .text.sau_and_idau_cfg
                0x0000000000006504       0x6c secure_fw/spm/libtfm_spm.a(target_cfg.o)
                0x0000000000006504                sau_and_idau_cfg
 .text.nrf_mpc_init_cfg
                0x0000000000006570       0x64 secure_fw/spm/libtfm_spm.a(target_cfg.o)
                0x0000000000006570                nrf_mpc_init_cfg
 .text.spu_periph_init_cfg
                0x00000000000065d4      0x168 secure_fw/spm/libtfm_spm.a(target_cfg.o)
                0x00000000000065d4                spu_periph_init_cfg
 .text.tfm_core_validate_boot_data
                0x000000000000673c        0xc secure_fw/spm/libtfm_spm.a(tfm_boot_data.o)
                0x000000000000673c                tfm_core_validate_boot_data
 .text.tfm_core_get_boot_data_handler
                0x0000000000006748       0x38 secure_fw/spm/libtfm_spm.a(tfm_boot_data.o)
                0x0000000000006748                tfm_core_get_boot_data_handler
 .text.tfm_spm_get_service_by_sid
                0x0000000000006780       0x2c secure_fw/spm/libtfm_spm.a(spm_ipc.o)
                0x0000000000006780                tfm_spm_get_service_by_sid
 .text.tfm_spm_check_authorization
                0x00000000000067ac       0x48 secure_fw/spm/libtfm_spm.a(spm_ipc.o)
                0x00000000000067ac                tfm_spm_check_authorization
 .text.spm_init_idle_connection
                0x00000000000067f4       0x34 secure_fw/spm/libtfm_spm.a(spm_ipc.o)
                0x00000000000067f4                spm_init_idle_connection
 .text.tfm_spm_partition_get_running_partition_id
                0x0000000000006828       0x1c secure_fw/spm/libtfm_spm.a(spm_ipc.o)
                0x0000000000006828                tfm_spm_partition_get_running_partition_id
 .text.tfm_spm_is_ns_caller
                0x0000000000006844       0x28 secure_fw/spm/libtfm_spm.a(spm_ipc.o)
                0x0000000000006844                tfm_spm_is_ns_caller
 .text.spm_get_idle_connection
                0x000000000000686c       0x78 secure_fw/spm/libtfm_spm.a(spm_ipc.o)
                0x000000000000686c                spm_get_idle_connection
 .text.tfm_spm_init
                0x00000000000068e4       0x64 secure_fw/spm/libtfm_spm.a(spm_ipc.o)
                0x00000000000068e4                tfm_spm_init
 .text.load_a_partition_assuredly
                0x0000000000006948      0x10c secure_fw/spm/libtfm_spm.a(rom_loader.o)
                0x0000000000006948                load_a_partition_assuredly
 .text.load_services_assuredly
                0x0000000000006a54       0xc4 secure_fw/spm/libtfm_spm.a(rom_loader.o)
                0x0000000000006a54                load_services_assuredly
 .text.partition_init
                0x0000000000006b18       0x1c secure_fw/spm/libtfm_spm.a(backend_ipc.o)
 .text.ns_agent_tz_init
                0x0000000000006b34       0x2c secure_fw/spm/libtfm_spm.a(backend_ipc.o)
 .text.backend_init_comp_assuredly
                0x0000000000006b60       0xb4 secure_fw/spm/libtfm_spm.a(backend_ipc.o)
                0x0000000000006b60                backend_init_comp_assuredly
 .text.backend_system_run
                0x0000000000006c14       0x30 secure_fw/spm/libtfm_spm.a(backend_ipc.o)
                0x0000000000006c14                backend_system_run
 .text.backend_abi_entering_spm
                0x0000000000006c44       0x44 secure_fw/spm/libtfm_spm.a(backend_ipc.o)
                0x0000000000006c44                backend_abi_entering_spm
 .text.ipc_schedule
                0x0000000000006c88       0x94 secure_fw/spm/libtfm_spm.a(backend_ipc.o)
                0x0000000000006c88                ipc_schedule
 .text.spm_svc_handler
                0x0000000000006d1c       0xb8 secure_fw/spm/libtfm_spm.a(tfm_svcalls.o)
                0x0000000000006d1c                spm_svc_handler
 .text.thrd_set_query_callback
                0x0000000000006dd4        0xc secure_fw/spm/libtfm_spm.a(thread.o)
                0x0000000000006dd4                thrd_set_query_callback
 .text.thrd_next
                0x0000000000006de0       0x4c secure_fw/spm/libtfm_spm.a(thread.o)
                0x0000000000006de0                thrd_next
 .text.thrd_set_state
                0x0000000000006e2c       0x28 secure_fw/spm/libtfm_spm.a(thread.o)
                0x0000000000006e2c                thrd_set_state
 .text.thrd_start
                0x0000000000006e54       0x44 secure_fw/spm/libtfm_spm.a(thread.o)
                0x0000000000006e54                thrd_start
 .text.tz_ns_agent_register_client_id_range
                0x0000000000006e98        0xc secure_fw/spm/libtfm_spm.a(tfm_spm_ns_ctx.o)
                0x0000000000006e98                tz_ns_agent_register_client_id_range
 .text.tfm_nspm_get_current_client_id
                0x0000000000006ea4       0x14 secure_fw/spm/libtfm_spm.a(tfm_spm_ns_ctx.o)
                0x0000000000006ea4                tfm_nspm_get_current_client_id
 .text.tfm_nspm_ctx_init
                0x0000000000006eb8       0x18 secure_fw/spm/libtfm_spm.a(tfm_spm_ns_ctx.o)
                0x0000000000006eb8                tfm_nspm_ctx_init
 .text.connection_to_handle
                0x0000000000006ed0       0x20 secure_fw/spm/libtfm_spm.a(spm_connection_pool.o)
                0x0000000000006ed0                connection_to_handle
 .text.handle_to_connection
                0x0000000000006ef0       0x10 secure_fw/spm/libtfm_spm.a(spm_connection_pool.o)
                0x0000000000006ef0                handle_to_connection
 .text.spm_init_connection_space
                0x0000000000006f00       0x20 secure_fw/spm/libtfm_spm.a(spm_connection_pool.o)
                0x0000000000006f00                spm_init_connection_space
 .text.spm_allocate_connection
                0x0000000000006f20        0xc secure_fw/spm/libtfm_spm.a(spm_connection_pool.o)
                0x0000000000006f20                spm_allocate_connection
 .text.spm_validate_connection
                0x0000000000006f2c       0x1c secure_fw/spm/libtfm_spm.a(spm_connection_pool.o)
                0x0000000000006f2c                spm_validate_connection
 .text.spm_free_connection
                0x0000000000006f48       0x1c secure_fw/spm/libtfm_spm.a(spm_connection_pool.o)
                0x0000000000006f48                spm_free_connection
 .text.tfm_hal_get_ns_VTOR
                0x0000000000006f64        0xc secure_fw/spm/libtfm_spm.a(tfm_hal_platform_common.o)
                0x0000000000006f64                tfm_hal_get_ns_VTOR
 .text.tfm_hal_get_ns_MSP
                0x0000000000006f70        0xc secure_fw/spm/libtfm_spm.a(tfm_hal_platform_common.o)
                0x0000000000006f70                tfm_hal_get_ns_MSP
 .text.tfm_hal_get_ns_entry_point
                0x0000000000006f7c        0xc secure_fw/spm/libtfm_spm.a(tfm_hal_platform_common.o)
                0x0000000000006f7c                tfm_hal_get_ns_entry_point
 .text.arch_acquire_sched_lock
                0x0000000000006f88       0x10 secure_fw/spm/libtfm_spm.a(tfm_arch.o)
                0x0000000000006f88                arch_acquire_sched_lock
 .text.arch_release_sched_lock
                0x0000000000006f98       0x14 secure_fw/spm/libtfm_spm.a(tfm_arch.o)
                0x0000000000006f98                arch_release_sched_lock
 .text.arch_attempt_schedule
                0x0000000000006fac       0x2c secure_fw/spm/libtfm_spm.a(tfm_arch.o)
                0x0000000000006fac                arch_attempt_schedule
 .text.tfm_arch_init_context
                0x0000000000006fd8       0x5c secure_fw/spm/libtfm_spm.a(tfm_arch.o)
                0x0000000000006fd8                tfm_arch_init_context
 .text.tfm_spm_partition_psa_wait
                0x0000000000007034       0x3c secure_fw/spm/libtfm_spm.a(psa_api.o)
                0x0000000000007034                tfm_spm_partition_psa_wait
 .text.tfm_spm_partition_psa_get
                0x0000000000007070       0xb0 secure_fw/spm/libtfm_spm.a(psa_api.o)
                0x0000000000007070                tfm_spm_partition_psa_get
 .text.tfm_pool_alloc
                0x0000000000007120       0x20 secure_fw/spm/libtfm_spm.a(tfm_pools.o)
                0x0000000000007120                tfm_pool_alloc
 .text.is_valid_chunk_data_in_pool
                0x0000000000007140       0x38 secure_fw/spm/libtfm_spm.a(tfm_pools.o)
                0x0000000000007140                is_valid_chunk_data_in_pool
 .text.spm_associate_call_params
                0x0000000000007178      0x18c secure_fw/spm/libtfm_spm.a(psa_call_api.o)
                0x0000000000007178                spm_associate_call_params
 .text.tfm_spm_partition_psa_read
                0x0000000000007304       0x74 secure_fw/spm/libtfm_spm.a(psa_read_write_skip_api.o)
                0x0000000000007304                tfm_spm_partition_psa_read
 .text.tfm_spm_partition_psa_write
                0x0000000000007378       0x78 secure_fw/spm/libtfm_spm.a(psa_read_write_skip_api.o)
                0x0000000000007378                tfm_spm_partition_psa_write
 .text.tfm_core_panic
                0x00000000000073f0        0x4 secure_fw/spm/libtfm_spm.a(utilities.o)
                0x00000000000073f0                tfm_core_panic
 .text.tfm_arch_thread_fn_call
                0x00000000000073f4       0x52 secure_fw/spm/libtfm_spm.a(tfm_arch_v8m_main.o)
                0x00000000000073f4                tfm_arch_thread_fn_call
 .text.PendSV_Handler
                0x0000000000007446       0x54 secure_fw/spm/libtfm_spm.a(tfm_arch_v8m_main.o)
                0x0000000000007446                PendSV_Handler
 .text.tfm_arch_config_extensions
                0x000000000000749a        0x2 secure_fw/spm/libtfm_spm.a(tfm_arch_v8m_main.o)
                0x000000000000749a                tfm_arch_config_extensions
 .text.tfm_hal_activate_boundary
                0x000000000000749c       0x1c secure_fw/spm/libtfm_spm.a(tfm_hal_isolation.o)
                0x000000000000749c                tfm_hal_activate_boundary
 .text.tfm_hal_memory_check
                0x00000000000074b8       0x5e secure_fw/spm/libtfm_spm.a(tfm_hal_isolation.o)
                0x00000000000074b8                tfm_hal_memory_check
 .text.tfm_hal_set_up_static_boundaries
                0x0000000000007516       0x2a secure_fw/spm/libtfm_spm.a(tfm_hal_isolation.o)
                0x0000000000007516                tfm_hal_set_up_static_boundaries
 .text.tfm_hal_boundary_need_switch
                0x0000000000007540       0x1a secure_fw/spm/libtfm_spm.a(tfm_hal_isolation.o)
                0x0000000000007540                tfm_hal_boundary_need_switch
 .text.SPU00_IRQHandler
                0x000000000000755a       0x1c secure_fw/spm/libtfm_spm.a(faults.o)
                0x000000000000755a                SPU00_IRQHandler
 .text.SPU10_IRQHandler
                0x0000000000007576       0x1c secure_fw/spm/libtfm_spm.a(faults.o)
                0x0000000000007576                SPU10_IRQHandler
 .text.SPU20_IRQHandler
                0x0000000000007592       0x1c secure_fw/spm/libtfm_spm.a(faults.o)
                0x0000000000007592                SPU20_IRQHandler
 .text.SPU30_IRQHandler
                0x00000000000075ae       0x1c secure_fw/spm/libtfm_spm.a(faults.o)
                0x00000000000075ae                SPU30_IRQHandler
 .text.mpc_configure_override.constprop.0
                0x00000000000075ca       0x34 secure_fw/spm/libtfm_spm.a(target_cfg.o)
 .text.NVIC_ClearTargetState.isra.0
                0x00000000000075fe       0x26 secure_fw/spm/libtfm_spm.a(target_cfg.o)
 .text.init_debug
                0x0000000000007624        0x4 secure_fw/spm/libtfm_spm.a(target_cfg.o)
                0x0000000000007624                init_debug
 .text.spm_get_handle_by_signal
                0x0000000000007628       0x4a secure_fw/spm/libtfm_spm.a(spm_ipc.o)
                0x0000000000007628                spm_get_handle_by_signal
 .text.tfm_spm_check_client_version
                0x0000000000007672       0x24 secure_fw/spm/libtfm_spm.a(spm_ipc.o)
                0x0000000000007672                tfm_spm_check_client_version
 .text.spm_msg_handle_to_connection
                0x0000000000007696       0x28 secure_fw/spm/libtfm_spm.a(spm_ipc.o)
                0x0000000000007696                spm_msg_handle_to_connection
 .text.tfm_spm_get_client_id
                0x00000000000076be       0x20 secure_fw/spm/libtfm_spm.a(spm_ipc.o)
                0x00000000000076be                tfm_spm_get_client_id
 .text.update_caller_outvec_len
                0x00000000000076de       0x1e secure_fw/spm/libtfm_spm.a(spm_ipc.o)
                0x00000000000076de                update_caller_outvec_len
 .text.load_irqs_assuredly
                0x00000000000076fc        0x2 secure_fw/spm/libtfm_spm.a(rom_loader.o)
                0x00000000000076fc                load_irqs_assuredly
 .text.query_state
                0x00000000000076fe       0x42 secure_fw/spm/libtfm_spm.a(backend_ipc.o)
 .text.backend_wait_signals
                0x0000000000007740       0x20 secure_fw/spm/libtfm_spm.a(backend_ipc.o)
                0x0000000000007740                backend_wait_signals
 .text.backend_assert_signal
                0x0000000000007760       0x2c secure_fw/spm/libtfm_spm.a(backend_ipc.o)
                0x0000000000007760                backend_assert_signal
 .text.backend_messaging
                0x000000000000778c       0x40 secure_fw/spm/libtfm_spm.a(backend_ipc.o)
                0x000000000000778c                backend_messaging
 .text.backend_replying
                0x00000000000077cc        0xa secure_fw/spm/libtfm_spm.a(backend_ipc.o)
                0x00000000000077cc                backend_replying
 .text.backend_abi_leaving_spm
                0x00000000000077d6       0x1e secure_fw/spm/libtfm_spm.a(backend_ipc.o)
                0x00000000000077d6                backend_abi_leaving_spm
 .text.thrd_start_scheduler
                0x00000000000077f4       0x1c secure_fw/spm/libtfm_spm.a(thread.o)
                0x00000000000077f4                thrd_start_scheduler
 .text.tfm_hal_platform_common_init
                0x0000000000007810       0x36 secure_fw/spm/libtfm_spm.a(tfm_hal_platform_common.o)
                0x0000000000007810                tfm_hal_platform_common_init
 .text.tfm_arch_free_msp_and_exc_ret
                0x0000000000007846        0x8 secure_fw/spm/libtfm_spm.a(tfm_arch.o)
                0x0000000000007846                tfm_arch_free_msp_and_exc_ret
 .text.tfm_arch_set_context_ret_code
                0x000000000000784e        0x6 secure_fw/spm/libtfm_spm.a(tfm_arch.o)
                0x000000000000784e                tfm_arch_set_context_ret_code
 .text.tfm_arch_refresh_hardware_context
                0x0000000000007854       0x16 secure_fw/spm/libtfm_spm.a(tfm_arch.o)
                0x0000000000007854                tfm_arch_refresh_hardware_context
 .text.spm_handle_programmer_errors
                0x000000000000786a       0x18 secure_fw/spm/libtfm_spm.a(psa_api.o)
                0x000000000000786a                spm_handle_programmer_errors
 .text.tfm_spm_get_lifecycle_state
                0x0000000000007882       0x40 secure_fw/spm/libtfm_spm.a(psa_api.o)
                0x0000000000007882                tfm_spm_get_lifecycle_state
 .text.tfm_spm_partition_psa_reply
                0x00000000000078c2       0x9a secure_fw/spm/libtfm_spm.a(psa_api.o)
                0x00000000000078c2                tfm_spm_partition_psa_reply
 .text.tfm_spm_partition_psa_panic
                0x000000000000795c        0xc secure_fw/spm/libtfm_spm.a(psa_api.o)
                0x000000000000795c                tfm_spm_partition_psa_panic
 .text.tfm_pool_init
                0x0000000000007968       0x5c secure_fw/spm/libtfm_spm.a(tfm_pools.o)
                0x0000000000007968                tfm_pool_init
 .text.tfm_pool_free
                0x00000000000079c4       0x14 secure_fw/spm/libtfm_spm.a(tfm_pools.o)
                0x00000000000079c4                tfm_pool_free
 .text.tfm_spm_client_psa_call
                0x00000000000079d8       0x4e secure_fw/spm/libtfm_spm.a(psa_call_api.o)
                0x00000000000079d8                tfm_spm_client_psa_call
 .text.tfm_spm_client_psa_framework_version
                0x0000000000007a26        0x6 secure_fw/spm/libtfm_spm.a(psa_version_api.o)
                0x0000000000007a26                tfm_spm_client_psa_framework_version
 .text.tfm_spm_client_psa_version
                0x0000000000007a2c       0x2c secure_fw/spm/libtfm_spm.a(psa_version_api.o)
                0x0000000000007a2c                tfm_spm_client_psa_version
 .text.tfm_spm_partition_psa_skip
                0x0000000000007a58       0x3c secure_fw/spm/libtfm_spm.a(psa_read_write_skip_api.o)
                0x0000000000007a58                tfm_spm_partition_psa_skip
 *libplatform_s*:*(.rodata*)
 .rodata.store_and_dump_context.str1.1
                0x0000000000007a94       0x8b platform/libplatform_s.a(exception_info.o)
 *fill*         0x0000000000007b1f        0x1 
 .rodata.Driver_USART30
                0x0000000000007b20       0x38 platform/libplatform_s.a(Driver_USART.o)
                0x0000000000007b20                Driver_USART30
 .rodata.UART30_pins
                0x0000000000007b58       0x10 platform/libplatform_s.a(Driver_USART.o)
 .rodata.DriverVersion
                0x0000000000007b68        0x4 platform/libplatform_s.a(Driver_USART.o)
 .rodata.CSWTCH.97
                0x0000000000007b6c        0xc platform/libplatform_s.a(nrfx_uarte.o)
 *fill*         0x0000000000007b78        0x8 
 .rodata.delay_machine_code.0
                0x0000000000007b80        0x6 platform/libplatform_s.a(nrfx_uarte.o)
 *fill*         0x0000000000007b86        0x2 
 .rodata.Driver_FLASH0
                0x0000000000007b88       0x2c platform/libplatform_s.a(Driver_Flash.o)
                0x0000000000007b88                Driver_FLASH0
 .rodata.FlashInfo
                0x0000000000007bb4       0x18 platform/libplatform_s.a(Driver_Flash.o)
 .rodata        0x0000000000007bcc        0xa platform/libplatform_s.a(Driver_Flash.o)
 *fill*         0x0000000000007bd6        0x2 
 .rodata.spu_instances
                0x0000000000007bd8       0x10 platform/libplatform_s.a(spu.o)
 .rodata.nrf_exception_info_store_context.str1.1
                0x0000000000007be8       0x16 platform/libplatform_s.a(nrf_exception_info.o)
 .rodata.tfm_hal_platform_init.str1.1
                0x0000000000007bfe       0x75 platform/libplatform_s.a(tfm_hal_platform.o)
 *fill*         0x0000000000007c73        0x1 
 .rodata.data_width_byte
                0x0000000000007c74        0xc platform/libplatform_s.a(flash_otp_nv_counters_backend.o)
 *libtfm_spm*:*(.rodata*)
 .rodata.HEX_TABLE
                0x0000000000007c80       0x10 secure_fw/spm/libtfm_spm.a(spm_log.o)
 .rodata.main.str1.1
                0x0000000000007c90       0x5d secure_fw/spm/libtfm_spm.a(main.o)
 *fill*         0x0000000000007ced        0x3 
 .rodata.memory_regions
                0x0000000000007cf0       0x14 secure_fw/spm/libtfm_spm.a(target_cfg.o)
                0x0000000000007cf0                memory_regions
 .rodata.spu_instances
                0x0000000000007d04       0x10 secure_fw/spm/libtfm_spm.a(target_cfg.o)
 .rodata        0x0000000000007d14       0x1a secure_fw/spm/libtfm_spm.a(target_cfg.o)
 *fill*         0x0000000000007d2e        0x2 
 .rodata.serv_pool_ea
                0x0000000000007d30        0x4 secure_fw/spm/libtfm_spm.a(rom_loader.o)
 .rodata.part_pool_ea
                0x0000000000007d34        0x4 secure_fw/spm/libtfm_spm.a(rom_loader.o)
 .rodata.ldinf_ea
                0x0000000000007d38        0x4 secure_fw/spm/libtfm_spm.a(rom_loader.o)
 .rodata.spm_svc_handler.str1.1
                0x0000000000007d3c       0x3b secure_fw/spm/libtfm_spm.a(tfm_svcalls.o)

.glue_7         0x0000000000007d78        0x0
 .glue_7        0x0000000000007d78        0x0 linker stubs

.glue_7t        0x0000000000007d78        0x0
 .glue_7t       0x0000000000007d78        0x0 linker stubs

.vfp11_veneer   0x0000000000007d78        0x0
 .vfp11_veneer  0x0000000000007d78        0x0 linker stubs

.v4_bx          0x0000000000007d78        0x0
 .v4_bx         0x0000000000007d78        0x0 linker stubs

.iplt           0x0000000000007d78        0x0
 .iplt          0x0000000000007d78        0x0 c:/ncs/toolchains/0b393f9e1b/opt/zephyr-sdk/arm-zephyr-eabi/bin/../lib/gcc/arm-zephyr-eabi/12.2.0/thumb/v8-m.main/nofp/crtbegin.o

.psa_interface_thread_fn_call
                0x0000000000007d78       0xb0
 .psa_interface_thread_fn_call
                0x0000000000007d78       0xb0 secure_fw/partitions/lib/runtime/libtfm_sprt.a(psa_interface_thread_fn_call.o)
                0x0000000000007d78                psa_framework_version_thread_fn_call
                0x0000000000007d84                psa_version_thread_fn_call
                0x0000000000007d90                tfm_psa_call_pack_thread_fn_call
                0x0000000000007d9c                psa_wait_thread_fn_call
                0x0000000000007da8                psa_get_thread_fn_call
                0x0000000000007db4                psa_read_thread_fn_call
                0x0000000000007dc0                psa_skip_thread_fn_call
                0x0000000000007dcc                psa_write_thread_fn_call
                0x0000000000007dd8                psa_reply_thread_fn_call
                0x0000000000007de4                psa_panic_thread_fn_call
                0x0000000000007df0                psa_rot_lifecycle_state_thread_fn_call

.TFM_UNPRIV_CODE
                0x0000000000007e40     0xae20
 *(SORT_BY_ALIGNMENT(.text*))
 .text          0x0000000000007e40       0x88 c:/ncs/toolchains/0b393f9e1b/opt/zephyr-sdk/arm-zephyr-eabi/bin/../lib/gcc/arm-zephyr-eabi/12.2.0/thumb/v8-m.main/nofp/crtbegin.o
 .text          0x0000000000007ec8       0x7c c:/ncs/toolchains/0b393f9e1b/opt/zephyr-sdk/arm-zephyr-eabi/bin/../lib/gcc/arm-zephyr-eabi/12.2.0/../../../../arm-zephyr-eabi/lib/thumb/v8-m.main/nofp/crt0.o
                0x0000000000007ec8                _stack_init
                0x0000000000007ed0                _start
                0x0000000000007ed0                _mainCRTStartup
 .text.tfm_psa_framework_version_veneer
                0x0000000000007f44       0x24 secure_fw/CMakeFiles/tfm_s.dir/partitions/ns_agent_tz/psa_api_veneers_v80m.o
                0x0000000000007f44                __acle_se_tfm_psa_framework_version_veneer
 .text.tfm_psa_version_veneer
                0x0000000000007f68       0x24 secure_fw/CMakeFiles/tfm_s.dir/partitions/ns_agent_tz/psa_api_veneers_v80m.o
                0x0000000000007f68                __acle_se_tfm_psa_version_veneer
 .text.tfm_psa_call_veneer
                0x0000000000007f8c       0x2c secure_fw/CMakeFiles/tfm_s.dir/partitions/ns_agent_tz/psa_api_veneers_v80m.o
                0x0000000000007f8c                __acle_se_tfm_psa_call_veneer
 .text.tfm_psa_connect_veneer
                0x0000000000007fb8       0x1c secure_fw/CMakeFiles/tfm_s.dir/partitions/ns_agent_tz/psa_api_veneers_v80m.o
                0x0000000000007fb8                __acle_se_tfm_psa_connect_veneer
 .text.tfm_psa_close_veneer
                0x0000000000007fd4       0x14 secure_fw/CMakeFiles/tfm_s.dir/partitions/ns_agent_tz/psa_api_veneers_v80m.o
                0x0000000000007fd4                __acle_se_tfm_psa_close_veneer
 .text.psa_framework_version
                0x0000000000007fe8       0x10 secure_fw/partitions/lib/runtime/libtfm_sprt.a(psa_api_ipc.o)
                0x0000000000007fe8                psa_framework_version
 .text.psa_version
                0x0000000000007ff8       0x10 secure_fw/partitions/lib/runtime/libtfm_sprt.a(psa_api_ipc.o)
                0x0000000000007ff8                psa_version
 .text.tfm_psa_call_pack
                0x0000000000008008       0x14 secure_fw/partitions/lib/runtime/libtfm_sprt.a(psa_api_ipc.o)
                0x0000000000008008                tfm_psa_call_pack
 .text.psa_wait
                0x000000000000801c       0x10 secure_fw/partitions/lib/runtime/libtfm_sprt.a(psa_api_ipc.o)
                0x000000000000801c                psa_wait
 .text.psa_get  0x000000000000802c       0x10 secure_fw/partitions/lib/runtime/libtfm_sprt.a(psa_api_ipc.o)
                0x000000000000802c                psa_get
 .text.psa_read
                0x000000000000803c       0x14 secure_fw/partitions/lib/runtime/libtfm_sprt.a(psa_api_ipc.o)
                0x000000000000803c                psa_read
 .text.psa_write
                0x0000000000008050       0x14 secure_fw/partitions/lib/runtime/libtfm_sprt.a(psa_api_ipc.o)
                0x0000000000008050                psa_write
 .text.psa_reply
                0x0000000000008064       0x10 secure_fw/partitions/lib/runtime/libtfm_sprt.a(psa_api_ipc.o)
                0x0000000000008064                psa_reply
 .text.psa_panic
                0x0000000000008074       0x10 secure_fw/partitions/lib/runtime/libtfm_sprt.a(psa_api_ipc.o)
                0x0000000000008074                psa_panic
 .text.verify_header
                0x0000000000008084       0x40 secure_fw/partitions/crypto/mbedcrypto/nrf_security_src/libcrypto_service_mbedcrypto.a(memory_buffer_alloc.o)
 .text.verify_chain
                0x00000000000080c4       0x3c secure_fw/partitions/crypto/mbedcrypto/nrf_security_src/libcrypto_service_mbedcrypto.a(memory_buffer_alloc.o)
 .text.buffer_alloc_calloc
                0x0000000000008100       0xf4 secure_fw/partitions/crypto/mbedcrypto/nrf_security_src/libcrypto_service_mbedcrypto.a(memory_buffer_alloc.o)
 .text.buffer_alloc_free
                0x00000000000081f4       0xe8 secure_fw/partitions/crypto/mbedcrypto/nrf_security_src/libcrypto_service_mbedcrypto.a(memory_buffer_alloc.o)
 .text.mbedtls_memory_buffer_alloc_init
                0x00000000000082dc       0x64 secure_fw/partitions/crypto/mbedcrypto/nrf_security_src/libcrypto_service_mbedcrypto.a(memory_buffer_alloc.o)
                0x00000000000082dc                mbedtls_memory_buffer_alloc_init
 .text.vprintf  0x0000000000008340       0xfc secure_fw/partitions/lib/runtime/libtfm_sp_log.a(tfm_sp_log_raw.o)